04-20 11:40:17.636  2389  4177 I chatty  : uid=10144(android.ext.services) pool-2-thread-1 identical 95 lines
04-20 11:40:17.640  2389  4177 D TextClassifierService: No configured system TextClassifierService
04-20 11:40:17.705  2389  4177 D TextClassifierService: No configured system TextClassifierService
04-20 11:40:18.156  2389  4177 D TextClassifierService: No configured system TextClassifierService
04-20 11:40:23.067  1035  1552 I chatty  : uid=1000(system) Binder:1035_3 expire 6 lines
04-20 11:40:24.810  2389  4177 D TextClassifierService: No configured system TextClassifierService
04-20 11:40:57.047  2389  4177 D TextClassifierService: No configured system TextClassifierService
04-20 11:40:57.587  1035  1312 I chatty  : uid=1000(system) PowerManagerSer expire 10 lines
04-20 11:41:01.317  2389  4177 D TextClassifierService: No configured system TextClassifierService
04-20 11:41:01.368  2389  4177 I chatty  : uid=10144(android.ext.services) pool-2-thread-1 identical 60 lines
04-20 11:41:01.372  2389  4177 D TextClassifierService: No configured system TextClassifierService
04-20 11:41:04.142  1035  1284 I chatty  : uid=1000(system) batterystats-wo expire 5 lines
04-20 11:41:04.579  1035  1035 I chatty  : uid=1000 system_server expire 10 lines
04-20 11:41:05.122  1035  1196 I chatty  : uid=1000(system) android.display expire 8 lines
04-20 11:41:05.157  1285  1611 D QMI_FW  : chen-screen off: is_screen_off = 1 
04-20 11:41:05.161  1268  1440 D QMI_FW  : chen-screen off: is_screen_off = 1 
04-20 11:41:05.383  1035  1118 I chatty  : uid=1000(system) android.fg expire 4 lines
04-20 11:41:05.624  2389  4177 D TextClassifierService: No configured system TextClassifierService
04-20 11:41:05.639  2389  4177 D TextClassifierService: No configured system TextClassifierService
04-20 11:41:05.643  2389  4177 D TextClassifierService: No configured system TextClassifierService
04-20 11:41:05.663  2389  4177 D TextClassifierService: No configured system TextClassifierService
04-20 11:41:05.700  2389  4177 D TextClassifierService: No configured system TextClassifierService
04-20 11:41:05.702  2389  4177 D TextClassifierService: No configured system TextClassifierService
04-20 11:41:10.815  2389  4177 D TextClassifierService: No configured system TextClassifierService
04-20 11:41:21.271  2389  4177 D TextClassifierService: No configured system TextClassifierService
04-20 11:41:21.636  1035  1312 I chatty  : uid=1000(system) PowerManagerSer expire 12 lines
04-20 11:41:21.732  1268  1440 D QMI_FW  : chen-screen on: is_screen_off = 0 
04-20 11:41:21.743  1285  1611 D QMI_FW  : chen-screen on: is_screen_off = 0 
04-20 11:41:21.849  2282  2282 I Telephony: : onSubscriptionsChanged - update accounts
04-20 11:41:21.849  2282  2282 I Telephony: PstnIncomingCallNotifier: Unregistering: Handler (com.qualcomm.qti.internal.telephony.QtiGsmCdmaPhone) {7faf73a}
04-20 11:41:21.858  2282  2282 I Telephony: PstnIncomingCallNotifier: Unregistering: Handler (com.qualcomm.qti.internal.telephony.QtiGsmCdmaPhone) {e0b1feb}
04-20 11:41:21.859  2282  2282 I Telephony: TelecomAccountRegistry: setupAccounts: Found 2 phones.  Attempting to register.
04-20 11:41:21.860  2282  2282 I Telephony: TelecomAccountRegistry: setupAccounts: Phone with subscription id 1
04-20 11:41:21.868  1035  1516 I chatty  : uid=1000(system) NetworkPolicy expire 1 line
04-20 11:41:21.873  1035  3014 I chatty  : uid=1000(system) Binder:1035_12 expire 4 lines
04-20 11:41:21.875  2282  2282 I Telephony: AccountEntry: Registered phoneAccount: [[ ] PhoneAccount: ComponentInfo{com.android.phone/com.android.services.telephony.TelephonyConnectionService}, ***, UserHandle{0} Capabilities: SuppVideo Video CallProvider MultiUser PlaceEmerg SimSub  Audio Routes: BESW Schemes: tel voicemail  Extras: Bundle[{android.telecom.extra.SUPPORTS_VIDEO_CALLING_FALLBACK=true, android.telecom.extra.SORT_ORDER=0}] GroupId: ***] with handle: ComponentInfo{com.android.phone/com.android.services.telephony.TelephonyConnectionService}, ***, UserHandle{0}
04-20 11:41:21.875  2282  2282 I Telephony: PstnIncomingCallNotifier: Registering: Handler (com.qualcomm.qti.internal.telephony.QtiGsmCdmaPhone) {7faf73a}
04-20 11:41:21.877  2282  2282 I Telephony: TelecomAccountRegistry: setupAccounts: Phone with subscription id 2
04-20 11:41:21.886  1035  1055 I chatty  : uid=1000(system) Binder:1035_2 expire 2 lines
04-20 11:41:21.888  2282  2282 I Telephony: AccountEntry: Registered phoneAccount: [[ ] PhoneAccount: ComponentInfo{com.android.phone/com.android.services.telephony.TelephonyConnectionService}, ***, UserHandle{0} Capabilities: SuppVideo Video CallProvider MultiUser PlaceEmerg SimSub  Audio Routes: BESW Schemes: tel voicemail  Extras: Bundle[{android.telecom.extra.SUPPORTS_VIDEO_CALLING_FALLBACK=true, android.telecom.extra.SORT_ORDER=1}] GroupId: ***] with handle: ComponentInfo{com.android.phone/com.android.services.telephony.TelephonyConnectionService}, ***, UserHandle{0}
04-20 11:41:21.888  2282  2282 I Telephony: PstnIncomingCallNotifier: Registering: Handler (com.qualcomm.qti.internal.telephony.QtiGsmCdmaPhone) {e0b1feb}
04-20 11:41:21.927  2282  2282 I Telephony: PstnPhoneCapabilitiesNotifier: handleVideoCapabilitesChanged. Video capability - true
04-20 11:41:21.945  1035  5743 I chatty  : uid=1000(system) Binder:1035_1C expire 11 lines
04-20 11:41:21.950  2282  2282 I Telephony: PstnPhoneCapabilitiesNotifier: handleVideoCapabilitesChanged. Video capability - true
04-20 11:41:22.770  2389  4177 D TextClassifierService: No configured system TextClassifierService
04-20 11:41:22.822  2389  4177 I chatty  : uid=10144(android.ext.services) pool-2-thread-1 identical 16 lines
04-20 11:41:22.825  2389  4177 D TextClassifierService: No configured system TextClassifierService
04-20 11:41:27.373  1268  1440 D QMI_FW  : chen-screen off: is_screen_off = 1 
04-20 11:41:27.374  1285  1611 D QMI_FW  : chen-screen off: is_screen_off = 1 
04-20 11:41:28.617  1035  1256 I chatty  : uid=1000(system) ActivityManager expire 15 lines
04-20 11:41:28.672  2389  4177 D TextClassifierService: No configured system TextClassifierService
04-20 11:41:28.719  2389  4177 D TextClassifierService: No configured system TextClassifierService
04-20 11:41:35.505  2389  4177 D TextClassifierService: No configured system TextClassifierService
04-20 11:41:52.834  2389  4177 I chatty  : uid=10144(android.ext.services) pool-2-thread-1 identical 16 lines
04-20 11:41:52.837  2389  4177 D TextClassifierService: No configured system TextClassifierService
04-20 11:42:03.941  2389  4177 D TextClassifierService: No configured system TextClassifierService
04-20 11:42:05.102  2389  4177 I chatty  : uid=10144(android.ext.services) pool-2-thread-1 identical 26 lines
04-20 11:42:05.106  2389  4177 D TextClassifierService: No configured system TextClassifierService
04-20 11:42:05.577  2389  4177 D TextClassifierService: No configured system TextClassifierService
04-20 11:42:05.583  2389  4177 D TextClassifierService: No configured system TextClassifierService
04-20 11:42:05.711  1035  1035 I chatty  : uid=1000 system_server expire 12 lines
04-20 11:42:05.830  1285  1611 D QMI_FW  : chen-screen on: is_screen_off = 0 
04-20 11:42:05.836  1268  1440 D QMI_FW  : chen-screen on: is_screen_off = 0 
04-20 11:42:11.458  1268  1440 D QMI_FW  : chen-screen off: is_screen_off = 1 
04-20 11:42:11.470  1285  1611 D QMI_FW  : chen-screen off: is_screen_off = 1 
04-20 11:42:13.730  2389  4177 D TextClassifierService: No configured system TextClassifierService
04-20 11:42:13.792  2389  4177 D TextClassifierService: No configured system TextClassifierService
04-20 11:42:17.254  2002  2002 W FingerprintManager: Invalid acquired message: 6, 0
04-20 11:42:17.345  1035  3496 I chatty  : uid=1000(system) Binder:1035_14 expire 1 line
04-20 11:42:17.382  1035  1312 I chatty  : uid=1000(system) PowerManagerSer expire 5 lines
04-20 11:42:17.438  1035  2706 I chatty  : uid=1000(system) Binder:1035_10 expire 1 line
04-20 11:42:17.449  1285  1611 D QMI_FW  : chen-screen on: is_screen_off = 0 
04-20 11:42:17.451  1268  1440 D QMI_FW  : chen-screen on: is_screen_off = 0 
04-20 11:42:17.496  1035  5740 I chatty  : uid=1000(system) Binder:1035_1A expire 1 line
04-20 11:42:17.641  1035  1257 I chatty  : uid=1000(system) ActivityManager expire 2 lines
04-20 11:42:19.742 32669 32669 E LoadedApk: Unable to instantiate appComponentFactory
04-20 11:42:19.742 32669 32669 E LoadedApk: java.lang.ClassNotFoundException: Didn't find class "androidx.core.app.CoreComponentFactory" on path: DexPathList[[zip file "/data/app/com.instagram.android-7bpvEUzK634KrVBInEJntQ==/base.apk", zip file "/data/app/com.instagram.android-7bpvEUzK634KrVBInEJntQ==/split_arservicesforpersonsegmentation.apk", zip file "/data/app/com.instagram.android-7bpvEUzK634KrVBInEJntQ==/split_caffe2.apk", zip file "/data/app/com.instagram.android-7bpvEUzK634KrVBInEJntQ==/split_slam.apk"],nativeLibraryDirectories=[/data/app/com.instagram.android-7bpvEUzK634KrVBInEJntQ==/lib/arm64, /data/app/com.instagram.android-7bpvEUzK634KrVBInEJntQ==/base.apk!/lib/arm64-v8a, /data/app/com.instagram.android-7bpvEUzK634KrVBInEJntQ==/split_arservicesforpersonsegmentation.apk!/lib/arm64-v8a, /data/app/com.instagram.android-7bpvEUzK634KrVBInEJntQ==/split_caffe2.apk!/lib/arm64-v8a, /data/app/com.instagram.android-7bpvEUzK634KrVBInEJntQ==/split_slam.apk!/lib/arm64-v8a, /system/lib64, /system/product/lib64]]
04-20 11:42:19.742 32669 32669 E LoadedApk: 	at dalvik.system.BaseDexClassLoader.findClass(BaseDexClassLoader.java:196)
04-20 11:42:19.742 32669 32669 E LoadedApk: 	at java.lang.ClassLoader.loadClass(ClassLoader.java:379)
04-20 11:42:19.742 32669 32669 E LoadedApk: 	at java.lang.ClassLoader.loadClass(ClassLoader.java:312)
04-20 11:42:19.742 32669 32669 E LoadedApk: 	at android.app.LoadedApk.createAppFactory(LoadedApk.java:256)
04-20 11:42:19.742 32669 32669 E LoadedApk: 	at android.app.LoadedApk.createOrUpdateClassLoaderLocked(LoadedApk.java:860)
04-20 11:42:19.742 32669 32669 E LoadedApk: 	at android.app.LoadedApk.getClassLoader(LoadedApk.java:955)
04-20 11:42:19.742 32669 32669 E LoadedApk: 	at android.app.LoadedApk.getResources(LoadedApk.java:1193)
04-20 11:42:19.742 32669 32669 E LoadedApk: 	at android.app.ContextImpl.createAppContext(ContextImpl.java:2462)
04-20 11:42:19.742 32669 32669 E LoadedApk: 	at android.app.ContextImpl.createAppContext(ContextImpl.java:2454)
04-20 11:42:19.742 32669 32669 E LoadedApk: 	at android.app.ActivityThread.handleBindApplication(ActivityThread.java:6353)
04-20 11:42:19.742 32669 32669 E LoadedApk: 	at android.app.ActivityThread.access$1300(ActivityThread.java:220)
04-20 11:42:19.742 32669 32669 E LoadedApk: 	at android.app.ActivityThread$H.handleMessage(ActivityThread.java:1860)
04-20 11:42:19.742 32669 32669 E LoadedApk: 	at android.os.Handler.dispatchMessage(Handler.java:107)
04-20 11:42:19.742 32669 32669 E LoadedApk: 	at android.os.Looper.loop(Looper.java:214)
04-20 11:42:19.742 32669 32669 E LoadedApk: 	at android.app.ActivityThread.main(ActivityThread.java:7397)
04-20 11:42:19.742 32669 32669 E LoadedApk: 	at java.lang.reflect.Method.invoke(Native Method)
04-20 11:42:19.742 32669 32669 E LoadedApk: 	at com.android.internal.os.RuntimeInit$MethodAndArgsCaller.run(RuntimeInit.java:492)
04-20 11:42:19.742 32669 32669 E LoadedApk: 	at com.android.internal.os.ZygoteInit.main(ZygoteInit.java:915)
04-20 11:42:19.742 32669 32669 E LoadedApk: 	Suppressed: java.io.IOException: No original dex files found for dex location /data/app/com.instagram.android-7bpvEUzK634KrVBInEJntQ==/split_arservicesforpersonsegmentation.apk
04-20 11:42:19.742 32669 32669 E LoadedApk: 		at dalvik.system.DexFile.openDexFileNative(Native Method)
04-20 11:42:19.742 32669 32669 E LoadedApk: 		at dalvik.system.DexFile.openDexFile(DexFile.java:365)
04-20 11:42:19.742 32669 32669 E LoadedApk: 		at dalvik.system.DexFile.<init>(DexFile.java:107)
04-20 11:42:19.742 32669 32669 E LoadedApk: 		at dalvik.system.DexFile.<init>(DexFile.java:80)
04-20 11:42:19.742 32669 32669 E LoadedApk: 		at dalvik.system.DexPathList.loadDexFile(DexPathList.java:444)
04-20 11:42:19.742 32669 32669 E LoadedApk: 		at dalvik.system.DexPathList.makeDexElements(DexPathList.java:403)
04-20 11:42:19.742 32669 32669 E LoadedApk: 		at dalvik.system.DexPathList.<init>(DexPathList.java:164)
04-20 11:42:19.742 32669 32669 E LoadedApk: 		at dalvik.system.BaseDexClassLoader.<init>(BaseDexClassLoader.java:126)
04-20 11:42:19.742 32669 32669 E LoadedApk: 		at dalvik.system.BaseDexClassLoader.<init>(BaseDexClassLoader.java:101)
04-20 11:42:19.742 32669 32669 E LoadedApk: 		at dalvik.system.PathClassLoader.<init>(PathClassLoader.java:74)
04-20 11:42:19.742 32669 32669 E LoadedApk: 		at com.android.internal.os.ClassLoaderFactory.createClassLoader(ClassLoaderFactory.java:87)
04-20 11:42:19.742 32669 32669 E LoadedApk: 		at com.android.internal.os.ClassLoaderFactory.createClassLoader(ClassLoaderFactory.java:116)
04-20 11:42:19.742 32669 32669 E LoadedApk: 		at android.app.ApplicationLoaders.getClassLoader(ApplicationLoaders.java:114)
04-20 11:42:19.742 32669 32669 E LoadedApk: 		at android.app.ApplicationLoaders.getClassLoaderWithSharedLibraries(ApplicationLoaders.java:60)
04-20 11:42:19.742 32669 32669 E LoadedApk: 		at android.app.LoadedApk.createOrUpdateClassLoaderLocked(LoadedApk.java:856)
04-20 11:42:19.742 32669 32669 E LoadedApk: 		... 13 more
04-20 11:42:19.742 32669 32669 E LoadedApk: 	Suppressed: java.io.IOException: No original dex files found for dex location /data/app/com.instagram.android-7bpvEUzK634KrVBInEJntQ==/split_caffe2.apk
04-20 11:42:19.742 32669 32669 E LoadedApk: 		at dalvik.system.DexFile.openDexFileNative(Native Method)
04-20 11:42:19.742 32669 32669 E LoadedApk: 		at dalvik.system.DexFile.openDexFile(DexFile.java:365)
04-20 11:42:19.742 32669 32669 E LoadedApk: 		at dalvik.system.DexFile.<init>(DexFile.java:107)
04-20 11:42:19.742 32669 32669 E LoadedApk: 		at dalvik.system.DexFile.<init>(DexFile.java:80)
04-20 11:42:19.742 32669 32669 E LoadedApk: 		at dalvik.system.DexPathList.loadDexFile(DexPathList.java:444)
04-20 11:42:19.742 32669 32669 E LoadedApk: 		at dalvik.system.DexPathList.makeDexElements(DexPathList.java:403)
04-20 11:42:19.742 32669 32669 E LoadedApk: 		at dalvik.system.DexPathList.<init>(DexPathList.java:164)
04-20 11:42:19.742 32669 32669 E LoadedApk: 		at dalvik.system.Base
04-20 11:42:23.471  1035  1256 I chatty  : uid=1000(system) ActivityManager expire 2 lines
04-20 11:42:29.594  1035  5735 I chatty  : uid=1000(system) Binder:1035_18 expire 1 line
04-20 11:42:31.430  1035  2729 I chatty  : uid=1000(system) Binder:1035_11 expire 3 lines
04-20 11:42:31.963 15534 15534 W FingerprintManager: Invalid acquired message: 6, 0
04-20 11:42:32.032  1035  1035 I chatty  : uid=1000 system_server expire 4 lines
04-20 11:42:35.673   640   718 I GlobalScreenshot: Screenshot Intelligence not enabled, returning empty list.
04-20 11:42:36.748  2389  4177 D TextClassifierService: No configured system TextClassifierService
04-20 11:42:36.863  2389  4177 I chatty  : uid=10144(android.ext.services) pool-2-thread-1 identical 8 lines
04-20 11:42:36.865  2389  4177 D TextClassifierService: No configured system TextClassifierService
04-20 11:42:43.285  1035  2163 I chatty  : uid=1000(system) Binder:1035_7 expire 1 line
04-20 11:43:18.310  1035  1055 I chatty  : uid=1000(system) Binder:1035_2 expire 5 lines
04-20 11:43:18.353  1035  2729 I chatty  : uid=1000(system) Binder:1035_11 expire 1 line
04-20 11:43:18.456  1035  1257 I chatty  : uid=1000(system) ActivityManager expire 7 lines
04-20 11:43:18.512  1035  2702 I chatty  : uid=1000(system) Binder:1035_D expire 1 line
04-20 11:43:28.039  1035  5740 I chatty  : uid=1000(system) Binder:1035_1A expire 4 lines
04-20 11:43:32.263  1035  5741 I chatty  : uid=1000(system) Binder:1035_1B expire 1 line
04-20 11:43:32.264  1035  1523 I chatty  : uid=1000(system) ConnectivitySer expire 2 lines
04-20 11:43:32.287  1035  1035 I chatty  : uid=1000 system_server expire 10 lines
04-20 11:43:51.954  2389  4177 D TextClassifierService: No configured system TextClassifierService
04-20 11:43:54.045  2389  4177 I chatty  : uid=10144(android.ext.services) pool-2-thread-1 identical 8 lines
04-20 11:43:54.060  2389  4177 D TextClassifierService: No configured system TextClassifierService
04-20 11:43:56.148  1035  3507 I chatty  : uid=1000(system) Binder:1035_16 expire 2 lines
04-20 11:43:56.470  1035  1256 I chatty  : uid=1000(system) ActivityManager expire 10 lines
04-20 11:44:01.161  1035  1284 I chatty  : uid=1000(system) batterystats-wo expire 7 lines
04-20 11:44:06.126  1035  1254 I chatty  : uid=1000(system) android.bg expire 2 lines
04-20 11:44:06.159  1035  1196 I chatty  : uid=1000(system) android.display expire 6 lines
04-20 11:44:23.609  1035  2701 I chatty  : uid=1000(system) Binder:1035_C expire 2 lines
04-20 11:44:59.230  1035  1312 I chatty  : uid=1000(system) PowerManagerSer expire 10 lines
04-20 11:45:27.321  1035  1552 I chatty  : uid=1000(system) Binder:1035_3 expire 2 lines
04-20 11:46:06.658  1035  2268 I chatty  : uid=1000(system) BluetoothRouteM expire 1 line
04-20 11:46:06.658  1035  2283 I chatty  : uid=1000(system) uteStateMachine expire 12 lines
04-20 11:46:08.514  1035  2697 I chatty  : uid=1000(system) Binder:1035_B expire 6 lines
04-20 11:46:08.559  1035  5746 I chatty  : uid=1000(system) Binder:1035_1D expire 6 lines
04-20 11:46:08.725  2282  2282 I Telephony: : onSubscriptionsChanged - update accounts
04-20 11:46:08.725  2282  2282 I Telephony: PstnIncomingCallNotifier: Unregistering: Handler (com.qualcomm.qti.internal.telephony.QtiGsmCdmaPhone) {7faf73a}
04-20 11:46:08.728  2282  2282 I Telephony: PstnIncomingCallNotifier: Unregistering: Handler (com.qualcomm.qti.internal.telephony.QtiGsmCdmaPhone) {e0b1feb}
04-20 11:46:08.731  2282  2282 I Telephony: TelecomAccountRegistry: setupAccounts: Found 2 phones.  Attempting to register.
04-20 11:46:08.731  2282  2282 I Telephony: TelecomAccountRegistry: setupAccounts: Phone with subscription id 1
04-20 11:46:08.764  1035  1516 I chatty  : uid=1000(system) NetworkPolicy expire 2 lines
04-20 11:46:08.764  2282  2282 I Telephony: AccountEntry: Registered phoneAccount: [[ ] PhoneAccount: ComponentInfo{com.android.phone/com.android.services.telephony.TelephonyConnectionService}, ***, UserHandle{0} Capabilities: SuppVideo Video CallProvider MultiUser PlaceEmerg SimSub  Audio Routes: BESW Schemes: tel voicemail  Extras: Bundle[{android.telecom.extra.SUPPORTS_VIDEO_CALLING_FALLBACK=true, android.telecom.extra.SORT_ORDER=0}] GroupId: ***] with handle: ComponentInfo{com.android.phone/com.android.services.telephony.TelephonyConnectionService}, ***, UserHandle{0}
04-20 11:46:08.764  2282  2282 I Telephony: PstnIncomingCallNotifier: Registering: Handler (com.qualcomm.qti.internal.telephony.QtiGsmCdmaPhone) {7faf73a}
04-20 11:46:08.769  2282  2282 I Telephony: TelecomAccountRegistry: setupAccounts: Phone with subscription id 2
04-20 11:46:08.788  2282  2282 I Telephony: AccountEntry: Registered phoneAccount: [[ ] PhoneAccount: ComponentInfo{com.android.phone/com.android.services.telephony.TelephonyConnectionService}, ***, UserHandle{0} Capabilities: SuppVideo Video CallProvider MultiUser PlaceEmerg SimSub  Audio Routes: BESW Schemes: tel voicemail  Extras: Bundle[{android.telecom.extra.SUPPORTS_VIDEO_CALLING_FALLBACK=true, android.telecom.extra.SORT_ORDER=1}] GroupId: ***] with handle: ComponentInfo{com.android.phone/com.android.services.telephony.TelephonyConnectionService}, ***, UserHandle{0}
04-20 11:46:08.788  2282  2282 I Telephony: PstnIncomingCallNotifier: Registering: Handler (com.qualcomm.qti.internal.telephony.QtiGsmCdmaPhone) {e0b1feb}
04-20 11:46:08.809  2282  2282 I Telephony: PstnPhoneCapabilitiesNotifier: handleVideoCapabilitesChanged. Video capability - true
04-20 11:46:08.823  2282  2282 I Telephony: PstnPhoneCapabilitiesNotifier: handleVideoCapabilitesChanged. Video capability - true
04-20 11:46:09.334  1035  2703 I chatty  : uid=1000(system) Binder:1035_E expire 3 lines
04-20 11:46:10.784  1035  1256 I chatty  : uid=1000(system) ActivityManager expire 11 lines
04-20 11:46:13.978  2002  2002 V DeadZone: consuming errant click: (124.0,26.0)
04-20 11:46:13.981  2002  2002 V DeadZone: consuming errant click: (124.0,26.0)
04-20 11:46:46.564  2389  4177 D TextClassifierService: No configured system TextClassifierService
04-20 11:46:46.682  2389  4177 D TextClassifierService: No configured system TextClassifierService
04-20 11:47:16.091  1285  1611 D QMI_FW  : chen-screen off: is_screen_off = 1 
04-20 11:47:16.092  1268  1440 D QMI_FW  : chen-screen off: is_screen_off = 1 
04-20 11:47:16.312  1035  1312 I chatty  : uid=1000(system) PowerManagerSer expire 10 lines
04-20 11:47:16.314  1035  1118 I chatty  : uid=1000(system) android.fg expire 3 lines
04-20 11:47:27.561  1035  1515 I chatty  : uid=1000(system) NetworkStats expire 1 line
04-20 11:47:27.656  1035  3496 I chatty  : uid=1000(system) Binder:1035_14 expire 6 lines
04-20 11:47:31.211  2389  4177 D TextClassifierService: No configured system TextClassifierService
04-20 11:47:31.228  2389  4177 D TextClassifierService: No configured system TextClassifierService
04-20 11:47:31.605  1285  1611 D QMI_FW  : chen-screen on: is_screen_off = 0 
04-20 11:47:31.615  1268  1440 D QMI_FW  : chen-screen on: is_screen_off = 0 
04-20 11:47:31.735  2282  2282 I Telephony: : onSubscriptionsChanged - update accounts
04-20 11:47:31.735  2282  2282 I Telephony: PstnIncomingCallNotifier: Unregistering: Handler (com.qualcomm.qti.internal.telephony.QtiGsmCdmaPhone) {7faf73a}
04-20 11:47:31.737  2282  2282 I Telephony: PstnIncomingCallNotifier: Unregistering: Handler (com.qualcomm.qti.internal.telephony.QtiGsmCdmaPhone) {e0b1feb}
04-20 11:47:31.738  2282  2282 I Telephony: TelecomAccountRegistry: setupAccounts: Found 2 phones.  Attempting to register.
04-20 11:47:31.738  2282  2282 I Telephony: TelecomAccountRegistry: setupAccounts: Phone with subscription id 1
04-20 11:47:31.755  1035  2663 I chatty  : uid=1000(system) Binder:1035_A expire 6 lines
04-20 11:47:31.757  2282  2282 I Telephony: AccountEntry: Registered phoneAccount: [[ ] PhoneAccount: ComponentInfo{com.android.phone/com.android.services.telephony.TelephonyConnectionService}, ***, UserHandle{0} Capabilities: SuppVideo Video CallProvider MultiUser PlaceEmerg SimSub  Audio Routes: BESW Schemes: tel voicemail  Extras: Bundle[{android.telecom.extra.SUPPORTS_VIDEO_CALLING_FALLBACK=true, android.telecom.extra.SORT_ORDER=0}] GroupId: ***] with handle: ComponentInfo{com.android.phone/com.android.services.telephony.TelephonyConnectionService}, ***, UserHandle{0}
04-20 11:47:31.757  2282  2282 I Telephony: PstnIncomingCallNotifier: Registering: Handler (com.qualcomm.qti.internal.telephony.QtiGsmCdmaPhone) {7faf73a}
04-20 11:47:31.760  2282  2282 I Telephony: TelecomAccountRegistry: setupAccounts: Phone with subscription id 2
04-20 11:47:31.772  2282  2282 I Telephony: AccountEntry: Registered phoneAccount: [[ ] PhoneAccount: ComponentInfo{com.android.phone/com.android.services.telephony.TelephonyConnectionService}, ***, UserHandle{0} Capabilities: SuppVideo Video CallProvider MultiUser PlaceEmerg SimSub  Audio Routes: BESW Schemes: tel voicemail  Extras: Bundle[{android.telecom.extra.SUPPORTS_VIDEO_CALLING_FALLBACK=true, android.telecom.extra.SORT_ORDER=1}] GroupId: ***] with handle: ComponentInfo{com.android.phone/com.android.services.telephony.TelephonyConnectionService}, ***, UserHandle{0}
04-20 11:47:31.773  2282  2282 I Telephony: PstnIncomingCallNotifier: Registering: Handler (com.qualcomm.qti.internal.telephony.QtiGsmCdmaPhone) {e0b1feb}
04-20 11:47:31.808  2282  2282 I Telephony: PstnPhoneCapabilitiesNotifier: handleVideoCapabilitesChanged. Video capability - true
04-20 11:47:31.831  2282  2282 I Telephony: PstnPhoneCapabilitiesNotifier: handleVideoCapabilitesChanged. Video capability - true
04-20 11:47:33.773  1035  1256 I chatty  : uid=1000(system) ActivityManager expire 2 lines
04-20 11:47:36.880  2389  4177 D TextClassifierService: No configured system TextClassifierService
04-20 11:47:36.895  2389  4177 D TextClassifierService: No configured system TextClassifierService
04-20 11:47:42.145  1285  1611 D QMI_FW  : chen-screen off: is_screen_off = 1 
04-20 11:47:42.153  1268  1440 D QMI_FW  : chen-screen off: is_screen_off = 1 
04-20 11:47:42.903  1035  1035 I chatty  : uid=1000 system_server expire 19 lines
04-20 11:47:59.444  2986  2986 E LoadedApk: Unable to instantiate appComponentFactory
04-20 11:47:59.444  2986  2986 E LoadedApk: java.lang.ClassNotFoundException: Didn't find class "androidx.core.app.CoreComponentFactory" on path: DexPathList[[zip file "/data/app/com.facebook.katana-OkCyUTf2Cdmq6p570nRIkQ==/base.apk", zip file "/data/app/com.facebook.katana-OkCyUTf2Cdmq6p570nRIkQ==/split_arservicesoptional.apk", zip file "/data/app/com.facebook.katana-OkCyUTf2Cdmq6p570nRIkQ==/split_caffe2.apk", zip file "/data/app/com.facebook.katana-OkCyUTf2Cdmq6p570nRIkQ==/split_cgnativeplayer.apk", zip file "/data/app/com.facebook.katana-OkCyUTf2Cdmq6p570nRIkQ==/split_slam.apk"],nativeLibraryDirectories=[/data/app/com.facebook.katana-OkCyUTf2Cdmq6p570nRIkQ==/lib/arm64, /data/app/com.facebook.katana-OkCyUTf2Cdmq6p570nRIkQ==/base.apk!/lib/arm64-v8a, /data/app/com.facebook.katana-OkCyUTf2Cdmq6p570nRIkQ==/split_arservicesoptional.apk!/lib/arm64-v8a, /data/app/com.facebook.katana-OkCyUTf2Cdmq6p570nRIkQ==/split_caffe2.apk!/lib/arm64-v8a, /data/app/com.facebook.katana-OkCyUTf2Cdmq6p570nRIkQ==/split_cgnativeplayer.apk!/lib/arm64-v8a, /data/app/com.facebook.katana-OkCyUTf2Cdmq6p570nRIkQ==/split_slam.apk!/lib/arm64-v8a, /system/lib64, /system/product/lib64]]
04-20 11:47:59.444  2986  2986 E LoadedApk: 	at dalvik.system.BaseDexClassLoader.findClass(BaseDexClassLoader.java:196)
04-20 11:47:59.444  2986  2986 E LoadedApk: 	at java.lang.ClassLoader.loadClass(ClassLoader.java:379)
04-20 11:47:59.444  2986  2986 E LoadedApk: 	at java.lang.ClassLoader.loadClass(ClassLoader.java:312)
04-20 11:47:59.444  2986  2986 E LoadedApk: 	at android.app.LoadedApk.createAppFactory(LoadedApk.java:256)
04-20 11:47:59.444  2986  2986 E LoadedApk: 	at android.app.LoadedApk.createOrUpdateClassLoaderLocked(LoadedApk.java:860)
04-20 11:47:59.444  2986  2986 E LoadedApk: 	at android.app.LoadedApk.getClassLoader(LoadedApk.java:955)
04-20 11:47:59.444  2986  2986 E LoadedApk: 	at android.app.LoadedApk.getResources(LoadedApk.java:1193)
04-20 11:47:59.444  2986  2986 E LoadedApk: 	at android.app.ContextImpl.createAppContext(ContextImpl.java:2462)
04-20 11:47:59.444  2986  2986 E LoadedApk: 	at android.app.ContextImpl.createAppContext(ContextImpl.java:2454)
04-20 11:47:59.444  2986  2986 E LoadedApk: 	at android.app.ActivityThread.handleBindApplication(ActivityThread.java:6353)
04-20 11:47:59.444  2986  2986 E LoadedApk: 	at android.app.ActivityThread.access$1300(ActivityThread.java:220)
04-20 11:47:59.444  2986  2986 E LoadedApk: 	at android.app.ActivityThread$H.handleMessage(ActivityThread.java:1860)
04-20 11:47:59.444  2986  2986 E LoadedApk: 	at android.os.Handler.dispatchMessage(Handler.java:107)
04-20 11:47:59.444  2986  2986 E LoadedApk: 	at android.os.Looper.loop(Looper.java:214)
04-20 11:47:59.444  2986  2986 E LoadedApk: 	at android.app.ActivityThread.main(ActivityThread.java:7397)
04-20 11:47:59.444  2986  2986 E LoadedApk: 	at java.lang.reflect.Method.invoke(Native Method)
04-20 11:47:59.444  2986  2986 E LoadedApk: 	at com.android.internal.os.RuntimeInit$MethodAndArgsCaller.run(RuntimeInit.java:492)
04-20 11:47:59.444  2986  2986 E LoadedApk: 	at com.android.internal.os.ZygoteInit.main(ZygoteInit.java:915)
04-20 11:47:59.444  2986  2986 E LoadedApk: 	Suppressed: java.io.IOException: No original dex files found for dex location /data/app/com.facebook.katana-OkCyUTf2Cdmq6p570nRIkQ==/split_arservicesoptional.apk
04-20 11:47:59.444  2986  2986 E LoadedApk: 		at dalvik.system.DexFile.openDexFileNative(Native Method)
04-20 11:47:59.444  2986  2986 E LoadedApk: 		at dalvik.system.DexFile.openDexFile(DexFile.java:365)
04-20 11:47:59.444  2986  2986 E LoadedApk: 		at dalvik.system.DexFile.<init>(DexFile.java:107)
04-20 11:47:59.444  2986  2986 E LoadedApk: 		at dalvik.system.DexFile.<init>(DexFile.java:80)
04-20 11:47:59.444  2986  2986 E LoadedApk: 		at dalvik.system.DexPathList.loadDexFile(DexPathList.java:444)
04-20 11:47:59.444  2986  2986 E LoadedApk: 		at dalvik.system.DexPathList.makeDexElements(DexPathList.java:403)
04-20 11:47:59.444  2986  2986 E LoadedApk: 		at dalvik.system.DexPathList.<init>(DexPathList.java:164)
04-20 11:47:59.444  2986  2986 E LoadedApk: 		at dalvik.system.BaseDexClassLoader.<init>(BaseDexClassLoader.java:126)
04-20 11:47:59.444  2986  2986 E LoadedApk: 		at dalvik.system.BaseDexClassLoader.<init>(BaseDexClassLoader.java:101)
04-20 11:47:59.444  2986  2986 E LoadedApk: 		at dalvik.system.PathClassLoader.<init>(PathClassLoader.java:74)
04-20 11:47:59.444  2986  2986 E LoadedApk: 		at com.android.internal.os.ClassLoaderFactory.createClassLoader(ClassLoaderFactory.java:87)
04-20 11:47:59.444  2986  2986 E LoadedApk: 		at com.android.internal.os.ClassLoaderFactory.createClassLoader(ClassLoaderFactory.java:116)
04-20 11:47:59.444  2986  2986 E LoadedApk: 		at android.app.ApplicationLoaders.getClassLoader(ApplicationLoaders.java:114)
04-20 11:47:59.444  2986  2986 E LoadedApk: 		at android.app.ApplicationLoaders.getClassLoaderWithSharedLibraries(ApplicationLoaders.java:60)
04-20 11:47:59.444  2986  2986 E LoadedApk: 		at android.app.LoadedApk.createOrUpdateClassLoaderLocked(LoadedApk.java:856)
04-20 11:47:59.444  2986  2986 E LoadedApk: 		... 13 more
04-20 11:47:59.444  2986  2986 E LoadedApk: 	Suppressed: java.io.IOException: No original dex files found for dex location /data/app/com.facebook.katana-OkCyUTf2Cdmq6p570nRIkQ==/split_caffe2.apk
04-20 11:47:59.444  2986  2986 E LoadedApk: 		at dalvik.system.DexFile.openDexFileNative(Native Method)
04-20 11:47:59.444  2986  2986 E LoadedApk: 		at dalvik.system.DexFile.openDexFile(DexFile.java:365)
04-20 11:47:59.444  2986  2986 E LoadedApk: 		at dalvik.system.DexFile.<init>(DexFile.java:107)
04-20 11:47:59.444  2986  2986 E LoadedApk: 		at dalvik.system.DexFile.<init>(DexFile.java:80)
04-20 11:47:59.444  2986  2986 E LoadedApk: 		at dalvik.system.DexPathList.loadDexFile(DexPathList.java:444)
04-20 11:47:59.444  2986  2986 E LoadedApk: 		at dalvik.system.DexPat
04-20 11:48:03.008  2389  4177 D TextClassifierService: No configured system TextClassifierService
04-20 11:48:03.017  2389  4177 D TextClassifierService: No configured system TextClassifierService
04-20 11:48:03.334  1035  1196 I chatty  : uid=1000(system) android.display expire 10 lines
04-20 11:48:03.400  1268  1440 D QMI_FW  : chen-screen on: is_screen_off = 0 
04-20 11:48:03.410  1285  1611 D QMI_FW  : chen-screen on: is_screen_off = 0 
04-20 11:48:03.423  1035  1312 I chatty  : uid=1000(system) PowerManagerSer expire 10 lines
04-20 11:48:04.674  1268  1440 D QMI_FW  : chen-screen off: is_screen_off = 1 
04-20 11:48:04.675  1285  1611 D QMI_FW  : chen-screen off: is_screen_off = 1 
04-20 11:48:05.187  1035  2703 I chatty  : uid=1000(system) Binder:1035_E expire 1 line
04-20 11:48:05.465  1035  1256 I chatty  : uid=1000(system) ActivityManager expire 10 lines
04-20 11:48:06.131  1035  1257 I chatty  : uid=1000(system) ActivityManager expire 8 lines
04-20 11:48:06.194  1035  1553 I chatty  : uid=1000(system) Binder:1035_4 expire 1 line
04-20 11:48:07.097  1035  5746 I chatty  : uid=1000(system) Binder:1035_1D expire 2 lines
04-20 11:48:07.427  1035  1055 I chatty  : uid=1000(system) Binder:1035_2 expire 4 lines
04-20 11:48:07.481  1035  2729 I chatty  : uid=1000(system) Binder:1035_11 expire 3 lines
04-20 11:48:07.711  1035  1552 I chatty  : uid=1000(system) Binder:1035_3 expire 2 lines
04-20 11:48:07.712  1035  1523 I chatty  : uid=1000(system) ConnectivitySer expire 1 line
04-20 11:48:08.922  3299  3299 E LoadedApk: Unable to instantiate appComponentFactory
04-20 11:48:08.922  3299  3299 E LoadedApk: java.lang.ClassNotFoundException: Didn't find class "androidx.core.app.CoreComponentFactory" on path: DexPathList[[zip file "/data/app/com.facebook.orca-owdDeJApBpAkiMf88muoVQ==/base.apk"],nativeLibraryDirectories=[/data/app/com.facebook.orca-owdDeJApBpAkiMf88muoVQ==/lib/arm64, /data/app/com.facebook.orca-owdDeJApBpAkiMf88muoVQ==/base.apk!/lib/arm64-v8a, /system/lib64, /system/product/lib64]]
04-20 11:48:08.922  3299  3299 E LoadedApk: 	at dalvik.system.BaseDexClassLoader.findClass(BaseDexClassLoader.java:196)
04-20 11:48:08.922  3299  3299 E LoadedApk: 	at java.lang.ClassLoader.loadClass(ClassLoader.java:379)
04-20 11:48:08.922  3299  3299 E LoadedApk: 	at java.lang.ClassLoader.loadClass(ClassLoader.java:312)
04-20 11:48:08.922  3299  3299 E LoadedApk: 	at android.app.LoadedApk.createAppFactory(LoadedApk.java:256)
04-20 11:48:08.922  3299  3299 E LoadedApk: 	at android.app.LoadedApk.createOrUpdateClassLoaderLocked(LoadedApk.java:860)
04-20 11:48:08.922  3299  3299 E LoadedApk: 	at android.app.LoadedApk.getClassLoader(LoadedApk.java:955)
04-20 11:48:08.922  3299  3299 E LoadedApk: 	at android.app.LoadedApk.getResources(LoadedApk.java:1193)
04-20 11:48:08.922  3299  3299 E LoadedApk: 	at android.app.ContextImpl.createAppContext(ContextImpl.java:2462)
04-20 11:48:08.922  3299  3299 E LoadedApk: 	at android.app.ContextImpl.createAppContext(ContextImpl.java:2454)
04-20 11:48:08.922  3299  3299 E LoadedApk: 	at android.app.ActivityThread.handleBindApplication(ActivityThread.java:6353)
04-20 11:48:08.922  3299  3299 E LoadedApk: 	at android.app.ActivityThread.access$1300(ActivityThread.java:220)
04-20 11:48:08.922  3299  3299 E LoadedApk: 	at android.app.ActivityThread$H.handleMessage(ActivityThread.java:1860)
04-20 11:48:08.922  3299  3299 E LoadedApk: 	at android.os.Handler.dispatchMessage(Handler.java:107)
04-20 11:48:08.922  3299  3299 E LoadedApk: 	at android.os.Looper.loop(Looper.java:214)
04-20 11:48:08.922  3299  3299 E LoadedApk: 	at android.app.ActivityThread.main(ActivityThread.java:7397)
04-20 11:48:08.922  3299  3299 E LoadedApk: 	at java.lang.reflect.Method.invoke(Native Method)
04-20 11:48:08.922  3299  3299 E LoadedApk: 	at com.android.internal.os.RuntimeInit$MethodAndArgsCaller.run(RuntimeInit.java:492)
04-20 11:48:08.922  3299  3299 E LoadedApk: 	at com.android.internal.os.ZygoteInit.main(ZygoteInit.java:915)
04-20 11:48:12.640  1035  1284 I chatty  : uid=1000(system) batterystats-wo expire 5 lines
04-20 11:48:18.605  1035  1745 I chatty  : uid=1000(system) Binder:1035_5 expire 3 lines
04-20 11:48:32.778  1035  2362 I chatty  : uid=1000(system) Binder:1035_9 expire 1 line
04-20 11:48:46.456  2389  4177 D TextClassifierService: No configured system TextClassifierService
04-20 11:48:46.465  2389  4177 D TextClassifierService: No configured system TextClassifierService
04-20 11:48:46.851  1285  1611 D QMI_FW  : chen-screen on: is_screen_off = 0 
04-20 11:48:46.851  1268  1440 D QMI_FW  : chen-screen on: is_screen_off = 0 
04-20 11:48:50.106  1268  1440 D QMI_FW  : chen-screen off: is_screen_off = 1 
04-20 11:48:50.116  1285  1611 D QMI_FW  : chen-screen off: is_screen_off = 1 
04-20 11:48:57.404  1035  1509 I chatty  : uid=1000(system) InputReader expire 4 lines
04-20 11:48:57.432  1035  1312 I chatty  : uid=1000(system) PowerManagerSer expire 11 lines
04-20 11:48:57.495  1035  5735 I chatty  : uid=1000(system) Binder:1035_18 expire 1 line
04-20 11:48:57.521  1268  1440 D QMI_FW  : chen-screen on: is_screen_off = 0 
04-20 11:48:57.527  1285  1611 D QMI_FW  : chen-screen on: is_screen_off = 0 
04-20 11:48:57.581  1035  1118 I chatty  : uid=1000(system) android.fg expire 6 lines
04-20 11:48:58.586  2002  2002 W FingerprintManager: Invalid acquired message: 6, 0
04-20 11:48:59.009  1035  1256 I chatty  : uid=1000(system) ActivityManager expire 11 lines
04-20 11:49:01.261  3829  3829 E LoadedApk: Unable to instantiate appComponentFactory
04-20 11:49:01.261  3829  3829 E LoadedApk: java.lang.ClassNotFoundException: Didn't find class "androidx.core.app.CoreComponentFactory" on path: DexPathList[[zip file "/data/app/com.instagram.android-7bpvEUzK634KrVBInEJntQ==/base.apk", zip file "/data/app/com.instagram.android-7bpvEUzK634KrVBInEJntQ==/split_arservicesforpersonsegmentation.apk", zip file "/data/app/com.instagram.android-7bpvEUzK634KrVBInEJntQ==/split_caffe2.apk", zip file "/data/app/com.instagram.android-7bpvEUzK634KrVBInEJntQ==/split_slam.apk"],nativeLibraryDirectories=[/data/app/com.instagram.android-7bpvEUzK634KrVBInEJntQ==/lib/arm64, /data/app/com.instagram.android-7bpvEUzK634KrVBInEJntQ==/base.apk!/lib/arm64-v8a, /data/app/com.instagram.android-7bpvEUzK634KrVBInEJntQ==/split_arservicesforpersonsegmentation.apk!/lib/arm64-v8a, /data/app/com.instagram.android-7bpvEUzK634KrVBInEJntQ==/split_caffe2.apk!/lib/arm64-v8a, /data/app/com.instagram.android-7bpvEUzK634KrVBInEJntQ==/split_slam.apk!/lib/arm64-v8a, /system/lib64, /system/product/lib64]]
04-20 11:49:01.261  3829  3829 E LoadedApk: 	at dalvik.system.BaseDexClassLoader.findClass(BaseDexClassLoader.java:196)
04-20 11:49:01.261  3829  3829 E LoadedApk: 	at java.lang.ClassLoader.loadClass(ClassLoader.java:379)
04-20 11:49:01.261  3829  3829 E LoadedApk: 	at java.lang.ClassLoader.loadClass(ClassLoader.java:312)
04-20 11:49:01.261  3829  3829 E LoadedApk: 	at android.app.LoadedApk.createAppFactory(LoadedApk.java:256)
04-20 11:49:01.261  3829  3829 E LoadedApk: 	at android.app.LoadedApk.createOrUpdateClassLoaderLocked(LoadedApk.java:860)
04-20 11:49:01.261  3829  3829 E LoadedApk: 	at android.app.LoadedApk.getClassLoader(LoadedApk.java:955)
04-20 11:49:01.261  3829  3829 E LoadedApk: 	at android.app.LoadedApk.getResources(LoadedApk.java:1193)
04-20 11:49:01.261  3829  3829 E LoadedApk: 	at android.app.ContextImpl.createAppContext(ContextImpl.java:2462)
04-20 11:49:01.261  3829  3829 E LoadedApk: 	at android.app.ContextImpl.createAppContext(ContextImpl.java:2454)
04-20 11:49:01.261  3829  3829 E LoadedApk: 	at android.app.ActivityThread.handleBindApplication(ActivityThread.java:6353)
04-20 11:49:01.261  3829  3829 E LoadedApk: 	at android.app.ActivityThread.access$1300(ActivityThread.java:220)
04-20 11:49:01.261  3829  3829 E LoadedApk: 	at android.app.ActivityThread$H.handleMessage(ActivityThread.java:1860)
04-20 11:49:01.261  3829  3829 E LoadedApk: 	at android.os.Handler.dispatchMessage(Handler.java:107)
04-20 11:49:01.261  3829  3829 E LoadedApk: 	at android.os.Looper.loop(Looper.java:214)
04-20 11:49:01.261  3829  3829 E LoadedApk: 	at android.app.ActivityThread.main(ActivityThread.java:7397)
04-20 11:49:01.261  3829  3829 E LoadedApk: 	at java.lang.reflect.Method.invoke(Native Method)
04-20 11:49:01.261  3829  3829 E LoadedApk: 	at com.android.internal.os.RuntimeInit$MethodAndArgsCaller.run(RuntimeInit.java:492)
04-20 11:49:01.261  3829  3829 E LoadedApk: 	at com.android.internal.os.ZygoteInit.main(ZygoteInit.java:915)
04-20 11:49:01.261  3829  3829 E LoadedApk: 	Suppressed: java.io.IOException: No original dex files found for dex location /data/app/com.instagram.android-7bpvEUzK634KrVBInEJntQ==/split_arservicesforpersonsegmentation.apk
04-20 11:49:01.261  3829  3829 E LoadedApk: 		at dalvik.system.DexFile.openDexFileNative(Native Method)
04-20 11:49:01.261  3829  3829 E LoadedApk: 		at dalvik.system.DexFile.openDexFile(DexFile.java:365)
04-20 11:49:01.261  3829  3829 E LoadedApk: 		at dalvik.system.DexFile.<init>(DexFile.java:107)
04-20 11:49:01.261  3829  3829 E LoadedApk: 		at dalvik.system.DexFile.<init>(DexFile.java:80)
04-20 11:49:01.261  3829  3829 E LoadedApk: 		at dalvik.system.DexPathList.loadDexFile(DexPathList.java:444)
04-20 11:49:01.261  3829  3829 E LoadedApk: 		at dalvik.system.DexPathList.makeDexElements(DexPathList.java:403)
04-20 11:49:01.261  3829  3829 E LoadedApk: 		at dalvik.system.DexPathList.<init>(DexPathList.java:164)
04-20 11:49:01.261  3829  3829 E LoadedApk: 		at dalvik.system.BaseDexClassLoader.<init>(BaseDexClassLoader.java:126)
04-20 11:49:01.261  3829  3829 E LoadedApk: 		at dalvik.system.BaseDexClassLoader.<init>(BaseDexClassLoader.java:101)
04-20 11:49:01.261  3829  3829 E LoadedApk: 		at dalvik.system.PathClassLoader.<init>(PathClassLoader.java:74)
04-20 11:49:01.261  3829  3829 E LoadedApk: 		at com.android.internal.os.ClassLoaderFactory.createClassLoader(ClassLoaderFactory.java:87)
04-20 11:49:01.261  3829  3829 E LoadedApk: 		at com.android.internal.os.ClassLoaderFactory.createClassLoader(ClassLoaderFactory.java:116)
04-20 11:49:01.261  3829  3829 E LoadedApk: 		at android.app.ApplicationLoaders.getClassLoader(ApplicationLoaders.java:114)
04-20 11:49:01.261  3829  3829 E LoadedApk: 		at android.app.ApplicationLoaders.getClassLoaderWithSharedLibraries(ApplicationLoaders.java:60)
04-20 11:49:01.261  3829  3829 E LoadedApk: 		at android.app.LoadedApk.createOrUpdateClassLoaderLocked(LoadedApk.java:856)
04-20 11:49:01.261  3829  3829 E LoadedApk: 		... 13 more
04-20 11:49:01.261  3829  3829 E LoadedApk: 	Suppressed: java.io.IOException: No original dex files found for dex location /data/app/com.instagram.android-7bpvEUzK634KrVBInEJntQ==/split_caffe2.apk
04-20 11:49:01.261  3829  3829 E LoadedApk: 		at dalvik.system.DexFile.openDexFileNative(Native Method)
04-20 11:49:01.261  3829  3829 E LoadedApk: 		at dalvik.system.DexFile.openDexFile(DexFile.java:365)
04-20 11:49:01.261  3829  3829 E LoadedApk: 		at dalvik.system.DexFile.<init>(DexFile.java:107)
04-20 11:49:01.261  3829  3829 E LoadedApk: 		at dalvik.system.DexFile.<init>(DexFile.java:80)
04-20 11:49:01.261  3829  3829 E LoadedApk: 		at dalvik.system.DexPathList.loadDexFile(DexPathList.java:444)
04-20 11:49:01.261  3829  3829 E LoadedApk: 		at dalvik.system.DexPathList.makeDexElements(DexPathList.java:403)
04-20 11:49:01.261  3829  3829 E LoadedApk: 		at dalvik.system.DexPathList.<init>(DexPathList.java:164)
04-20 11:49:01.261  3829  3829 E LoadedApk: 		at dalvik.system.Base
04-20 11:49:01.406  1035  5734 I chatty  : uid=1000(system) Binder:1035_17 expire 1 line
04-20 11:49:01.436  1035  1035 I chatty  : uid=1000 system_server expire 11 lines
04-20 11:49:02.086  2389  4177 D TextClassifierService: No configured system TextClassifierService
04-20 11:49:02.126  2389  4177 I chatty  : uid=10144(android.ext.services) pool-2-thread-1 identical 4 lines
04-20 11:49:02.133  2389  4177 D TextClassifierService: No configured system TextClassifierService
04-20 11:49:02.737  1035  5743 I chatty  : uid=1000(system) Binder:1035_1C expire 1 line
04-20 11:49:04.115  2389  4177 D TextClassifierService: No configured system TextClassifierService
04-20 11:49:04.118  2389  4177 D TextClassifierService: No configured system TextClassifierService
04-20 11:49:04.917  1268  1440 D QMI_FW  : chen-screen off: is_screen_off = 1 
04-20 11:49:04.921  1285  1611 D QMI_FW  : chen-screen off: is_screen_off = 1 
04-20 11:49:05.137  1035  1174 I chatty  : uid=1000(system) android.ui expire 3 lines
04-20 11:49:15.332  2389  4177 D TextClassifierService: No configured system TextClassifierService
04-20 11:49:16.241  2389  4177 D TextClassifierService: No configured system TextClassifierService
04-20 11:49:16.416  1035  1312 I chatty  : uid=1000(system) PowerManagerSer expire 6 lines
04-20 11:49:16.517  1268  1440 D QMI_FW  : chen-screen on: is_screen_off = 0 
04-20 11:49:16.522  1285  1611 D QMI_FW  : chen-screen on: is_screen_off = 0 
04-20 11:49:22.164  1285  1611 D QMI_FW  : chen-screen off: is_screen_off = 1 
04-20 11:49:22.167  1268  1440 D QMI_FW  : chen-screen off: is_screen_off = 1 
04-20 11:49:22.871  1035  1035 I chatty  : uid=1000 system_server expire 2 lines
04-20 11:49:30.142  1035  1493 I chatty  : uid=1000(system) AlarmManager expire 1 line
04-20 11:49:30.209  1035  2697 I chatty  : uid=1000(system) Binder:1035_B expire 4 lines
04-20 11:49:53.673  1035  1256 I chatty  : uid=1000(system) ActivityManager expire 10 lines
04-20 11:50:01.820  1035  1118 I chatty  : uid=1000(system) android.fg expire 5 lines
04-20 11:50:09.419  1166  1166 E TLOC    : [TLOCChannel]"Can't receive message due to timeout"
04-20 11:50:09.424  1166  1166 I TLOC    : [ModemComm  ]"Request succeeded for gps engine lock"
04-20 11:50:09.424  1166  1166 D TLOC    : [TLOCChannel] "Going to receive message for TLOCD"
04-20 11:50:09.424  1166  1166 D TLOC    : [TLOCChannel] "wait for message for user TLOCD"
04-20 11:50:09.424  1166  1569 I TLOC    : [Modem      ]"Sending location turned off status to the daemon"
04-20 11:50:09.424  1166  1569 D TLOC    : [TLOCChannel] "TLOCChannel is already initialized"
04-20 11:50:09.424  1166  1569 D TLOC    : [TLOCChannel] "Going to send message to TLOCD"
04-20 11:50:09.424  1166  1569 D TLOC    : [TLOCChannel]" --- message(id:15, size:0) ---> TLOCD"
04-20 11:50:09.424  1166  1166 D TLOC    : [TLOCChannel]" TLOCD <--- message(id:15, size:0) ---"
04-20 11:50:09.424  1166  1166 D TLOC    : [TLOCDaemon ]"Periodic location sampling is disabled"
04-20 11:50:09.424  1166  1166 D TLOC    : [TLOCDaemon ]"The command finished successfully"
04-20 11:50:09.424  1166  1166 D TLOC    : [TLOCDaemon ]"waiting for command"
04-20 11:50:09.424  1166  1166 D TLOC    : [TLOCChannel] "Going to receive message for TLOCD"
04-20 11:50:09.424  1166  1166 D TLOC    : [TLOCChannel] "wait for message for user TLOCD"
04-20 11:50:12.151  2389  4177 D TextClassifierService: No configured system TextClassifierService
04-20 11:50:21.431  2389  4177 I chatty  : uid=10144(android.ext.services) pool-2-thread-1 identical 10 lines
04-20 11:50:21.436  2389  4177 D TextClassifierService: No configured system TextClassifierService
04-20 11:50:21.771  1035  1312 I chatty  : uid=1000(system) PowerManagerSer expire 11 lines
04-20 11:50:21.820  1035  1196 I chatty  : uid=1000(system) android.display expire 10 lines
04-20 11:50:21.884  1285  1611 D QMI_FW  : chen-screen on: is_screen_off = 0 
04-20 11:50:21.887  1268  1440 D QMI_FW  : chen-screen on: is_screen_off = 0 
04-20 11:50:22.488  2389  4177 D TextClassifierService: No configured system TextClassifierService
04-20 11:50:22.494  2389  4177 D TextClassifierService: No configured system TextClassifierService
04-20 11:50:22.524  1268  1440 D QMI_FW  : chen-screen off: is_screen_off = 1 
04-20 11:50:22.535  1285  1611 D QMI_FW  : chen-screen off: is_screen_off = 1 
04-20 11:50:26.461  2389  4177 D TextClassifierService: No configured system TextClassifierService
04-20 11:50:26.469  2389  4177 D TextClassifierService: No configured system TextClassifierService
04-20 11:50:30.412  1035  1553 I chatty  : uid=1000(system) Binder:1035_4 expire 2 lines
04-20 11:50:30.997  2389  4177 D TextClassifierService: No configured system TextClassifierService
04-20 11:50:31.006  2389  4177 D TextClassifierService: No configured system TextClassifierService
04-20 11:50:35.498  1035  1035 I chatty  : uid=1000 system_server expire 12 lines
04-20 11:50:44.524  2389  4177 D TextClassifierService: No configured system TextClassifierService
04-20 11:50:46.047  2389  4177 D TextClassifierService: No configured system TextClassifierService
04-20 11:50:46.358  1285  1611 D QMI_FW  : chen-screen on: is_screen_off = 0 
04-20 11:50:46.361  1268  1440 D QMI_FW  : chen-screen on: is_screen_off = 0 
04-20 11:50:48.661  2389  4177 D TextClassifierService: No configured system TextClassifierService
04-20 11:50:48.672  2389  4177 D TextClassifierService: No configured system TextClassifierService
04-20 11:50:48.680  1035  1312 I chatty  : uid=1000(system) PowerManagerSer expire 13 lines
04-20 11:50:48.715  1268  1440 D QMI_FW  : chen-screen off: is_screen_off = 1 
04-20 11:50:48.718  1285  1611 D QMI_FW  : chen-screen off: is_screen_off = 1 
04-20 11:50:54.653  2389  4177 D TextClassifierService: No configured system TextClassifierService
04-20 11:51:02.642  2389  4177 D TextClassifierService: No configured system TextClassifierService
04-20 11:51:30.530  1035  2706 I chatty  : uid=1000(system) Binder:1035_10 expire 2 lines
04-20 11:51:40.443  2389  4177 D TextClassifierService: No configured system TextClassifierService
04-20 11:51:55.675  2389  4177 I chatty  : uid=10144(android.ext.services) pool-2-thread-1 identical 2 lines
04-20 11:51:55.683  2389  4177 D TextClassifierService: No configured system TextClassifierService
04-20 11:51:56.589  1268  1440 D QMI_FW  : chen-screen on: is_screen_off = 0 
04-20 11:51:56.598  1285  1611 D QMI_FW  : chen-screen on: is_screen_off = 0 
04-20 11:51:56.682  1035  1284 I chatty  : uid=1000(system) batterystats-wo expire 6 lines
04-20 11:51:58.422  1285  1611 D QMI_FW  : chen-screen off: is_screen_off = 1 
04-20 11:51:58.427  1268  1440 D QMI_FW  : chen-screen off: is_screen_off = 1 
04-20 11:52:09.373  2389  4177 D TextClassifierService: No configured system TextClassifierService
04-20 11:52:09.382  2389  4177 D TextClassifierService: No configured system TextClassifierService
04-20 11:52:09.765  1268  1440 D QMI_FW  : chen-screen on: is_screen_off = 0 
04-20 11:52:09.774  1285  1611 D QMI_FW  : chen-screen on: is_screen_off = 0 
04-20 11:52:15.408  1268  1440 D QMI_FW  : chen-screen off: is_screen_off = 1 
04-20 11:52:15.410  1285  1611 D QMI_FW  : chen-screen off: is_screen_off = 1 
04-20 11:52:30.572  1035  1254 I chatty  : uid=1000(system) android.bg expire 1 line
04-20 11:52:30.586  1035  1523 I chatty  : uid=1000(system) ConnectivitySer expire 17 lines
04-20 11:52:30.635  1035  2163 I chatty  : uid=1000(system) Binder:1035_7 expire 3 lines
04-20 11:52:30.635  1035  2729 I chatty  : uid=1000(system) Binder:1035_11 expire 1 line
04-20 11:52:37.971  1035  1256 I chatty  : uid=1000(system) ActivityManager expire 11 lines
04-20 11:52:52.496  2389  4177 D TextClassifierService: No configured system TextClassifierService
04-20 11:52:52.504  2389  4177 D TextClassifierService: No configured system TextClassifierService
