04-20 11:30:10.086 26410 26410 E LoadedApk: java.lang.ClassNotFoundException: Didn't find class "androidx.core.app.CoreComponentFactory" on path: DexPathList[[zip file "/data/app/com.facebook.orca-owdDeJApBpAkiMf88muoVQ==/base.apk"],nativeLibraryDirectories=[/data/app/com.facebook.orca-owdDeJApBpAkiMf88muoVQ==/lib/arm64, /data/app/com.facebook.orca-owdDeJApBpAkiMf88muoVQ==/base.apk!/lib/arm64-v8a, /system/lib64, /system/product/lib64]]
04-20 11:30:10.086 26410 26410 E LoadedApk: 	at dalvik.system.BaseDexClassLoader.findClass(BaseDexClassLoader.java:196)
04-20 11:30:10.086 26410 26410 E LoadedApk: 	at java.lang.ClassLoader.loadClass(ClassLoader.java:379)
04-20 11:30:10.086 26410 26410 E LoadedApk: 	at java.lang.ClassLoader.loadClass(ClassLoader.java:312)
04-20 11:30:10.086 26410 26410 E LoadedApk: 	at android.app.LoadedApk.createAppFactory(LoadedApk.java:256)
04-20 11:30:10.086 26410 26410 E LoadedApk: 	at android.app.LoadedApk.createOrUpdateClassLoaderLocked(LoadedApk.java:860)
04-20 11:30:10.086 26410 26410 E LoadedApk: 	at android.app.LoadedApk.getClassLoader(LoadedApk.java:955)
04-20 11:30:10.086 26410 26410 E LoadedApk: 	at android.app.LoadedApk.getResources(LoadedApk.java:1193)
04-20 11:30:10.086 26410 26410 E LoadedApk: 	at android.app.ContextImpl.createAppContext(ContextImpl.java:2462)
04-20 11:30:10.086 26410 26410 E LoadedApk: 	at android.app.ContextImpl.createAppContext(ContextImpl.java:2454)
04-20 11:30:10.086 26410 26410 E LoadedApk: 	at android.app.ActivityThread.handleBindApplication(ActivityThread.java:6353)
04-20 11:30:10.086 26410 26410 E LoadedApk: 	at android.app.ActivityThread.access$1300(ActivityThread.java:220)
04-20 11:30:10.086 26410 26410 E LoadedApk: 	at android.app.ActivityThread$H.handleMessage(ActivityThread.java:1860)
04-20 11:30:10.086 26410 26410 E LoadedApk: 	at android.os.Handler.dispatchMessage(Handler.java:107)
04-20 11:30:10.086 26410 26410 E LoadedApk: 	at android.os.Looper.loop(Looper.java:214)
04-20 11:30:10.086 26410 26410 E LoadedApk: 	at android.app.ActivityThread.main(ActivityThread.java:7397)
04-20 11:30:10.086 26410 26410 E LoadedApk: 	at java.lang.reflect.Method.invoke(Native Method)
04-20 11:30:10.086 26410 26410 E LoadedApk: 	at com.android.internal.os.RuntimeInit$MethodAndArgsCaller.run(RuntimeInit.java:492)
04-20 11:30:10.086 26410 26410 E LoadedApk: 	at com.android.internal.os.ZygoteInit.main(ZygoteInit.java:915)
04-20 11:30:13.227  1035  1256 I chatty  : uid=1000(system) ActivityManager expire 16 lines
04-20 11:30:18.420  2282  2282 I Telephony: : onSubscriptionsChanged - update accounts
04-20 11:30:18.420  2282  2282 I Telephony: PstnIncomingCallNotifier: Unregistering: Handler (com.qualcomm.qti.internal.telephony.QtiGsmCdmaPhone) {7faf73a}
04-20 11:30:18.422  2282  2282 I Telephony: PstnIncomingCallNotifier: Unregistering: Handler (com.qualcomm.qti.internal.telephony.QtiGsmCdmaPhone) {e0b1feb}
04-20 11:30:18.426  2282  2282 I Telephony: TelecomAccountRegistry: setupAccounts: Found 2 phones.  Attempting to register.
04-20 11:30:18.426  2282  2282 I Telephony: TelecomAccountRegistry: setupAccounts: Phone with subscription id 1
04-20 11:30:18.459  2282  2282 I Telephony: AccountEntry: Registered phoneAccount: [[ ] PhoneAccount: ComponentInfo{com.android.phone/com.android.services.telephony.TelephonyConnectionService}, ***, UserHandle{0} Capabilities: SuppVideo Video CallProvider MultiUser PlaceEmerg SimSub  Audio Routes: BESW Schemes: tel voicemail  Extras: Bundle[{android.telecom.extra.SUPPORTS_VIDEO_CALLING_FALLBACK=true, android.telecom.extra.SORT_ORDER=0}] GroupId: ***] with handle: ComponentInfo{com.android.phone/com.android.services.telephony.TelephonyConnectionService}, ***, UserHandle{0}
04-20 11:30:18.459  2282  2282 I Telephony: PstnIncomingCallNotifier: Registering: Handler (com.qualcomm.qti.internal.telephony.QtiGsmCdmaPhone) {7faf73a}
04-20 11:30:18.460  2282  2282 I Telephony: TelecomAccountRegistry: setupAccounts: Phone with subscription id 2
04-20 11:30:18.470  1035  5740 I chatty  : uid=1000(system) Binder:1035_1A expire 5 lines
04-20 11:30:18.472  2282  2282 I Telephony: AccountEntry: Registered phoneAccount: [[ ] PhoneAccount: ComponentInfo{com.android.phone/com.android.services.telephony.TelephonyConnectionService}, ***, UserHandle{0} Capabilities: SuppVideo CallProvider MultiUser PlaceEmerg SimSub  Audio Routes: BESW Schemes: tel voicemail  Extras: Bundle[{android.telecom.extra.SUPPORTS_VIDEO_CALLING_FALLBACK=true, android.telecom.extra.SORT_ORDER=1}] GroupId: ***] with handle: ComponentInfo{com.android.phone/com.android.services.telephony.TelephonyConnectionService}, ***, UserHandle{0}
04-20 11:30:18.472  2282  2282 I Telephony: PstnIncomingCallNotifier: Registering: Handler (com.qualcomm.qti.internal.telephony.QtiGsmCdmaPhone) {e0b1feb}
04-20 11:30:18.491  2282  2282 I Telephony: PstnPhoneCapabilitiesNotifier: handleVideoCapabilitesChanged. Video capability - true
04-20 11:30:18.507  2282  2282 I Telephony: PstnPhoneCapabilitiesNotifier: handleVideoCapabilitesChanged. Video capability - false
04-20 11:30:19.083  1035  5747 I chatty  : uid=1000(system) Binder:1035_1E expire 2 lines
04-20 11:30:19.784  1035  5748 I chatty  : uid=1000(system) Binder:1035_1F expire 2 lines
04-20 11:30:24.073  2282  2282 I Telephony: PstnPhoneCapabilitiesNotifier: handleVideoCapabilitesChanged. Video capability - true
04-20 11:30:24.089  1035  2164 I chatty  : uid=1000(system) Binder:1035_8 expire 2 lines
04-20 11:30:31.563  1035  2702 I chatty  : uid=1000(system) Binder:1035_D expire 1 line
04-20 11:30:34.359  1035  1284 I chatty  : uid=1000(system) batterystats-wo expire 5 lines
04-20 11:30:34.823  1035  1523 I chatty  : uid=1000(system) ConnectivitySer expire 7 lines
04-20 11:30:50.120  2282  2282 I Telephony: PstnPhoneCapabilitiesNotifier: handleVideoCapabilitesChanged. Video capability - false
04-20 11:30:52.994 31636 31636 W ViewRootImpl[MediaViewActivity]: Dropping event due to no window focus: MotionEvent { action=ACTION_DOWN, actionButton=0, id[0]=0, x[0]=692.0, y[0]=826.0, toolType[0]=TOOL_TYPE_FINGER, buttonState=0, classification=NONE, metaState=0, flags=0x0, edgeFlags=0x0, pointerCount=1, historySize=0, eventTime=94282841, downTime=94282841, deviceId=6, source=0x1002, displayId=0 }
04-20 11:30:57.723  1035  1256 I chatty  : uid=1000(system) ActivityManager expire 12 lines
04-20 11:31:00.510  2389  4177 D TextClassifierService: No configured system TextClassifierService
04-20 11:31:00.560  2389  4177 I chatty  : uid=10144(android.ext.services) pool-2-thread-1 identical 12 lines
04-20 11:31:00.565  2389  4177 D TextClassifierService: No configured system TextClassifierService
04-20 11:31:05.524  1035  2163 I chatty  : uid=1000(system) Binder:1035_7 expire 1 line
04-20 11:31:17.952  2389  4177 D TextClassifierService: No configured system TextClassifierService
04-20 11:31:18.038  2389  4177 D TextClassifierService: No configured system TextClassifierService
04-20 11:31:25.864  1035  2701 I chatty  : uid=1000(system) Binder:1035_C expire 3 lines
04-20 11:31:25.970  1035  1035 I chatty  : uid=1000 system_server expire 10 lines
04-20 11:31:26.457 15534 15534 W FingerprintManager: Invalid acquired message: 6, 0
04-20 11:31:27.798  2389  4177 D TextClassifierService: No configured system TextClassifierService
04-20 11:31:28.000  2389  4177 I chatty  : uid=10144(android.ext.services) pool-2-thread-1 identical 22 lines
04-20 11:31:28.024  2389  4177 D TextClassifierService: No configured system TextClassifierService
04-20 11:31:30.276  2389  4177 D TextClassifierService: No configured system TextClassifierService
04-20 11:31:30.485  2389  4177 D TextClassifierService: No configured system TextClassifierService
04-20 11:31:31.643  1035  1256 I chatty  : uid=1000(system) ActivityManager expire 1 line
04-20 11:31:49.469  2389  4177 D TextClassifierService: No configured system TextClassifierService
04-20 11:31:51.880  2389  4177 I chatty  : uid=10144(android.ext.services) pool-2-thread-1 identical 14 lines
04-20 11:31:51.883  2389  4177 D TextClassifierService: No configured system TextClassifierService
04-20 11:32:01.327  1035  1202 I chatty  : uid=1000(system) android.anim expire 1 line
04-20 11:32:05.963  1035  2164 I chatty  : uid=1000(system) Binder:1035_8 expire 2 lines
04-20 11:32:08.350  1035  3014 I chatty  : uid=1000(system) Binder:1035_12 expire 4 lines
04-20 11:32:12.371  2389  4177 D TextClassifierService: No configured system TextClassifierService
04-20 11:32:12.433  2389  4177 I chatty  : uid=10144(android.ext.services) pool-2-thread-1 identical 12 lines
04-20 11:32:12.436  2389  4177 D TextClassifierService: No configured system TextClassifierService
04-20 11:32:13.408  1035  1256 I chatty  : uid=1000(system) ActivityManager expire 10 lines
04-20 11:32:13.410  1035  2163 I chatty  : uid=1000(system) Binder:1035_7 expire 1 line
04-20 11:32:20.771  1035  5735 I chatty  : uid=1000(system) Binder:1035_18 expire 7 lines
04-20 11:32:30.022  1035  5740 I chatty  : uid=1000(system) Binder:1035_1A expire 4 lines
04-20 11:32:32.883  1035  1257 I chatty  : uid=1000(system) ActivityManager expire 9 lines
04-20 11:32:33.353  2389  4177 D TextClassifierService: No configured system TextClassifierService
04-20 11:32:33.369  2389  4177 D TextClassifierService: No configured system TextClassifierService
04-20 11:32:33.512 24601 28296 D TextClassifierService: No configured system TextClassifierService
04-20 11:32:36.753  2389  4177 D TextClassifierService: No configured system TextClassifierService
04-20 11:32:36.919  2389  4177 D TextClassifierService: No configured system TextClassifierService
04-20 11:32:38.199 28438 28438 E LoadedApk: Unable to instantiate appComponentFactory
04-20 11:32:38.199 28438 28438 E LoadedApk: java.lang.ClassNotFoundException: Didn't find class "androidx.core.app.CoreComponentFactory" on path: DexPathList[[zip file "/data/app/com.facebook.katana-OkCyUTf2Cdmq6p570nRIkQ==/base.apk", zip file "/data/app/com.facebook.katana-OkCyUTf2Cdmq6p570nRIkQ==/split_arservicesoptional.apk", zip file "/data/app/com.facebook.katana-OkCyUTf2Cdmq6p570nRIkQ==/split_caffe2.apk", zip file "/data/app/com.facebook.katana-OkCyUTf2Cdmq6p570nRIkQ==/split_cgnativeplayer.apk", zip file "/data/app/com.facebook.katana-OkCyUTf2Cdmq6p570nRIkQ==/split_slam.apk"],nativeLibraryDirectories=[/data/app/com.facebook.katana-OkCyUTf2Cdmq6p570nRIkQ==/lib/arm64, /data/app/com.facebook.katana-OkCyUTf2Cdmq6p570nRIkQ==/base.apk!/lib/arm64-v8a, /data/app/com.facebook.katana-OkCyUTf2Cdmq6p570nRIkQ==/split_arservicesoptional.apk!/lib/arm64-v8a, /data/app/com.facebook.katana-OkCyUTf2Cdmq6p570nRIkQ==/split_caffe2.apk!/lib/arm64-v8a, /data/app/com.facebook.katana-OkCyUTf2Cdmq6p570nRIkQ==/split_cgnativeplayer.apk!/lib/arm64-v8a, /data/app/com.facebook.katana-OkCyUTf2Cdmq6p570nRIkQ==/split_slam.apk!/lib/arm64-v8a, /system/lib64, /system/product/lib64]]
04-20 11:32:38.199 28438 28438 E LoadedApk: 	at dalvik.system.BaseDexClassLoader.findClass(BaseDexClassLoader.java:196)
04-20 11:32:38.199 28438 28438 E LoadedApk: 	at java.lang.ClassLoader.loadClass(ClassLoader.java:379)
04-20 11:32:38.199 28438 28438 E LoadedApk: 	at java.lang.ClassLoader.loadClass(ClassLoader.java:312)
04-20 11:32:38.199 28438 28438 E LoadedApk: 	at android.app.LoadedApk.createAppFactory(LoadedApk.java:256)
04-20 11:32:38.199 28438 28438 E LoadedApk: 	at android.app.LoadedApk.createOrUpdateClassLoaderLocked(LoadedApk.java:860)
04-20 11:32:38.199 28438 28438 E LoadedApk: 	at android.app.LoadedApk.getClassLoader(LoadedApk.java:955)
04-20 11:32:38.199 28438 28438 E LoadedApk: 	at android.app.LoadedApk.getResources(LoadedApk.java:1193)
04-20 11:32:38.199 28438 28438 E LoadedApk: 	at android.app.ContextImpl.createAppContext(ContextImpl.java:2462)
04-20 11:32:38.199 28438 28438 E LoadedApk: 	at android.app.ContextImpl.createAppContext(ContextImpl.java:2454)
04-20 11:32:38.199 28438 28438 E LoadedApk: 	at android.app.ActivityThread.handleBindApplication(ActivityThread.java:6353)
04-20 11:32:38.199 28438 28438 E LoadedApk: 	at android.app.ActivityThread.access$1300(ActivityThread.java:220)
04-20 11:32:38.199 28438 28438 E LoadedApk: 	at android.app.ActivityThread$H.handleMessage(ActivityThread.java:1860)
04-20 11:32:38.199 28438 28438 E LoadedApk: 	at android.os.Handler.dispatchMessage(Handler.java:107)
04-20 11:32:38.199 28438 28438 E LoadedApk: 	at android.os.Looper.loop(Looper.java:214)
04-20 11:32:38.199 28438 28438 E LoadedApk: 	at android.app.ActivityThread.main(ActivityThread.java:7397)
04-20 11:32:38.199 28438 28438 E LoadedApk: 	at java.lang.reflect.Method.invoke(Native Method)
04-20 11:32:38.199 28438 28438 E LoadedApk: 	at com.android.internal.os.RuntimeInit$MethodAndArgsCaller.run(RuntimeInit.java:492)
04-20 11:32:38.199 28438 28438 E LoadedApk: 	at com.android.internal.os.ZygoteInit.main(ZygoteInit.java:915)
04-20 11:32:38.199 28438 28438 E LoadedApk: 	Suppressed: java.io.IOException: No original dex files found for dex location /data/app/com.facebook.katana-OkCyUTf2Cdmq6p570nRIkQ==/split_arservicesoptional.apk
04-20 11:32:38.199 28438 28438 E LoadedApk: 		at dalvik.system.DexFile.openDexFileNative(Native Method)
04-20 11:32:38.199 28438 28438 E LoadedApk: 		at dalvik.system.DexFile.openDexFile(DexFile.java:365)
04-20 11:32:38.199 28438 28438 E LoadedApk: 		at dalvik.system.DexFile.<init>(DexFile.java:107)
04-20 11:32:38.199 28438 28438 E LoadedApk: 		at dalvik.system.DexFile.<init>(DexFile.java:80)
04-20 11:32:38.199 28438 28438 E LoadedApk: 		at dalvik.system.DexPathList.loadDexFile(DexPathList.java:444)
04-20 11:32:38.199 28438 28438 E LoadedApk: 		at dalvik.system.DexPathList.makeDexElements(DexPathList.java:403)
04-20 11:32:38.199 28438 28438 E LoadedApk: 		at dalvik.system.DexPathList.<init>(DexPathList.java:164)
04-20 11:32:38.199 28438 28438 E LoadedApk: 		at dalvik.system.BaseDexClassLoader.<init>(BaseDexClassLoader.java:126)
04-20 11:32:38.199 28438 28438 E LoadedApk: 		at dalvik.system.BaseDexClassLoader.<init>(BaseDexClassLoader.java:101)
04-20 11:32:38.199 28438 28438 E LoadedApk: 		at dalvik.system.PathClassLoader.<init>(PathClassLoader.java:74)
04-20 11:32:38.199 28438 28438 E LoadedApk: 		at com.android.internal.os.ClassLoaderFactory.createClassLoader(ClassLoaderFactory.java:87)
04-20 11:32:38.199 28438 28438 E LoadedApk: 		at com.android.internal.os.ClassLoaderFactory.createClassLoader(ClassLoaderFactory.java:116)
04-20 11:32:38.199 28438 28438 E LoadedApk: 		at android.app.ApplicationLoaders.getClassLoader(ApplicationLoaders.java:114)
04-20 11:32:38.199 28438 28438 E LoadedApk: 		at android.app.ApplicationLoaders.getClassLoaderWithSharedLibraries(ApplicationLoaders.java:60)
04-20 11:32:38.199 28438 28438 E LoadedApk: 		at android.app.LoadedApk.createOrUpdateClassLoaderLocked(LoadedApk.java:856)
04-20 11:32:38.199 28438 28438 E LoadedApk: 		... 13 more
04-20 11:32:38.199 28438 28438 E LoadedApk: 	Suppressed: java.io.IOException: No original dex files found for dex location /data/app/com.facebook.katana-OkCyUTf2Cdmq6p570nRIkQ==/split_caffe2.apk
04-20 11:32:38.199 28438 28438 E LoadedApk: 		at dalvik.system.DexFile.openDexFileNative(Native Method)
04-20 11:32:38.199 28438 28438 E LoadedApk: 		at dalvik.system.DexFile.openDexFile(DexFile.java:365)
04-20 11:32:38.199 28438 28438 E LoadedApk: 		at dalvik.system.DexFile.<init>(DexFile.java:107)
04-20 11:32:38.199 28438 28438 E LoadedApk: 		at dalvik.system.DexFile.<init>(DexFile.java:80)
04-20 11:32:38.199 28438 28438 E LoadedApk: 		at dalvik.system.DexPathList.loadDexFile(DexPathList.java:444)
04-20 11:32:38.199 28438 28438 E LoadedApk: 		at dalvik.system.DexPat
04-20 11:32:40.297  1035  5734 I chatty  : uid=1000(system) Binder:1035_17 expire 5 lines
04-20 11:32:41.330 28661 28661 E LoadedApk: Unable to instantiate appComponentFactory
04-20 11:32:41.330 28661 28661 E LoadedApk: java.lang.ClassNotFoundException: Didn't find class "androidx.core.app.CoreComponentFactory" on path: DexPathList[[zip file "/data/app/com.instagram.android-7bpvEUzK634KrVBInEJntQ==/base.apk", zip file "/data/app/com.instagram.android-7bpvEUzK634KrVBInEJntQ==/split_arservicesforpersonsegmentation.apk", zip file "/data/app/com.instagram.android-7bpvEUzK634KrVBInEJntQ==/split_caffe2.apk", zip file "/data/app/com.instagram.android-7bpvEUzK634KrVBInEJntQ==/split_slam.apk"],nativeLibraryDirectories=[/data/app/com.instagram.android-7bpvEUzK634KrVBInEJntQ==/lib/arm64, /data/app/com.instagram.android-7bpvEUzK634KrVBInEJntQ==/base.apk!/lib/arm64-v8a, /data/app/com.instagram.android-7bpvEUzK634KrVBInEJntQ==/split_arservicesforpersonsegmentation.apk!/lib/arm64-v8a, /data/app/com.instagram.android-7bpvEUzK634KrVBInEJntQ==/split_caffe2.apk!/lib/arm64-v8a, /data/app/com.instagram.android-7bpvEUzK634KrVBInEJntQ==/split_slam.apk!/lib/arm64-v8a, /system/lib64, /system/product/lib64]]
04-20 11:32:41.330 28661 28661 E LoadedApk: 	at dalvik.system.BaseDexClassLoader.findClass(BaseDexClassLoader.java:196)
04-20 11:32:41.330 28661 28661 E LoadedApk: 	at java.lang.ClassLoader.loadClass(ClassLoader.java:379)
04-20 11:32:41.330 28661 28661 E LoadedApk: 	at java.lang.ClassLoader.loadClass(ClassLoader.java:312)
04-20 11:32:41.330 28661 28661 E LoadedApk: 	at android.app.LoadedApk.createAppFactory(LoadedApk.java:256)
04-20 11:32:41.330 28661 28661 E LoadedApk: 	at android.app.LoadedApk.createOrUpdateClassLoaderLocked(LoadedApk.java:860)
04-20 11:32:41.330 28661 28661 E LoadedApk: 	at android.app.LoadedApk.getClassLoader(LoadedApk.java:955)
04-20 11:32:41.330 28661 28661 E LoadedApk: 	at android.app.LoadedApk.getResources(LoadedApk.java:1193)
04-20 11:32:41.330 28661 28661 E LoadedApk: 	at android.app.ContextImpl.createAppContext(ContextImpl.java:2462)
04-20 11:32:41.330 28661 28661 E LoadedApk: 	at android.app.ContextImpl.createAppContext(ContextImpl.java:2454)
04-20 11:32:41.330 28661 28661 E LoadedApk: 	at android.app.ActivityThread.handleBindApplication(ActivityThread.java:6353)
04-20 11:32:41.330 28661 28661 E LoadedApk: 	at android.app.ActivityThread.access$1300(ActivityThread.java:220)
04-20 11:32:41.330 28661 28661 E LoadedApk: 	at android.app.ActivityThread$H.handleMessage(ActivityThread.java:1860)
04-20 11:32:41.330 28661 28661 E LoadedApk: 	at android.os.Handler.dispatchMessage(Handler.java:107)
04-20 11:32:41.330 28661 28661 E LoadedApk: 	at android.os.Looper.loop(Looper.java:214)
04-20 11:32:41.330 28661 28661 E LoadedApk: 	at android.app.ActivityThread.main(ActivityThread.java:7397)
04-20 11:32:41.330 28661 28661 E LoadedApk: 	at java.lang.reflect.Method.invoke(Native Method)
04-20 11:32:41.330 28661 28661 E LoadedApk: 	at com.android.internal.os.RuntimeInit$MethodAndArgsCaller.run(RuntimeInit.java:492)
04-20 11:32:41.330 28661 28661 E LoadedApk: 	at com.android.internal.os.ZygoteInit.main(ZygoteInit.java:915)
04-20 11:32:41.330 28661 28661 E LoadedApk: 	Suppressed: java.io.IOException: No original dex files found for dex location /data/app/com.instagram.android-7bpvEUzK634KrVBInEJntQ==/split_arservicesforpersonsegmentation.apk
04-20 11:32:41.330 28661 28661 E LoadedApk: 		at dalvik.system.DexFile.openDexFileNative(Native Method)
04-20 11:32:41.330 28661 28661 E LoadedApk: 		at dalvik.system.DexFile.openDexFile(DexFile.java:365)
04-20 11:32:41.330 28661 28661 E LoadedApk: 		at dalvik.system.DexFile.<init>(DexFile.java:107)
04-20 11:32:41.330 28661 28661 E LoadedApk: 		at dalvik.system.DexFile.<init>(DexFile.java:80)
04-20 11:32:41.330 28661 28661 E LoadedApk: 		at dalvik.system.DexPathList.loadDexFile(DexPathList.java:444)
04-20 11:32:41.330 28661 28661 E LoadedApk: 		at dalvik.system.DexPathList.makeDexElements(DexPathList.java:403)
04-20 11:32:41.330 28661 28661 E LoadedApk: 		at dalvik.system.DexPathList.<init>(DexPathList.java:164)
04-20 11:32:41.330 28661 28661 E LoadedApk: 		at dalvik.system.BaseDexClassLoader.<init>(BaseDexClassLoader.java:126)
04-20 11:32:41.330 28661 28661 E LoadedApk: 		at dalvik.system.BaseDexClassLoader.<init>(BaseDexClassLoader.java:101)
04-20 11:32:41.330 28661 28661 E LoadedApk: 		at dalvik.system.PathClassLoader.<init>(PathClassLoader.java:74)
04-20 11:32:41.330 28661 28661 E LoadedApk: 		at com.android.internal.os.ClassLoaderFactory.createClassLoader(ClassLoaderFactory.java:87)
04-20 11:32:41.330 28661 28661 E LoadedApk: 		at com.android.internal.os.ClassLoaderFactory.createClassLoader(ClassLoaderFactory.java:116)
04-20 11:32:41.330 28661 28661 E LoadedApk: 		at android.app.ApplicationLoaders.getClassLoader(ApplicationLoaders.java:114)
04-20 11:32:41.330 28661 28661 E LoadedApk: 		at android.app.ApplicationLoaders.getClassLoaderWithSharedLibraries(ApplicationLoaders.java:60)
04-20 11:32:41.330 28661 28661 E LoadedApk: 		at android.app.LoadedApk.createOrUpdateClassLoaderLocked(LoadedApk.java:856)
04-20 11:32:41.330 28661 28661 E LoadedApk: 		... 13 more
04-20 11:32:41.330 28661 28661 E LoadedApk: 	Suppressed: java.io.IOException: No original dex files found for dex location /data/app/com.instagram.android-7bpvEUzK634KrVBInEJntQ==/split_caffe2.apk
04-20 11:32:41.330 28661 28661 E LoadedApk: 		at dalvik.system.DexFile.openDexFileNative(Native Method)
04-20 11:32:41.330 28661 28661 E LoadedApk: 		at dalvik.system.DexFile.openDexFile(DexFile.java:365)
04-20 11:32:41.330 28661 28661 E LoadedApk: 		at dalvik.system.DexFile.<init>(DexFile.java:107)
04-20 11:32:41.330 28661 28661 E LoadedApk: 		at dalvik.system.DexFile.<init>(DexFile.java:80)
04-20 11:32:41.330 28661 28661 E LoadedApk: 		at dalvik.system.DexPathList.loadDexFile(DexPathList.java:444)
04-20 11:32:41.330 28661 28661 E LoadedApk: 		at dalvik.system.DexPathList.makeDexElements(DexPathList.java:403)
04-20 11:32:41.330 28661 28661 E LoadedApk: 		at dalvik.system.DexPathList.<init>(DexPathList.java:164)
04-20 11:32:41.330 28661 28661 E LoadedApk: 		at dalvik.system.Base
04-20 11:32:41.352  1035  2702 I chatty  : uid=1000(system) Binder:1035_D expire 6 lines
04-20 11:32:41.913  1035  1284 I chatty  : uid=1000(system) batterystats-wo expire 2 lines
04-20 11:32:42.766  1035  2729 I chatty  : uid=1000(system) Binder:1035_11 expire 1 line
04-20 11:32:45.101  1035  1523 I chatty  : uid=1000(system) ConnectivitySer expire 2 lines
04-20 11:32:45.900  2389  4177 D TextClassifierService: No configured system TextClassifierService
04-20 11:32:45.990  2389  4177 I chatty  : uid=10144(android.ext.services) pool-2-thread-1 identical 12 lines
04-20 11:32:46.001  2389  4177 D TextClassifierService: No configured system TextClassifierService
04-20 11:32:57.021  1035  1254 I chatty  : uid=1000(system) android.bg expire 2 lines
04-20 11:32:57.064  1035  2703 I chatty  : uid=1000(system) Binder:1035_E expire 1 line
04-20 11:33:11.644  2389  4177 D TextClassifierService: No configured system TextClassifierService
04-20 11:33:11.693  2389  4177 D TextClassifierService: No configured system TextClassifierService
04-20 11:33:15.364  1035  1035 I chatty  : uid=1000 system_server expire 10 lines
04-20 11:33:15.400  1035  2706 I chatty  : uid=1000(system) Binder:1035_10 expire 1 line
04-20 11:33:15.796  1035  2663 I chatty  : uid=1000(system) Binder:1035_A expire 2 lines
04-20 11:33:15.806  1035  2268 I chatty  : uid=1000(system) BluetoothRouteM expire 5 lines
04-20 11:33:15.806  1035  2283 I chatty  : uid=1000(system) uteStateMachine expire 22 lines
04-20 11:33:33.231  2389  4177 D TextClassifierService: No configured system TextClassifierService
04-20 11:33:33.293  2389  4177 I chatty  : uid=10144(android.ext.services) pool-2-thread-1 identical 6 lines
04-20 11:33:33.311  2389  4177 D TextClassifierService: No configured system TextClassifierService
04-20 11:33:38.400  1035  1035 I chatty  : uid=1000 system_server expire 12 lines
04-20 11:33:38.545  1035  2283 I chatty  : uid=1000(system) uteStateMachine expire 25 lines
04-20 11:33:38.980  1035  1745 I chatty  : uid=1000(system) Binder:1035_5 expire 6 lines
04-20 11:33:41.048  1035  1035 I chatty  : uid=1000 system_server expire 30 lines
04-20 11:33:41.049  1035  2283 I chatty  : uid=1000(system) uteStateMachine expire 63 lines
04-20 11:33:41.226  1035  5735 I chatty  : uid=1000(system) Binder:1035_18 expire 2 lines
04-20 11:33:41.476  2389  4177 D TextClassifierService: No configured system TextClassifierService
04-20 11:33:41.528  2389  4177 I chatty  : uid=10144(android.ext.services) pool-2-thread-1 identical 12 lines
04-20 11:33:41.536  2389  4177 D TextClassifierService: No configured system TextClassifierService
04-20 11:33:42.162  1035  2268 I chatty  : uid=1000(system) BluetoothRouteM expire 5 lines
04-20 11:33:43.569  1035  2702 I chatty  : uid=1000(system) Binder:1035_D expire 2 lines
04-20 11:33:43.622  1035  5734 I chatty  : uid=1000(system) Binder:1035_17 expire 4 lines
04-20 11:33:44.071  1035  3496 I chatty  : uid=1000(system) Binder:1035_14 expire 1 line
04-20 11:33:44.983  1035  1256 I chatty  : uid=1000(system) ActivityManager expire 8 lines
04-20 11:33:48.812  1035  2164 I chatty  : uid=1000(system) Binder:1035_8 expire 6 lines
04-20 11:33:54.134  1035  2663 I chatty  : uid=1000(system) Binder:1035_A expire 2 lines
04-20 11:33:55.554  2282  2282 I Telephony: PstnPhoneCapabilitiesNotifier: handleVideoCapabilitesChanged. Video capability - true
04-20 11:33:55.565  1035  5747 I chatty  : uid=1000(system) Binder:1035_1E expire 2 lines
04-20 11:33:58.798  2389  4177 D TextClassifierService: No configured system TextClassifierService
04-20 11:33:58.863  2389  4177 D TextClassifierService: No configured system TextClassifierService
04-20 11:34:01.248  1035  1257 I chatty  : uid=1000(system) ActivityManager expire 1 line
04-20 11:34:05.560  1035  1284 I chatty  : uid=1000(system) batterystats-wo expire 1 line
04-20 11:34:09.208  1035  2703 I chatty  : uid=1000(system) Binder:1035_E expire 1 line
04-20 11:34:10.898  1035  1523 I chatty  : uid=1000(system) ConnectivitySer expire 10 lines
04-20 11:34:15.524  2389  4177 D TextClassifierService: No configured system TextClassifierService
04-20 11:34:25.838  2389  4177 I chatty  : uid=10144(android.ext.services) pool-2-thread-1 identical 36 lines
04-20 11:34:25.856  2389  4177 D TextClassifierService: No configured system TextClassifierService
04-20 11:34:27.965  2282  2282 I Telephony: PstnPhoneCapabilitiesNotifier: handleVideoCapabilitesChanged. Video capability - false
04-20 11:34:27.982  1035  2164 I chatty  : uid=1000(system) Binder:1035_8 expire 2 lines
04-20 11:34:31.592  1035  1256 I chatty  : uid=1000(system) ActivityManager expire 10 lines
04-20 11:34:34.662  1035  2703 I chatty  : uid=1000(system) Binder:1035_E expire 2 lines
04-20 11:34:34.852  2389  4177 D TextClassifierService: No configured system TextClassifierService
04-20 11:34:35.436  2389  4177 D TextClassifierService: No configured system TextClassifierService
04-20 11:34:37.138  1035  1284 I chatty  : uid=1000(system) batterystats-wo expire 10 lines
04-20 11:34:42.619  2389  4177 D TextClassifierService: No configured system TextClassifierService
04-20 11:34:42.670  2389  4177 I chatty  : uid=10144(android.ext.services) pool-2-thread-1 identical 28 lines
04-20 11:34:42.673  2389  4177 D TextClassifierService: No configured system TextClassifierService
04-20 11:34:46.408  2389  4177 D TextClassifierService: No configured system TextClassifierService
04-20 11:34:50.645  2389  4177 D TextClassifierService: No configured system TextClassifierService
04-20 11:35:01.811  1035  1257 I chatty  : uid=1000(system) ActivityManager expire 5 lines
04-20 11:35:02.064  2389  4177 D TextClassifierService: No configured system TextClassifierService
04-20 11:35:02.113  2389  4177 I chatty  : uid=10144(android.ext.services) pool-2-thread-1 identical 20 lines
04-20 11:35:02.122  2389  4177 D TextClassifierService: No configured system TextClassifierService
04-20 11:35:03.593  1035  5735 I chatty  : uid=1000(system) Binder:1035_18 expire 1 line
04-20 11:35:03.669  1035  1054 I chatty  : uid=1000(system) Binder:1035_1 expire 2 lines
04-20 11:35:13.415  2389  4177 D TextClassifierService: No configured system TextClassifierService
04-20 11:35:23.514  2389  4177 D TextClassifierService: No configured system TextClassifierService
04-20 11:35:34.362  2389  4177 D TextClassifierService: No configured system TextClassifierService
04-20 11:35:41.704  2389  4177 I chatty  : uid=10144(android.ext.services) pool-2-thread-1 identical 38 lines
04-20 11:35:41.716  2389  4177 D TextClassifierService: No configured system TextClassifierService
04-20 11:35:46.481  1035  1256 I chatty  : uid=1000(system) ActivityManager expire 11 lines
04-20 11:35:48.702  2389  4177 D TextClassifierService: No configured system TextClassifierService
04-20 11:35:55.623  2389  4177 D TextClassifierService: No configured system TextClassifierService
04-20 11:35:57.525  1035  1035 I chatty  : uid=1000 system_server expire 6 lines
04-20 11:35:57.974  1035  1312 I chatty  : uid=1000(system) PowerManagerSer expire 13 lines
04-20 11:35:58.061  1035  1196 I chatty  : uid=1000(system) android.display expire 10 lines
04-20 11:35:58.097  1268  1440 D QMI_FW  : chen-screen off: is_screen_off = 1 
04-20 11:35:58.098  1285  1611 D QMI_FW  : chen-screen off: is_screen_off = 1 
04-20 11:35:58.317  1035  1118 I chatty  : uid=1000(system) android.fg expire 1 line
04-20 11:35:58.399  2389  4177 D TextClassifierService: No configured system TextClassifierService
04-20 11:35:58.447  2389  4177 I chatty  : uid=10144(android.ext.services) pool-2-thread-1 identical 10 lines
04-20 11:35:58.465  2389  4177 D TextClassifierService: No configured system TextClassifierService
04-20 11:36:06.780  2389  4177 D TextClassifierService: No configured system TextClassifierService
04-20 11:36:06.830  2389  4177 D TextClassifierService: No configured system TextClassifierService
04-20 11:36:07.083  1268  1440 D QMI_FW  : chen-screen on: is_screen_off = 0 
04-20 11:36:07.087  1285  1611 D QMI_FW  : chen-screen on: is_screen_off = 0 
04-20 11:36:07.237  2282  2282 I Telephony: : onSubscriptionsChanged - update accounts
04-20 11:36:07.237  2282  2282 I Telephony: PstnIncomingCallNotifier: Unregistering: Handler (com.qualcomm.qti.internal.telephony.QtiGsmCdmaPhone) {7faf73a}
04-20 11:36:07.239  2282  2282 I Telephony: PstnIncomingCallNotifier: Unregistering: Handler (com.qualcomm.qti.internal.telephony.QtiGsmCdmaPhone) {e0b1feb}
04-20 11:36:07.241  2282  2282 I Telephony: TelecomAccountRegistry: setupAccounts: Found 2 phones.  Attempting to register.
04-20 11:36:07.241  2282  2282 I Telephony: TelecomAccountRegistry: setupAccounts: Phone with subscription id 1
04-20 11:36:07.268  1035  2663 I chatty  : uid=1000(system) Binder:1035_A expire 2 lines
04-20 11:36:07.270  2282  2282 I Telephony: AccountEntry: Registered phoneAccount: [[ ] PhoneAccount: ComponentInfo{com.android.phone/com.android.services.telephony.TelephonyConnectionService}, ***, UserHandle{0} Capabilities: SuppVideo Video CallProvider MultiUser PlaceEmerg SimSub  Audio Routes: BESW Schemes: tel voicemail  Extras: Bundle[{android.telecom.extra.SUPPORTS_VIDEO_CALLING_FALLBACK=true, android.telecom.extra.SORT_ORDER=0}] GroupId: ***] with handle: ComponentInfo{com.android.phone/com.android.services.telephony.TelephonyConnectionService}, ***, UserHandle{0}
04-20 11:36:07.270  2282  2282 I Telephony: PstnIncomingCallNotifier: Registering: Handler (com.qualcomm.qti.internal.telephony.QtiGsmCdmaPhone) {7faf73a}
04-20 11:36:07.274  2282  2282 I Telephony: TelecomAccountRegistry: setupAccounts: Phone with subscription id 2
04-20 11:36:07.284  1035  2729 I chatty  : uid=1000(system) Binder:1035_11 expire 4 lines
04-20 11:36:07.286  2282  2282 I Telephony: AccountEntry: Registered phoneAccount: [[ ] PhoneAccount: ComponentInfo{com.android.phone/com.android.services.telephony.TelephonyConnectionService}, ***, UserHandle{0} Capabilities: SuppVideo CallProvider MultiUser PlaceEmerg SimSub  Audio Routes: BESW Schemes: tel voicemail  Extras: Bundle[{android.telecom.extra.SUPPORTS_VIDEO_CALLING_FALLBACK=true, android.telecom.extra.SORT_ORDER=1}] GroupId: ***] with handle: ComponentInfo{com.android.phone/com.android.services.telephony.TelephonyConnectionService}, ***, UserHandle{0}
04-20 11:36:07.286  2282  2282 I Telephony: PstnIncomingCallNotifier: Registering: Handler (com.qualcomm.qti.internal.telephony.QtiGsmCdmaPhone) {e0b1feb}
04-20 11:36:07.305  2282  2282 I Telephony: PstnPhoneCapabilitiesNotifier: handleVideoCapabilitesChanged. Video capability - true
04-20 11:36:07.321  1035  2704 I chatty  : uid=1000(system) Binder:1035_F expire 4 lines
04-20 11:36:07.324  2282  2282 I Telephony: PstnPhoneCapabilitiesNotifier: handleVideoCapabilitesChanged. Video capability - false
04-20 11:36:07.791  1035  5748 I chatty  : uid=1000(system) Binder:1035_1F expire 1 line
04-20 11:36:12.745  1285  1611 D QMI_FW  : chen-screen off: is_screen_off = 1 
04-20 11:36:12.749  1268  1440 D QMI_FW  : chen-screen off: is_screen_off = 1 
04-20 11:36:14.177  2389  4177 D TextClassifierService: No configured system TextClassifierService
04-20 11:36:20.901  2389  4177 I chatty  : uid=10144(android.ext.services) pool-2-thread-1 identical 42 lines
04-20 11:36:20.913  2389  4177 D TextClassifierService: No configured system TextClassifierService
04-20 11:36:24.905  2389  4177 D TextClassifierService: No configured system TextClassifierService
04-20 11:36:26.826  2389  4177 D TextClassifierService: No configured system TextClassifierService
04-20 11:36:34.215  2282  2282 I Telephony: PstnPhoneCapabilitiesNotifier: handleVideoCapabilitesChanged. Video capability - true
04-20 11:36:34.229  1035  5749 I chatty  : uid=1000(system) Binder:1035_20 expire 2 lines
04-20 11:36:38.434  2389  4177 D TextClassifierService: No configured system TextClassifierService
04-20 11:36:38.482  2389  4177 I chatty  : uid=10144(android.ext.services) pool-2-thread-1 identical 14 lines
04-20 11:36:38.486  2389  4177 D TextClassifierService: No configured system TextClassifierService
04-20 11:36:38.668  1035  1312 I chatty  : uid=1000(system) PowerManagerSer expire 12 lines
04-20 11:36:38.751  1268  1440 D QMI_FW  : chen-screen on: is_screen_off = 0 
04-20 11:36:38.752  1285  1611 D QMI_FW  : chen-screen on: is_screen_off = 0 
04-20 11:36:39.543  2389  4177 D TextClassifierService: No configured system TextClassifierService
04-20 11:36:39.553  2389  4177 D TextClassifierService: No configured system TextClassifierService
04-20 11:36:39.553  1285  1611 D QMI_FW  : chen-screen off: is_screen_off = 1 
04-20 11:36:39.554  1268  1440 D QMI_FW  : chen-screen off: is_screen_off = 1 
04-20 11:36:39.557  2389  4177 D TextClassifierService: No configured system TextClassifierService
04-20 11:36:39.582  2389  4177 D TextClassifierService: No configured system TextClassifierService
04-20 11:36:43.715  1035  2702 I chatty  : uid=1000(system) Binder:1035_D expire 2 lines
04-20 11:36:43.720  1035  2163 I chatty  : uid=1000(system) Binder:1035_7 expire 1 line
04-20 11:36:48.439  1268  1440 D QMI_FW  : chen-screen on: is_screen_off = 0 
04-20 11:36:48.441  1285  1611 D QMI_FW  : chen-screen on: is_screen_off = 0 
04-20 11:36:54.039  1268  1440 D QMI_FW  : chen-screen off: is_screen_off = 1 
04-20 11:36:54.041  1285  1611 D QMI_FW  : chen-screen off: is_screen_off = 1 
04-20 11:36:58.492  2389  4177 D TextClassifierService: No configured system TextClassifierService
04-20 11:36:58.539  2389  4177 I chatty  : uid=10144(android.ext.services) pool-2-thread-1 identical 16 lines
04-20 11:36:58.543  2389  4177 D TextClassifierService: No configured system TextClassifierService
04-20 11:36:59.718  1035  1256 I chatty  : uid=1000(system) ActivityManager expire 10 lines
04-20 11:37:08.028  2389  4177 D TextClassifierService: No configured system TextClassifierService
04-20 11:37:08.077  2389  4177 D TextClassifierService: No configured system TextClassifierService
04-20 11:37:22.472  2389  4177 D TextClassifierService: No configured system TextClassifierService
04-20 11:37:22.520  2389  4177 I chatty  : uid=10144(android.ext.services) pool-2-thread-1 identical 64 lines
04-20 11:37:22.522  2389  4177 D TextClassifierService: No configured system TextClassifierService
04-20 11:37:23.370  1035  1523 I chatty  : uid=1000(system) ConnectivitySer expire 3 lines
04-20 11:37:31.325  2389  4177 D TextClassifierService: No configured system TextClassifierService
04-20 11:37:42.569  2389  4177 D TextClassifierService: No configured system TextClassifierService
04-20 11:37:42.582  2389  4177 D TextClassifierService: No configured system TextClassifierService
04-20 11:37:42.590  2389  4177 D TextClassifierService: No configured system TextClassifierService
04-20 11:37:42.665  1035  1312 I chatty  : uid=1000(system) PowerManagerSer expire 8 lines
04-20 11:37:42.741  1268  1440 D QMI_FW  : chen-screen on: is_screen_off = 0 
04-20 11:37:42.744  1285  1611 D QMI_FW  : chen-screen on: is_screen_off = 0 
04-20 11:37:43.724 30429 30429 D ActivityThread: Loading provider contacts;com.android.contacts: com.android.providers.contacts.ContactsProvider2
04-20 11:37:44.089  2389  4177 D TextClassifierService: No configured system TextClassifierService
04-20 11:37:44.236  2389  4177 I chatty  : uid=10144(android.ext.services) pool-2-thread-1 identical 24 lines
04-20 11:37:44.238  2389  4177 D TextClassifierService: No configured system TextClassifierService
04-20 11:37:48.433  1268  1440 D QMI_FW  : chen-screen off: is_screen_off = 1 
04-20 11:37:48.438  1285  1611 D QMI_FW  : chen-screen off: is_screen_off = 1 
04-20 11:37:49.112  2389  4177 D TextClassifierService: No configured system TextClassifierService
04-20 11:37:52.022  2389  4177 D TextClassifierService: No configured system TextClassifierService
04-20 11:37:52.155  1035  1196 I chatty  : uid=1000(system) android.display expire 4 lines
04-20 11:37:52.205  1285  1611 D QMI_FW  : chen-screen on: is_screen_off = 0 
04-20 11:37:52.218  1268  1440 D QMI_FW  : chen-screen on: is_screen_off = 0 
04-20 11:37:52.266  1035  1312 I chatty  : uid=1000(system) PowerManagerSer expire 8 lines
04-20 11:37:52.312  1035  1284 I chatty  : uid=1000(system) batterystats-wo expire 7 lines
04-20 11:37:52.325  1035  1256 I chatty  : uid=1000(system) ActivityManager expire 17 lines
04-20 11:37:56.511  2389  4177 D TextClassifierService: No configured system TextClassifierService
04-20 11:37:56.528  2389  4177 I chatty  : uid=10144(android.ext.services) pool-2-thread-1 identical 19 lines
04-20 11:37:56.529  2389  4177 D TextClassifierService: No configured system TextClassifierService
04-20 11:37:56.529  1268  1440 D QMI_FW  : chen-screen off: is_screen_off = 1 
04-20 11:37:56.536  2389  4177 D TextClassifierService: No configured system TextClassifierService
04-20 11:37:56.538  1285  1611 D QMI_FW  : chen-screen off: is_screen_off = 1 
04-20 11:37:56.550  2389  4177 D TextClassifierService: No configured system TextClassifierService
04-20 11:37:56.573  2389  4177 D TextClassifierService: No configured system TextClassifierService
04-20 11:38:01.206  2389  4177 D TextClassifierService: No configured system TextClassifierService
04-20 11:38:01.749  2389  4177 D TextClassifierService: No configured system TextClassifierService
04-20 11:38:01.758  1035  1035 I chatty  : uid=1000 system_server expire 13 lines
04-20 11:38:01.783  1035  2164 I chatty  : uid=1000(system) Binder:1035_8 expire 10 lines
04-20 11:38:01.797  2389  4177 D TextClassifierService: No configured system TextClassifierService
04-20 11:38:01.801  2389  4177 D TextClassifierService: No configured system TextClassifierService
04-20 11:38:06.754  2389  4177 D TextClassifierService: No configured system TextClassifierService
04-20 11:38:06.817  2389  4177 I chatty  : uid=10144(android.ext.services) pool-2-thread-1 identical 26 lines
04-20 11:38:06.819  2389  4177 D TextClassifierService: No configured system TextClassifierService
04-20 11:38:07.480  1268  1440 D QMI_FW  : chen-screen on: is_screen_off = 0 
04-20 11:38:07.480  1285  1611 D QMI_FW  : chen-screen on: is_screen_off = 0 
04-20 11:38:09.134  2389  4177 D TextClassifierService: No configured system TextClassifierService
04-20 11:38:11.936  2389  4177 D TextClassifierService: No configured system TextClassifierService
04-20 11:38:17.622  2002  2002 W FingerprintManager: Invalid acquired message: 6, 0
04-20 11:38:18.050  2002  2002 W FingerprintManager: Invalid acquired message: 6, 0
04-20 11:38:18.141  1035  1118 I chatty  : uid=1000(system) android.fg expire 3 lines
04-20 11:38:18.197  1035  2702 I chatty  : uid=1000(system) Binder:1035_D expire 3 lines
04-20 11:38:18.214  1035  2163 I chatty  : uid=1000(system) Binder:1035_7 expire 1 line
04-20 11:38:23.601  1035  1745 I chatty  : uid=1000(system) Binder:1035_5 expire 1 line
04-20 11:38:23.724  2389  4177 D TextClassifierService: No configured system TextClassifierService
04-20 11:38:23.779  2389  4177 I chatty  : uid=10144(android.ext.services) pool-2-thread-1 identical 20 lines
04-20 11:38:23.782  2389  4177 D TextClassifierService: No configured system TextClassifierService
04-20 11:38:29.618  1035  1035 I chatty  : uid=1000 system_server expire 13 lines
04-20 11:38:29.666  1035  2704 I chatty  : uid=1000(system) Binder:1035_F expire 1 line
04-20 11:38:29.789  2389  4177 D TextClassifierService: No configured system TextClassifierService
04-20 11:38:29.840  2389  4177 D TextClassifierService: No configured system TextClassifierService
04-20 11:38:29.865  1035  1256 I chatty  : uid=1000(system) ActivityManager expire 11 lines
04-20 11:38:29.931  1035  2283 I chatty  : uid=1000(system) uteStateMachine expire 10 lines
04-20 11:38:29.932  1035  2268 I chatty  : uid=1000(system) BluetoothRouteM expire 1 line
04-20 11:38:29.970  1035  1055 I chatty  : uid=1000(system) Binder:1035_2 expire 3 lines
04-20 11:38:51.406  1035  2701 I chatty  : uid=1000(system) Binder:1035_C expire 2 lines
04-20 11:38:52.053  2389  4177 D TextClassifierService: No configured system TextClassifierService
04-20 11:38:52.098  2389  4177 I chatty  : uid=10144(android.ext.services) pool-2-thread-1 identical 14 lines
04-20 11:38:52.103  2389  4177 D TextClassifierService: No configured system TextClassifierService
04-20 11:38:56.355  1035  1257 I chatty  : uid=1000(system) ActivityManager expire 8 lines
04-20 11:38:57.507  2389  4177 D TextClassifierService: No configured system TextClassifierService
04-20 11:38:57.561  2389  4177 D TextClassifierService: No configured system TextClassifierService
04-20 11:39:02.852  2002  2002 V DeadZone: consuming errant click: (1075.0,21.0)
04-20 11:39:02.858  2002  2002 V DeadZone: consuming errant click: (1075.0,21.0)
04-20 11:39:04.570  1035  3507 I chatty  : uid=1000(system) Binder:1035_16 expire 1 line
04-20 11:39:13.215  1035  1552 I chatty  : uid=1000(system) Binder:1035_3 expire 2 lines
04-20 11:39:15.332  2389  4177 D TextClassifierService: No configured system TextClassifierService
04-20 11:39:15.370  2389  4177 I chatty  : uid=10144(android.ext.services) pool-2-thread-1 identical 10 lines
04-20 11:39:15.376  2389  4177 D TextClassifierService: No configured system TextClassifierService
04-20 11:39:19.457  1035  3494 I chatty  : uid=1000(system) Binder:1035_13 expire 9 lines
04-20 11:39:22.899  1035  5743 I chatty  : uid=1000(system) Binder:1035_1C expire 2 lines
04-20 11:39:25.578  2389  4177 D TextClassifierService: No configured system TextClassifierService
04-20 11:39:25.617  2389  4177 I chatty  : uid=10144(android.ext.services) pool-2-thread-1 identical 10 lines
04-20 11:39:25.623  2389  4177 D TextClassifierService: No configured system TextClassifierService
04-20 11:39:33.934  1035  5734 I chatty  : uid=1000(system) Binder:1035_17 expire 2 lines
04-20 11:39:34.829 15534 15534 W FingerprintManager: Invalid acquired message: 6, 0
04-20 11:39:35.846  2389  4177 D TextClassifierService: No configured system TextClassifierService
04-20 11:39:35.919  2389  4177 I chatty  : uid=10144(android.ext.services) pool-2-thread-1 identical 18 lines
04-20 11:39:35.921  2389  4177 D TextClassifierService: No configured system TextClassifierService
04-20 11:39:45.592  2389  4177 D TextClassifierService: No configured system TextClassifierService
04-20 11:39:45.653  2389  4177 D TextClassifierService: No configured system TextClassifierService
04-20 11:39:45.723  1035  1256 I chatty  : uid=1000(system) ActivityManager expire 5 lines
04-20 11:39:45.892  2282  2282 I Telephony: : onSubscriptionsChanged - update accounts
04-20 11:39:45.892  2282  2282 I Telephony: PstnIncomingCallNotifier: Unregistering: Handler (com.qualcomm.qti.internal.telephony.QtiGsmCdmaPhone) {7faf73a}
04-20 11:39:45.894  2282  2282 I Telephony: PstnIncomingCallNotifier: Unregistering: Handler (com.qualcomm.qti.internal.telephony.QtiGsmCdmaPhone) {e0b1feb}
04-20 11:39:45.899  2282  2282 I Telephony: TelecomAccountRegistry: setupAccounts: Found 2 phones.  Attempting to register.
04-20 11:39:45.899  2282  2282 I Telephony: TelecomAccountRegistry: setupAccounts: Phone with subscription id 1
04-20 11:39:45.903  1035  1516 I chatty  : uid=1000(system) NetworkPolicy expire 1 line
04-20 11:39:45.911  2282  2282 I Telephony: AccountEntry: Registered phoneAccount: [[ ] PhoneAccount: ComponentInfo{com.android.phone/com.android.services.telephony.TelephonyConnectionService}, ***, UserHandle{0} Capabilities: SuppVideo Video CallProvider MultiUser PlaceEmerg SimSub  Audio Routes: BESW Schemes: tel voicemail  Extras: Bundle[{android.telecom.extra.SUPPORTS_VIDEO_CALLING_FALLBACK=true, android.telecom.extra.SORT_ORDER=0}] GroupId: ***] with handle: ComponentInfo{com.android.phone/com.android.services.telephony.TelephonyConnectionService}, ***, UserHandle{0}
04-20 11:39:45.911  2282  2282 I Telephony: PstnIncomingCallNotifier: Registering: Handler (com.qualcomm.qti.internal.telephony.QtiGsmCdmaPhone) {7faf73a}
04-20 11:39:45.916  2282  2282 I Telephony: TelecomAccountRegistry: setupAccounts: Phone with subscription id 2
04-20 11:39:45.927  2282  2282 I Telephony: AccountEntry: Registered phoneAccount: [[ ] PhoneAccount: ComponentInfo{com.android.phone/com.android.services.telephony.TelephonyConnectionService}, ***, UserHandle{0} Capabilities: SuppVideo Video CallProvider MultiUser PlaceEmerg SimSub  Audio Routes: BESW Schemes: tel voicemail  Extras: Bundle[{android.telecom.extra.SUPPORTS_VIDEO_CALLING_FALLBACK=true, android.telecom.extra.SORT_ORDER=1}] GroupId: ***] with handle: ComponentInfo{com.android.phone/com.android.services.telephony.TelephonyConnectionService}, ***, UserHandle{0}
04-20 11:39:45.927  2282  2282 I Telephony: PstnIncomingCallNotifier: Registering: Handler (com.qualcomm.qti.internal.telephony.QtiGsmCdmaPhone) {e0b1feb}
04-20 11:39:45.932  2282  2282 I Telephony: PstnPhoneCapabilitiesNotifier: handleVideoCapabilitesChanged. Video capability - true
04-20 11:39:45.943  2282  2282 I Telephony: PstnPhoneCapabilitiesNotifier: handleVideoCapabilitesChanged. Video capability - true
04-20 11:39:46.422  1035  1523 I chatty  : uid=1000(system) ConnectivitySer expire 1 line
04-20 11:39:55.155  2389  4177 D TextClassifierService: No configured system TextClassifierService
04-20 11:39:56.475  2389  4177 I chatty  : uid=10144(android.ext.services) pool-2-thread-1 identical 29 lines
04-20 11:39:56.478  2389  4177 D TextClassifierService: No configured system TextClassifierService
04-20 11:40:00.462  1035  1256 I chatty  : uid=1000(system) ActivityManager expire 10 lines
04-20 11:40:01.333  1035  5746 I chatty  : uid=1000(system) Binder:1035_1D expire 2 lines
04-20 11:40:01.340  1035  1202 I chatty  : uid=1000(system) android.anim expire 1 line
04-20 11:40:03.950  1035  1254 I chatty  : uid=1000(system) android.bg expire 1 line
04-20 11:40:05.811  2389  4177 D TextClassifierService: No configured system TextClassifierService
04-20 11:40:07.986  2389  4177 D TextClassifierService: No configured system TextClassifierService
04-20 11:40:07.991 30685 30685 E ActivityThread: Service com.firebase.jobdispatcher.GooglePlayReceiver has leaked ServiceConnection bxs@b067720 that was originally bound here
04-20 11:40:07.991 30685 30685 E ActivityThread: android.app.ServiceConnectionLeaked: Service com.firebase.jobdispatcher.GooglePlayReceiver has leaked ServiceConnection bxs@b067720 that was originally bound here
04-20 11:40:07.991 30685 30685 E ActivityThread: 	at android.app.LoadedApk$ServiceDispatcher.<init>(LoadedApk.java:1810)
04-20 11:40:07.991 30685 30685 E ActivityThread: 	at android.app.LoadedApk.getServiceDispatcherCommon(LoadedApk.java:1682)
04-20 11:40:07.991 30685 30685 E ActivityThread: 	at android.app.LoadedApk.getServiceDispatcher(LoadedApk.java:1661)
04-20 11:40:07.991 30685 30685 E ActivityThread: 	at android.app.ContextImpl.bindServiceCommon(ContextImpl.java:1721)
04-20 11:40:07.991 30685 30685 E ActivityThread: 	at android.app.ContextImpl.bindService(ContextImpl.java:1650)
04-20 11:40:07.991 30685 30685 E ActivityThread: 	at android.content.ContextWrapper.bindService(ContextWrapper.java:705)
04-20 11:40:07.991 30685 30685 E ActivityThread: 	at bxd.a(Unknown Source:18)
04-20 11:40:07.991 30685 30685 E ActivityThread: 	at bxd.a(Unknown Source:169)
04-20 11:40:07.991 30685 30685 E ActivityThread: 	at bxj.handleMessage(Unknown Source:116)
04-20 11:40:07.991 30685 30685 E ActivityThread: 	at android.os.Handler.dispatchMessage(Handler.java:107)
04-20 11:40:07.991 30685 30685 E ActivityThread: 	at android.os.Looper.loop(Looper.java:214)
04-20 11:40:07.991 30685 30685 E ActivityThread: 	at android.app.ActivityThread.main(ActivityThread.java:7397)
04-20 11:40:07.991 30685 30685 E ActivityThread: 	at java.lang.reflect.Method.invoke(Native Method)
04-20 11:40:07.991 30685 30685 E ActivityThread: 	at com.android.internal.os.RuntimeInit$MethodAndArgsCaller.run(RuntimeInit.java:492)
04-20 11:40:07.991 30685 30685 E ActivityThread: 	at com.android.internal.os.ZygoteInit.main(ZygoteInit.java:915)
04-20 11:40:07.992  2389  4177 D TextClassifierService: No configured system TextClassifierService
