04-20 12:04:51.298  2002  2002 W FingerprintManager: Invalid acquired message: 6, 0
04-20 12:04:51.340  2389  4177 D TextClassifierService: No configured system TextClassifierService
04-20 12:04:51.352  2389  4177 D TextClassifierService: No configured system TextClassifierService
04-20 12:04:51.394  1035  1312 I chatty  : uid=1000(system) PowerManagerSer expire 11 lines
04-20 12:04:51.452  1035  5748 I chatty  : uid=1000(system) Binder:1035_1F expire 4 lines
04-20 12:04:51.477  1285  1611 D QMI_FW  : chen-screen on: is_screen_off = 0 
04-20 12:04:51.481  1268  1440 D QMI_FW  : chen-screen on: is_screen_off = 0 
04-20 12:04:51.594  1035  3494 I chatty  : uid=1000(system) Binder:1035_13 expire 5 lines
04-20 12:04:51.622  2282  2282 I Telephony: : onSubscriptionsChanged - update accounts
04-20 12:04:51.622  2282  2282 I Telephony: PstnIncomingCallNotifier: Unregistering: Handler (com.qualcomm.qti.internal.telephony.QtiGsmCdmaPhone) {7faf73a}
04-20 12:04:51.623  2282  2282 I Telephony: PstnIncomingCallNotifier: Unregistering: Handler (com.qualcomm.qti.internal.telephony.QtiGsmCdmaPhone) {e0b1feb}
04-20 12:04:51.623  2282  2282 I Telephony: TelecomAccountRegistry: setupAccounts: Found 2 phones.  Attempting to register.
04-20 12:04:51.623  2282  2282 I Telephony: TelecomAccountRegistry: setupAccounts: Phone with subscription id 1
04-20 12:04:51.640  2282  2282 I Telephony: AccountEntry: Registered phoneAccount: [[ ] PhoneAccount: ComponentInfo{com.android.phone/com.android.services.telephony.TelephonyConnectionService}, ***, UserHandle{0} Capabilities: SuppVideo Video CallProvider MultiUser PlaceEmerg SimSub  Audio Routes: BESW Schemes: tel voicemail  Extras: Bundle[{android.telecom.extra.SUPPORTS_VIDEO_CALLING_FALLBACK=true, android.telecom.extra.SORT_ORDER=0}] GroupId: ***] with handle: ComponentInfo{com.android.phone/com.android.services.telephony.TelephonyConnectionService}, ***, UserHandle{0}
04-20 12:04:51.640  2282  2282 I Telephony: PstnIncomingCallNotifier: Registering: Handler (com.qualcomm.qti.internal.telephony.QtiGsmCdmaPhone) {7faf73a}
04-20 12:04:51.642  2282  2282 I Telephony: TelecomAccountRegistry: setupAccounts: Phone with subscription id 2
04-20 12:04:51.655  1035  2703 I chatty  : uid=1000(system) Binder:1035_E expire 4 lines
04-20 12:04:51.657  2282  2282 I Telephony: AccountEntry: Registered phoneAccount: [[ ] PhoneAccount: ComponentInfo{com.android.phone/com.android.services.telephony.TelephonyConnectionService}, ***, UserHandle{0} Capabilities: SuppVideo Video CallProvider MultiUser PlaceEmerg SimSub  Audio Routes: BESW Schemes: tel voicemail  Extras: Bundle[{android.telecom.extra.SUPPORTS_VIDEO_CALLING_FALLBACK=true, android.telecom.extra.SORT_ORDER=1}] GroupId: ***] with handle: ComponentInfo{com.android.phone/com.android.services.telephony.TelephonyConnectionService}, ***, UserHandle{0}
04-20 12:04:51.657  2282  2282 I Telephony: PstnIncomingCallNotifier: Registering: Handler (com.qualcomm.qti.internal.telephony.QtiGsmCdmaPhone) {e0b1feb}
04-20 12:04:51.684  2282  2282 I Telephony: PstnPhoneCapabilitiesNotifier: handleVideoCapabilitesChanged. Video capability - true
04-20 12:04:51.726  2282  2282 I Telephony: PstnPhoneCapabilitiesNotifier: handleVideoCapabilitesChanged. Video capability - true
04-20 12:04:57.815 15534 15534 W FingerprintManager: Invalid acquired message: 6, 0
04-20 12:04:57.873  1035  1035 I chatty  : uid=1000 system_server expire 10 lines
04-20 12:05:15.377  1035  1174 I chatty  : uid=1000(system) android.ui expire 3 lines
04-20 12:05:15.430  3639  3639 W ContextImpl: Calling a method in the system process without a qualified user: android.app.ContextImpl.bindService:1649 android.content.ContextWrapper.bindService:705 com.asus.stitchimage.h.c.a:20 com.asus.stitchimage.h.c.a:2 com.asus.stitchimage.OverlayService.z:22 
04-20 12:05:16.631  1035  1256 I chatty  : uid=1000(system) ActivityManager expire 4 lines
04-20 12:05:17.418  3639  3639 W ContextImpl: Calling a method in the system process without a qualified user: android.app.ContextImpl.stopService:1582 android.content.ContextWrapper.stopService:679 com.asus.stitchimage.f.t.f:15 com.asus.stitchimage.f.t.a:0 com.asus.stitchimage.f.r.a:105 
04-20 12:05:18.951  3639  3639 W ContextImpl: Calling a method in the system process without a qualified user: android.app.ContextImpl.bindService:1649 android.content.ContextWrapper.bindService:705 com.asus.stitchimage.h.c.a:20 com.asus.stitchimage.h.c.a:2 com.asus.stitchimage.OverlayService.z:22 
04-20 12:05:20.569  3639  3639 W ContextImpl: Calling a method in the system process without a qualified user: android.app.ContextImpl.stopService:1582 android.content.ContextWrapper.stopService:679 com.asus.stitchimage.f.t.f:15 com.asus.stitchimage.f.t.a:0 com.asus.stitchimage.f.r.a:105 
04-20 12:05:25.102  2389  4177 D TextClassifierService: No configured system TextClassifierService
04-20 12:05:25.109  2389  4177 D TextClassifierService: No configured system TextClassifierService
04-20 12:05:26.924  1035  1509 I chatty  : uid=1000(system) InputReader expire 2 lines
04-20 12:05:27.483  1268  1440 D QMI_FW  : chen-screen off: is_screen_off = 1 
04-20 12:05:27.484  1285  1611 D QMI_FW  : chen-screen off: is_screen_off = 1 
04-20 12:06:01.309  1035  1552 I chatty  : uid=1000(system) Binder:1035_3 expire 1 line
04-20 12:06:48.546  2389  4177 D TextClassifierService: No configured system TextClassifierService
04-20 12:06:48.551  2389  4177 D TextClassifierService: No configured system TextClassifierService
04-20 12:06:48.781  1035  1312 I chatty  : uid=1000(system) PowerManagerSer expire 12 lines
04-20 12:06:48.840  1285  1611 D QMI_FW  : chen-screen on: is_screen_off = 0 
04-20 12:06:48.844  1268  1440 D QMI_FW  : chen-screen on: is_screen_off = 0 
04-20 12:06:52.539  2389  4177 D TextClassifierService: No configured system TextClassifierService
04-20 12:06:52.553  2389  4177 D TextClassifierService: No configured system TextClassifierService
04-20 12:06:55.266  1268  1440 D QMI_FW  : chen-screen off: is_screen_off = 1 
04-20 12:06:55.269  1285  1611 D QMI_FW  : chen-screen off: is_screen_off = 1 
04-20 12:07:09.091  1035  1035 I chatty  : uid=1000 system_server expire 2 lines
04-20 12:07:26.985  2389  4177 D TextClassifierService: No configured system TextClassifierService
04-20 12:07:26.995  2389  4177 D TextClassifierService: No configured system TextClassifierService
04-20 12:07:27.377  1285  1611 D QMI_FW  : chen-screen on: is_screen_off = 0 
04-20 12:07:27.378  1268  1440 D QMI_FW  : chen-screen on: is_screen_off = 0 
04-20 12:07:32.397  1035  2701 I chatty  : uid=1000(system) Binder:1035_C expire 1 line
04-20 12:07:32.933  1035  1196 I chatty  : uid=1000(system) android.display expire 10 lines
04-20 12:07:32.983  1285  1611 D QMI_FW  : chen-screen off: is_screen_off = 1 
04-20 12:07:32.987  1268  1440 D QMI_FW  : chen-screen off: is_screen_off = 1 
04-20 12:07:33.041  1035  1284 I chatty  : uid=1000(system) batterystats-wo expire 6 lines
04-20 12:07:33.044  1035  1256 I chatty  : uid=1000(system) ActivityManager expire 8 lines
04-20 12:07:33.566  2389  4177 D TextClassifierService: No configured system TextClassifierService
04-20 12:07:35.199  2389  4177 I chatty  : uid=10144(android.ext.services) pool-2-thread-1 identical 14 lines
04-20 12:07:35.202  2389  4177 D TextClassifierService: No configured system TextClassifierService
04-20 12:07:35.830  1035  1035 I chatty  : uid=1000 system_server expire 10 lines
04-20 12:07:35.832  1035  1118 I chatty  : uid=1000(system) android.fg expire 2 lines
04-20 12:07:46.449  2389  4177 D TextClassifierService: No configured system TextClassifierService
04-20 12:07:46.469  2389  4177 D TextClassifierService: No configured system TextClassifierService
04-20 12:07:48.877  1035  1312 I chatty  : uid=1000(system) PowerManagerSer expire 12 lines
04-20 12:07:48.979  1285  1611 D QMI_FW  : chen-screen on: is_screen_off = 0 
04-20 12:07:48.980  1268  1440 D QMI_FW  : chen-screen on: is_screen_off = 0 
04-20 12:07:54.601  1268  1440 D QMI_FW  : chen-screen off: is_screen_off = 1 
04-20 12:07:54.612  1285  1611 D QMI_FW  : chen-screen off: is_screen_off = 1 
04-20 12:08:05.744  2389  4177 D TextClassifierService: No configured system TextClassifierService
04-20 12:08:05.761  2389  4177 D TextClassifierService: No configured system TextClassifierService
04-20 12:08:10.814  1268  1440 D QMI_FW  : chen-screen on: is_screen_off = 0 
04-20 12:08:10.825  1285  1611 D QMI_FW  : chen-screen on: is_screen_off = 0 
04-20 12:08:13.220  2389  4177 D TextClassifierService: No configured system TextClassifierService
04-20 12:08:13.227  2389  4177 D TextClassifierService: No configured system TextClassifierService
04-20 12:08:13.306  1285  1611 D QMI_FW  : chen-screen off: is_screen_off = 1 
04-20 12:08:13.309  1268  1440 D QMI_FW  : chen-screen off: is_screen_off = 1 
04-20 12:08:15.698  2389  4177 D TextClassifierService: No configured system TextClassifierService
04-20 12:08:32.858  2389  4177 D TextClassifierService: No configured system TextClassifierService
04-20 12:08:32.921  2389  4177 D TextClassifierService: No configured system TextClassifierService
04-20 12:08:32.926  2389  4177 D TextClassifierService: No configured system TextClassifierService
04-20 12:08:33.359  1035  9029 I chatty  : uid=1000 system_server expire 1 line
04-20 12:09:24.707  2389  4177 D TextClassifierService: No configured system TextClassifierService
04-20 12:09:24.723  2389  4177 I chatty  : uid=10144(android.ext.services) pool-2-thread-1 identical 10 lines
04-20 12:09:24.730  2389  4177 D TextClassifierService: No configured system TextClassifierService
04-20 12:09:25.035  1035  1312 I chatty  : uid=1000(system) PowerManagerSer expire 12 lines
04-20 12:09:25.143  1268  1440 D QMI_FW  : chen-screen on: is_screen_off = 0 
04-20 12:09:25.150  1285  1611 D QMI_FW  : chen-screen on: is_screen_off = 0 
04-20 12:09:25.790  1035  1254 I chatty  : uid=1000(system) android.bg expire 3 lines
04-20 12:09:25.802  1035  1523 I chatty  : uid=1000(system) ConnectivitySer expire 13 lines
04-20 12:09:30.201  2389  4177 D TextClassifierService: No configured system TextClassifierService
04-20 12:09:30.225  2389  4177 D TextClassifierService: No configured system TextClassifierService
04-20 12:09:35.456  1285  1611 D QMI_FW  : chen-screen off: is_screen_off = 1 
04-20 12:09:35.455  1268  1440 D QMI_FW  : chen-screen off: is_screen_off = 1 
04-20 12:09:36.883  2389  4177 D TextClassifierService: No configured system TextClassifierService
04-20 12:09:38.706  2389  4177 D TextClassifierService: No configured system TextClassifierService
04-20 12:09:38.711  1035  1035 I chatty  : uid=1000 system_server expire 9 lines
04-20 12:09:38.921  1268  1440 D QMI_FW  : chen-screen on: is_screen_off = 0 
04-20 12:09:38.934  1285  1611 D QMI_FW  : chen-screen on: is_screen_off = 0 
04-20 12:09:44.557  1285  1611 D QMI_FW  : chen-screen off: is_screen_off = 1 
04-20 12:09:44.562  1268  1440 D QMI_FW  : chen-screen off: is_screen_off = 1 
04-20 12:09:50.027  2389  4177 D TextClassifierService: No configured system TextClassifierService
04-20 12:09:50.094  2389  4177 D TextClassifierService: No configured system TextClassifierService
04-20 12:09:50.338  1035  1312 I chatty  : uid=1000(system) PowerManagerSer expire 6 lines
04-20 12:09:50.412  1268  1440 D QMI_FW  : chen-screen on: is_screen_off = 0 
04-20 12:09:50.412  1285  1611 D QMI_FW  : chen-screen on: is_screen_off = 0 
04-20 12:09:52.951  2389  4177 D TextClassifierService: No configured system TextClassifierService
04-20 12:09:52.982  2389  4177 D TextClassifierService: No configured system TextClassifierService
04-20 12:09:55.416  1035  1257 I chatty  : uid=1000(system) ActivityManager expire 1 line
04-20 12:09:55.563  9202  9202 D ActivityThread: Loading provider contacts;com.android.contacts: com.android.providers.contacts.ContactsProvider2
04-20 12:09:55.854  1035  5746 I chatty  : uid=1000(system) Binder:1035_1D expire 1 line
04-20 12:09:58.168  1035  1196 I chatty  : uid=1000(system) android.display expire 4 lines
04-20 12:09:58.209  1268  1440 D QMI_FW  : chen-screen off: is_screen_off = 1 
04-20 12:09:58.219  1285  1611 D QMI_FW  : chen-screen off: is_screen_off = 1 
04-20 12:10:06.731  2389  4177 D TextClassifierService: No configured system TextClassifierService
04-20 12:10:06.739  2389  4177 D TextClassifierService: No configured system TextClassifierService
04-20 12:10:13.464  1035  1035 I chatty  : uid=1000 system_server expire 5 lines
04-20 12:10:30.725  2389  4177 D TextClassifierService: No configured system TextClassifierService
04-20 12:10:56.193  2389  4177 I chatty  : uid=10144(android.ext.services) pool-2-thread-1 identical 12 lines
04-20 12:10:56.202  2389  4177 D TextClassifierService: No configured system TextClassifierService
04-20 12:11:01.856  1035  1284 I chatty  : uid=1000(system) batterystats-wo expire 19 lines
04-20 12:11:25.753  1035  1256 I chatty  : uid=1000(system) ActivityManager expire 30 lines
04-20 12:15:25.714  1035  1118 I chatty  : uid=1000(system) android.fg expire 4 lines
04-20 12:16:10.883  1035  1523 I chatty  : uid=1000(system) ConnectivitySer expire 28 lines
04-20 12:16:25.355  1035  5746 I chatty  : uid=1000(system) Binder:1035_1D expire 1 line
04-20 12:16:47.606  2389  4177 D TextClassifierService: No configured system TextClassifierService
04-20 12:16:47.628  2389  4177 D TextClassifierService: No configured system TextClassifierService
04-20 12:16:47.948  1035  1312 I chatty  : uid=1000(system) PowerManagerSer expire 11 lines
04-20 12:16:48.048  1268  1440 D QMI_FW  : chen-screen on: is_screen_off = 0 
04-20 12:16:48.049  1285  1611 D QMI_FW  : chen-screen on: is_screen_off = 0 
04-20 12:16:48.134  1035  1284 I chatty  : uid=1000(system) batterystats-wo expire 6 lines
04-20 12:16:48.136  1035  1256 I chatty  : uid=1000(system) ActivityManager expire 11 lines
04-20 12:16:49.755  2389  4177 D TextClassifierService: No configured system TextClassifierService
04-20 12:16:49.769  2389  4177 D TextClassifierService: No configured system TextClassifierService
04-20 12:16:49.781  1268  1440 D QMI_FW  : chen-screen off: is_screen_off = 1 
04-20 12:16:49.793  1285  1611 D QMI_FW  : chen-screen off: is_screen_off = 1 
04-20 12:17:36.004  1035  1515 I chatty  : uid=1000(system) NetworkStats expire 1 line
04-20 12:17:36.012  1035  1254 I chatty  : uid=1000(system) android.bg expire 2 lines
04-20 12:17:36.061  1035  1257 I chatty  : uid=1000(system) ActivityManager expire 2 lines
04-20 12:17:36.238  1035  3014 I chatty  : uid=1000(system) Binder:1035_12 expire 4 lines
04-20 12:18:54.370  2389  4177 D TextClassifierService: No configured system TextClassifierService
04-20 12:18:54.399  2389  4177 D TextClassifierService: No configured system TextClassifierService
04-20 12:18:55.033  1035  1256 I chatty  : uid=1000(system) ActivityManager expire 10 lines
04-20 12:18:55.099  1268  1440 D QMI_FW  : chen-screen on: is_screen_off = 0 
04-20 12:18:55.099  1285  1611 D QMI_FW  : chen-screen on: is_screen_off = 0 
04-20 12:19:00.702  1035  1312 I chatty  : uid=1000(system) PowerManagerSer expire 10 lines
04-20 12:19:00.704  1035  1196 I chatty  : uid=1000(system) android.display expire 6 lines
04-20 12:19:00.733  1285  1611 D QMI_FW  : chen-screen off: is_screen_off = 1 
04-20 12:19:00.738  1268  1440 D QMI_FW  : chen-screen off: is_screen_off = 1 
04-20 12:19:02.523  1035  1035 I chatty  : uid=1000 system_server expire 14 lines
04-20 12:19:25.755  1035  1284 I chatty  : uid=1000(system) batterystats-wo expire 5 lines
04-20 12:19:33.413  1035  1758 I chatty  : uid=1000(system) Binder:1035_6 expire 1 line
04-20 12:19:33.883  1035  1257 I chatty  : uid=1000(system) ActivityManager expire 10 lines
04-20 12:19:34.848  1035  1055 I chatty  : uid=1000(system) Binder:1035_2 expire 6 lines
04-20 12:19:37.977  1035  2702 I chatty  : uid=1000(system) Binder:1035_D expire 3 lines
04-20 12:19:41.439  2389  4177 D TextClassifierService: No configured system TextClassifierService
04-20 12:19:41.456  2389  4177 I chatty  : uid=10144(android.ext.services) pool-2-thread-1 identical 2 lines
04-20 12:19:41.462  2389  4177 D TextClassifierService: No configured system TextClassifierService
04-20 12:19:55.957  1035  1509 I chatty  : uid=1000(system) InputReader expire 4 lines
04-20 12:19:56.081  1285  1611 D QMI_FW  : chen-screen on: is_screen_off = 0 
04-20 12:19:56.087  1268  1440 D QMI_FW  : chen-screen on: is_screen_off = 0 
04-20 12:19:56.156  1035  1118 I chatty  : uid=1000(system) android.fg expire 4 lines
04-20 12:19:56.166  1035  1054 I chatty  : uid=1000(system) Binder:1035_1 expire 2 lines
04-20 12:19:56.179  1035  1256 I chatty  : uid=1000(system) ActivityManager expire 15 lines
04-20 12:19:56.674  2002  2002 W FingerprintManager: Invalid acquired message: 6, 0
04-20 12:19:57.132  1035  1254 I chatty  : uid=1000(system) android.bg expire 2 lines
04-20 12:19:57.143  1035  2697 I chatty  : uid=1000(system) Binder:1035_B expire 1 line
04-20 12:19:57.146  1035  1523 I chatty  : uid=1000(system) ConnectivitySer expire 16 lines
04-20 12:19:59.261  9829  9829 E LoadedApk: Unable to instantiate appComponentFactory
04-20 12:19:59.261  9829  9829 E LoadedApk: java.lang.ClassNotFoundException: Didn't find class "androidx.core.app.CoreComponentFactory" on path: DexPathList[[zip file "/data/app/com.instagram.android-7bpvEUzK634KrVBInEJntQ==/base.apk", zip file "/data/app/com.instagram.android-7bpvEUzK634KrVBInEJntQ==/split_arservicesforpersonsegmentation.apk", zip file "/data/app/com.instagram.android-7bpvEUzK634KrVBInEJntQ==/split_caffe2.apk", zip file "/data/app/com.instagram.android-7bpvEUzK634KrVBInEJntQ==/split_slam.apk"],nativeLibraryDirectories=[/data/app/com.instagram.android-7bpvEUzK634KrVBInEJntQ==/lib/arm64, /data/app/com.instagram.android-7bpvEUzK634KrVBInEJntQ==/base.apk!/lib/arm64-v8a, /data/app/com.instagram.android-7bpvEUzK634KrVBInEJntQ==/split_arservicesforpersonsegmentation.apk!/lib/arm64-v8a, /data/app/com.instagram.android-7bpvEUzK634KrVBInEJntQ==/split_caffe2.apk!/lib/arm64-v8a, /data/app/com.instagram.android-7bpvEUzK634KrVBInEJntQ==/split_slam.apk!/lib/arm64-v8a, /system/lib64, /system/product/lib64]]
04-20 12:19:59.261  9829  9829 E LoadedApk: 	at dalvik.system.BaseDexClassLoader.findClass(BaseDexClassLoader.java:196)
04-20 12:19:59.261  9829  9829 E LoadedApk: 	at java.lang.ClassLoader.loadClass(ClassLoader.java:379)
04-20 12:19:59.261  9829  9829 E LoadedApk: 	at java.lang.ClassLoader.loadClass(ClassLoader.java:312)
04-20 12:19:59.261  9829  9829 E LoadedApk: 	at android.app.LoadedApk.createAppFactory(LoadedApk.java:256)
04-20 12:19:59.261  9829  9829 E LoadedApk: 	at android.app.LoadedApk.createOrUpdateClassLoaderLocked(LoadedApk.java:860)
04-20 12:19:59.261  9829  9829 E LoadedApk: 	at android.app.LoadedApk.getClassLoader(LoadedApk.java:955)
04-20 12:19:59.261  9829  9829 E LoadedApk: 	at android.app.LoadedApk.getResources(LoadedApk.java:1193)
04-20 12:19:59.261  9829  9829 E LoadedApk: 	at android.app.ContextImpl.createAppContext(ContextImpl.java:2462)
04-20 12:19:59.261  9829  9829 E LoadedApk: 	at android.app.ContextImpl.createAppContext(ContextImpl.java:2454)
04-20 12:19:59.261  9829  9829 E LoadedApk: 	at android.app.ActivityThread.handleBindApplication(ActivityThread.java:6353)
04-20 12:19:59.261  9829  9829 E LoadedApk: 	at android.app.ActivityThread.access$1300(ActivityThread.java:220)
04-20 12:19:59.261  9829  9829 E LoadedApk: 	at android.app.ActivityThread$H.handleMessage(ActivityThread.java:1860)
04-20 12:19:59.261  9829  9829 E LoadedApk: 	at android.os.Handler.dispatchMessage(Handler.java:107)
04-20 12:19:59.261  9829  9829 E LoadedApk: 	at android.os.Looper.loop(Looper.java:214)
04-20 12:19:59.261  9829  9829 E LoadedApk: 	at android.app.ActivityThread.main(ActivityThread.java:7397)
04-20 12:19:59.261  9829  9829 E LoadedApk: 	at java.lang.reflect.Method.invoke(Native Method)
04-20 12:19:59.261  9829  9829 E LoadedApk: 	at com.android.internal.os.RuntimeInit$MethodAndArgsCaller.run(RuntimeInit.java:492)
04-20 12:19:59.261  9829  9829 E LoadedApk: 	at com.android.internal.os.ZygoteInit.main(ZygoteInit.java:915)
04-20 12:19:59.261  9829  9829 E LoadedApk: 	Suppressed: java.io.IOException: No original dex files found for dex location /data/app/com.instagram.android-7bpvEUzK634KrVBInEJntQ==/split_arservicesforpersonsegmentation.apk
04-20 12:19:59.261  9829  9829 E LoadedApk: 		at dalvik.system.DexFile.openDexFileNative(Native Method)
04-20 12:19:59.261  9829  9829 E LoadedApk: 		at dalvik.system.DexFile.openDexFile(DexFile.java:365)
04-20 12:19:59.261  9829  9829 E LoadedApk: 		at dalvik.system.DexFile.<init>(DexFile.java:107)
04-20 12:19:59.261  9829  9829 E LoadedApk: 		at dalvik.system.DexFile.<init>(DexFile.java:80)
04-20 12:19:59.261  9829  9829 E LoadedApk: 		at dalvik.system.DexPathList.loadDexFile(DexPathList.java:444)
04-20 12:19:59.261  9829  9829 E LoadedApk: 		at dalvik.system.DexPathList.makeDexElements(DexPathList.java:403)
04-20 12:19:59.261  9829  9829 E LoadedApk: 		at dalvik.system.DexPathList.<init>(DexPathList.java:164)
04-20 12:19:59.261  9829  9829 E LoadedApk: 		at dalvik.system.BaseDexClassLoader.<init>(BaseDexClassLoader.java:126)
04-20 12:19:59.261  9829  9829 E LoadedApk: 		at dalvik.system.BaseDexClassLoader.<init>(BaseDexClassLoader.java:101)
04-20 12:19:59.261  9829  9829 E LoadedApk: 		at dalvik.system.PathClassLoader.<init>(PathClassLoader.java:74)
04-20 12:19:59.261  9829  9829 E LoadedApk: 		at com.android.internal.os.ClassLoaderFactory.createClassLoader(ClassLoaderFactory.java:87)
04-20 12:19:59.261  9829  9829 E LoadedApk: 		at com.android.internal.os.ClassLoaderFactory.createClassLoader(ClassLoaderFactory.java:116)
04-20 12:19:59.261  9829  9829 E LoadedApk: 		at android.app.ApplicationLoaders.getClassLoader(ApplicationLoaders.java:114)
04-20 12:19:59.261  9829  9829 E LoadedApk: 		at android.app.ApplicationLoaders.getClassLoaderWithSharedLibraries(ApplicationLoaders.java:60)
04-20 12:19:59.261  9829  9829 E LoadedApk: 		at android.app.LoadedApk.createOrUpdateClassLoaderLocked(LoadedApk.java:856)
04-20 12:19:59.261  9829  9829 E LoadedApk: 		... 13 more
04-20 12:19:59.261  9829  9829 E LoadedApk: 	Suppressed: java.io.IOException: No original dex files found for dex location /data/app/com.instagram.android-7bpvEUzK634KrVBInEJntQ==/split_caffe2.apk
04-20 12:19:59.261  9829  9829 E LoadedApk: 		at dalvik.system.DexFile.openDexFileNative(Native Method)
04-20 12:19:59.261  9829  9829 E LoadedApk: 		at dalvik.system.DexFile.openDexFile(DexFile.java:365)
04-20 12:19:59.261  9829  9829 E LoadedApk: 		at dalvik.system.DexFile.<init>(DexFile.java:107)
04-20 12:19:59.261  9829  9829 E LoadedApk: 		at dalvik.system.DexFile.<init>(DexFile.java:80)
04-20 12:19:59.261  9829  9829 E LoadedApk: 		at dalvik.system.DexPathList.loadDexFile(DexPathList.java:444)
04-20 12:19:59.261  9829  9829 E LoadedApk: 		at dalvik.system.DexPathList.makeDexElements(DexPathList.java:403)
04-20 12:19:59.261  9829  9829 E LoadedApk: 		at dalvik.system.DexPathList.<init>(DexPathList.java:164)
04-20 12:19:59.261  9829  9829 E LoadedApk: 		at dalvik.system.Base
04-20 12:20:01.636  1035  3014 I chatty  : uid=1000(system) Binder:1035_12 expire 5 lines
04-20 12:20:02.317  1035  5735 I chatty  : uid=1000(system) Binder:1035_18 expire 5 lines
04-20 12:20:15.573  1035  1035 I chatty  : uid=1000 system_server expire 4 lines
04-20 12:20:16.180  1285  1611 D QMI_FW  : chen-screen off: is_screen_off = 1 
04-20 12:20:16.180  1268  1440 D QMI_FW  : chen-screen off: is_screen_off = 1 
04-20 12:20:16.391  1035  1312 I chatty  : uid=1000(system) PowerManagerSer expire 2 lines
04-20 12:20:19.062  1035  2663 I chatty  : uid=1000(system) Binder:1035_A expire 2 lines
04-20 12:20:21.371  1035  1256 I chatty  : uid=1000(system) ActivityManager expire 12 lines
04-20 12:20:21.431  1035  3496 I chatty  : uid=1000(system) Binder:1035_14 expire 2 lines
04-20 12:20:22.505  1035  1257 I chatty  : uid=1000(system) ActivityManager expire 2 lines
04-20 12:20:23.311  1035  1523 I chatty  : uid=1000(system) ConnectivitySer expire 5 lines
04-20 12:20:23.412  1035  3507 I chatty  : uid=1000(system) Binder:1035_16 expire 1 line
04-20 12:20:25.182  1035  2706 I chatty  : uid=1000(system) Binder:1035_10 expire 1 line
04-20 12:21:01.763  1035  1552 I chatty  : uid=1000(system) Binder:1035_3 expire 1 line
04-20 12:21:14.257  1035  5743 I chatty  : uid=1000(system) Binder:1035_1C expire 3 lines
04-20 12:21:16.387  1035  1523 I chatty  : uid=1000(system) ConnectivitySer expire 10 lines
04-20 12:21:22.080  1035  3496 I chatty  : uid=1000(system) Binder:1035_14 expire 2 lines
04-20 12:21:26.552  1035  1035 I chatty  : uid=1000 system_server expire 13 lines
04-20 12:21:37.449  1035  1256 I chatty  : uid=1000(system) ActivityManager expire 19 lines
04-20 12:22:32.451  1035  1257 I chatty  : uid=1000(system) ActivityManager expire 3 lines
04-20 12:22:34.139  1035  3014 I chatty  : uid=1000(system) Binder:1035_12 expire 4 lines
04-20 12:22:37.207  2002  2002 W FingerprintManager: Invalid acquired message: 6, 0
04-20 12:22:38.049  2002  2002 W FingerprintManager: Invalid acquired message: 6, 0
04-20 12:22:38.190  1035  2706 I chatty  : uid=1000(system) Binder:1035_10 expire 3 lines
04-20 12:22:38.233  1035  1312 I chatty  : uid=1000(system) PowerManagerSer expire 12 lines
04-20 12:22:38.248  1035  1196 I chatty  : uid=1000(system) android.display expire 6 lines
04-20 12:22:38.297  1285  1611 D QMI_FW  : chen-screen on: is_screen_off = 0 
04-20 12:22:38.300  1268  1440 D QMI_FW  : chen-screen on: is_screen_off = 0 
04-20 12:22:38.338  1035  5747 I chatty  : uid=1000(system) Binder:1035_1E expire 2 lines
04-20 12:22:38.441  1035  1284 I chatty  : uid=1000(system) batterystats-wo expire 7 lines
04-20 12:22:38.475  1035  1118 I chatty  : uid=1000(system) android.fg expire 5 lines
04-20 12:22:38.478  1035  3507 I chatty  : uid=1000(system) Binder:1035_16 expire 3 lines
04-20 12:22:41.458  1035  1035 I chatty  : uid=1000 system_server expire 10 lines
04-20 12:22:41.885 15534 15534 W FingerprintManager: Invalid acquired message: 6, 0
04-20 12:22:43.516  1035  1256 I chatty  : uid=1000(system) ActivityManager expire 13 lines
04-20 12:22:43.518  1035  5734 I chatty  : uid=1000(system) Binder:1035_17 expire 2 lines
04-20 12:23:04.356  2282  2282 I Telephony: PstnPhoneCapabilitiesNotifier: handleVideoCapabilitesChanged. Video capability - false
04-20 12:23:04.368  1035  5741 I chatty  : uid=1000(system) Binder:1035_1B expire 2 lines
04-20 12:23:53.975 11408 11408 D ActivityThread: Loading provider contacts;com.android.contacts: com.android.providers.contacts.ContactsProvider2
04-20 12:23:58.061 30685 30685 E ActivityThread: Service com.firebase.jobdispatcher.GooglePlayReceiver has leaked ServiceConnection bxs@dbcd3c5 that was originally bound here
04-20 12:23:58.061 30685 30685 E ActivityThread: android.app.ServiceConnectionLeaked: Service com.firebase.jobdispatcher.GooglePlayReceiver has leaked ServiceConnection bxs@dbcd3c5 that was originally bound here
04-20 12:23:58.061 30685 30685 E ActivityThread: 	at android.app.LoadedApk$ServiceDispatcher.<init>(LoadedApk.java:1810)
04-20 12:23:58.061 30685 30685 E ActivityThread: 	at android.app.LoadedApk.getServiceDispatcherCommon(LoadedApk.java:1682)
04-20 12:23:58.061 30685 30685 E ActivityThread: 	at android.app.LoadedApk.getServiceDispatcher(LoadedApk.java:1661)
04-20 12:23:58.061 30685 30685 E ActivityThread: 	at android.app.ContextImpl.bindServiceCommon(ContextImpl.java:1721)
04-20 12:23:58.061 30685 30685 E ActivityThread: 	at android.app.ContextImpl.bindService(ContextImpl.java:1650)
04-20 12:23:58.061 30685 30685 E ActivityThread: 	at android.content.ContextWrapper.bindService(ContextWrapper.java:705)
04-20 12:23:58.061 30685 30685 E ActivityThread: 	at bxd.a(Unknown Source:18)
04-20 12:23:58.061 30685 30685 E ActivityThread: 	at bxd.a(Unknown Source:169)
04-20 12:23:58.061 30685 30685 E ActivityThread: 	at bxj.handleMessage(Unknown Source:116)
04-20 12:23:58.061 30685 30685 E ActivityThread: 	at android.os.Handler.dispatchMessage(Handler.java:107)
04-20 12:23:58.061 30685 30685 E ActivityThread: 	at android.os.Looper.loop(Looper.java:214)
04-20 12:23:58.061 30685 30685 E ActivityThread: 	at android.app.ActivityThread.main(ActivityThread.java:7397)
04-20 12:23:58.061 30685 30685 E ActivityThread: 	at java.lang.reflect.Method.invoke(Native Method)
04-20 12:23:58.061 30685 30685 E ActivityThread: 	at com.android.internal.os.RuntimeInit$MethodAndArgsCaller.run(RuntimeInit.java:492)
04-20 12:23:58.061 30685 30685 E ActivityThread: 	at com.android.internal.os.ZygoteInit.main(ZygoteInit.java:915)
04-20 12:24:31.974  2282  2282 I Telephony: PstnPhoneCapabilitiesNotifier: handleVideoCapabilitesChanged. Video capability - true
04-20 12:24:33.034  1035  1256 I chatty  : uid=1000(system) ActivityManager expire 7 lines
04-20 12:24:46.640  1035  5749 I chatty  : uid=1000(system) Binder:1035_20 expire 1 line
04-20 12:24:53.449  1035  1035 I chatty  : uid=1000 system_server expire 13 lines
04-20 12:24:53.969  1285  1611 D QMI_FW  : chen-screen off: is_screen_off = 1 
04-20 12:24:53.973  1268  1440 D QMI_FW  : chen-screen off: is_screen_off = 1 
04-20 12:24:54.212  1035  1312 I chatty  : uid=1000(system) PowerManagerSer expire 7 lines
04-20 12:25:26.817  2002  2002 W FingerprintManager: Invalid acquired message: 6, 0
04-20 12:25:27.233  2002  2002 W FingerprintManager: Invalid acquired message: 6, 0
04-20 12:25:27.346  1035  1745 I chatty  : uid=1000(system) Binder:1035_5 expire 1 line
04-20 12:25:27.464  1268  1440 D QMI_FW  : chen-screen on: is_screen_off = 0 
04-20 12:25:27.467  1285  1611 D QMI_FW  : chen-screen on: is_screen_off = 0 
04-20 12:25:27.488  1035  2701 I chatty  : uid=1000(system) Binder:1035_C expire 4 lines
04-20 12:25:27.574  1035  5749 I chatty  : uid=1000(system) Binder:1035_20 expire 2 lines
04-20 12:25:27.574  1035  1118 I chatty  : uid=1000(system) android.fg expire 9 lines
04-20 12:25:27.609  1035  1284 I chatty  : uid=1000(system) batterystats-wo expire 7 lines
04-20 12:25:27.610  1035  1256 I chatty  : uid=1000(system) ActivityManager expire 20 lines
04-20 12:25:27.651  1035  1758 I chatty  : uid=1000(system) Binder:1035_6 expire 3 lines
04-20 12:25:32.772  1035  2729 I chatty  : uid=1000(system) Binder:1035_11 expire 1 line
04-20 12:26:32.773  1035  5735 I chatty  : uid=1000(system) Binder:1035_18 expire 2 lines
04-20 12:26:37.865  1035  1312 I chatty  : uid=1000(system) PowerManagerSer expire 10 lines
04-20 12:26:44.864  1035  1035 I chatty  : uid=1000 system_server expire 16 lines
04-20 12:26:45.373  1035  1196 I chatty  : uid=1000(system) android.display expire 9 lines
04-20 12:26:45.391  1285  1611 D QMI_FW  : chen-screen off: is_screen_off = 1 
04-20 12:26:45.391  1035  1256 I chatty  : uid=1000(system) ActivityManager expire 16 lines
04-20 12:26:45.397  1268  1440 D QMI_FW  : chen-screen off: is_screen_off = 1 
04-20 12:26:57.676  2389  4177 D TextClassifierService: No configured system TextClassifierService
04-20 12:26:57.680  2389  4177 D TextClassifierService: No configured system TextClassifierService
04-20 12:26:57.954  1035  1312 I chatty  : uid=1000(system) PowerManagerSer expire 10 lines
04-20 12:26:58.056  1285  1611 D QMI_FW  : chen-screen on: is_screen_off = 0 
04-20 12:26:58.056  1268  1440 D QMI_FW  : chen-screen on: is_screen_off = 0 
04-20 12:27:03.704  1268  1440 D QMI_FW  : chen-screen off: is_screen_off = 1 
04-20 12:27:03.712  1285  1611 D QMI_FW  : chen-screen off: is_screen_off = 1 
04-20 12:27:07.449  2389  4177 D TextClassifierService: No configured system TextClassifierService
04-20 12:27:07.475  2389  4177 D TextClassifierService: No configured system TextClassifierService
04-20 12:27:07.760  1285  1611 D QMI_FW  : chen-screen on: is_screen_off = 0 
04-20 12:27:07.764  1268  1440 D QMI_FW  : chen-screen on: is_screen_off = 0 
04-20 12:27:12.021  1035  1745 I chatty  : uid=1000(system) Binder:1035_5 expire 3 lines
04-20 12:27:14.715  2389  4177 D TextClassifierService: No configured system TextClassifierService
04-20 12:27:17.253  1035  1256 I chatty  : uid=1000(system) ActivityManager expire 9 lines
04-20 12:28:08.021  1035  1312 I chatty  : uid=1000(system) PowerManagerSer expire 10 lines
04-20 12:28:15.018  1035  1035 I chatty  : uid=1000 system_server expire 6 lines
04-20 12:28:15.546  1268  1440 D QMI_FW  : chen-screen off: is_screen_off = 1 
04-20 12:28:15.548  1285  1611 D QMI_FW  : chen-screen off: is_screen_off = 1 
04-20 12:28:24.474  2389  4177 D TextClassifierService: No configured system TextClassifierService
04-20 12:28:26.042  2389  4177 D TextClassifierService: No configured system TextClassifierService
04-20 12:28:26.254  1035  1312 I chatty  : uid=1000(system) PowerManagerSer expire 12 lines
04-20 12:28:26.351  1268  1440 D QMI_FW  : chen-screen on: is_screen_off = 0 
04-20 12:28:26.354  1285  1611 D QMI_FW  : chen-screen on: is_screen_off = 0 
04-20 12:28:26.769  1035  1196 I chatty  : uid=1000(system) android.display expire 6 lines
04-20 12:28:26.794  1268  1440 D QMI_FW  : chen-screen off: is_screen_off = 1 
04-20 12:28:26.806  1285  1611 D QMI_FW  : chen-screen off: is_screen_off = 1 
04-20 12:28:28.697  1035  1035 I chatty  : uid=1000 system_server expire 10 lines
04-20 12:28:59.323  1035  1284 I chatty  : uid=1000(system) batterystats-wo expire 15 lines
04-20 12:28:59.325  1035  1256 I chatty  : uid=1000(system) ActivityManager expire 12 lines
04-20 12:29:31.012  1035  2701 I chatty  : uid=1000(system) Binder:1035_C expire 3 lines
04-20 12:30:05.076  1035  5735 I chatty  : uid=1000(system) Binder:1035_18 expire 1 line
04-20 12:30:08.499  2389  4177 D TextClassifierService: No configured system TextClassifierService
04-20 12:30:08.519  2389  4177 I chatty  : uid=10144(android.ext.services) pool-2-thread-1 identical 6 lines
04-20 12:30:08.522  2389  4177 D TextClassifierService: No configured system TextClassifierService
04-20 12:30:08.913  1268  1440 D QMI_FW  : chen-screen on: is_screen_off = 0 
04-20 12:30:08.914  1285  1611 D QMI_FW  : chen-screen on: is_screen_off = 0 
04-20 12:30:10.139  2389  4177 D TextClassifierService: No configured system TextClassifierService
04-20 12:30:10.143  2389  4177 D TextClassifierService: No configured system TextClassifierService
04-20 12:30:10.156  1268  1440 D QMI_FW  : chen-screen off: is_screen_off = 1 
04-20 12:30:10.162  1285  1611 D QMI_FW  : chen-screen off: is_screen_off = 1 
04-20 12:30:12.648  1035  1523 I chatty  : uid=1000(system) ConnectivitySer expire 20 lines
04-20 12:30:14.664  1035  1256 I chatty  : uid=1000(system) ActivityManager expire 10 lines
04-20 12:30:56.026  2389  4177 D TextClassifierService: No configured system TextClassifierService
04-20 12:30:56.045  2389  4177 D TextClassifierService: No configured system TextClassifierService
04-20 12:30:56.358  1035  1312 I chatty  : uid=1000(system) PowerManagerSer expire 10 lines
04-20 12:30:56.467  1268  1440 D QMI_FW  : chen-screen on: is_screen_off = 0 
04-20 12:30:56.490  1285  1611 D QMI_FW  : chen-screen on: is_screen_off = 0 
04-20 12:31:02.078  1285  1611 D QMI_FW  : chen-screen off: is_screen_off = 1 
04-20 12:31:02.082  1268  1440 D QMI_FW  : chen-screen off: is_screen_off = 1 
04-20 12:31:17.031  1035  1254 I chatty  : uid=1000(system) android.bg expire 1 line
04-20 12:31:17.045  1035  1257 I chatty  : uid=1000(system) ActivityManager expire 3 lines
04-20 12:31:31.336  1035  1118 I chatty  : uid=1000(system) android.fg expire 6 lines
04-20 12:31:36.865  2389  4177 D TextClassifierService: No configured system TextClassifierService
04-20 12:31:36.870  2389  4177 D TextClassifierService: No configured system TextClassifierService
04-20 12:32:13.216  1035  1256 I chatty  : uid=1000(system) ActivityManager expire 24 lines
04-20 12:32:13.640  1035  5747 I chatty  : uid=1000(system) Binder:1035_1E expire 3 lines
04-20 12:32:18.931  1035  1523 I chatty  : uid=1000(system) ConnectivitySer expire 8 lines
04-20 12:34:35.144  2389  4177 D TextClassifierService: No configured system TextClassifierService
04-20 12:34:35.168  2389  4177 D TextClassifierService: No configured system TextClassifierService
04-20 12:34:36.080  1035  1256 I chatty  : uid=1000(system) ActivityManager expire 16 lines
04-20 12:34:36.397  1285  1611 D QMI_FW  : chen-screen on: is_screen_off = 0 
04-20 12:34:36.400  1268  1440 D QMI_FW  : chen-screen on: is_screen_off = 0 
04-20 12:34:37.161  2389  4177 D TextClassifierService: No configured system TextClassifierService
04-20 12:34:37.169  2389  4177 D TextClassifierService: No configured system TextClassifierService
04-20 12:34:37.178  1035  1312 I chatty  : uid=1000(system) PowerManagerSer expire 12 lines
04-20 12:34:37.233  1035  1196 I chatty  : uid=1000(system) android.display expire 5 lines
04-20 12:34:37.272  1268  1440 D QMI_FW  : chen-screen off: is_screen_off = 1 
04-20 12:34:37.278  1285  1611 D QMI_FW  : chen-screen off: is_screen_off = 1 
04-20 12:34:49.733  1035  1284 I chatty  : uid=1000(system) batterystats-wo expire 10 lines
04-20 12:35:05.663  1035  1509 I chatty  : uid=1000(system) InputReader expire 4 lines
04-20 12:35:05.664  1035  1035 I chatty  : uid=1000 system_server expire 37 lines
04-20 12:35:05.744  1035  1552 I chatty  : uid=1000(system) Binder:1035_3 expire 1 line
04-20 12:35:05.746  1285  1611 D QMI_FW  : chen-screen on: is_screen_off = 0 
04-20 12:35:05.766  1268  1440 D QMI_FW  : chen-screen on: is_screen_off = 0 
04-20 12:35:05.841  1035  1118 I chatty  : uid=1000(system) android.fg expire 4 lines
04-20 12:35:05.860  1035  2706 I chatty  : uid=1000(system) Binder:1035_10 expire 3 lines
04-20 12:35:06.542  2002  2002 W FingerprintManager: Invalid acquired message: 6, 0
04-20 12:35:06.965  1035  1254 I chatty  : uid=1000(system) android.bg expire 1 line
04-20 12:35:06.983  1035  1523 I chatty  : uid=1000(system) ConnectivitySer expire 19 lines
04-20 12:35:06.988  1035  5735 I chatty  : uid=1000(system) Binder:1035_18 expire 1 line
04-20 12:35:08.364  2282  2282 I Telephony: PstnPhoneCapabilitiesNotifier: handleVideoCapabilitesChanged. Video capability - false
04-20 12:35:08.372  1035  2729 I chatty  : uid=1000(system) Binder:1035_11 expire 2 lines
04-20 12:35:08.608  1035  2663 I chatty  : uid=1000(system) Binder:1035_A expire 2 lines
04-20 12:35:08.828  1035  5734 I chatty  : uid=1000(system) Binder:1035_17 expire 1 line
04-20 12:35:09.038 15534 15534 W FingerprintManager: Invalid acquired message: 6, 0
04-20 12:35:10.121  1035  1745 I chatty  : uid=1000(system) Binder:1035_5 expire 1 line
04-20 12:35:10.124  1035  1257 I chatty  : uid=1000(system) ActivityManager expire 1 line
04-20 12:35:11.122  1035  1256 I chatty  : uid=1000(system) ActivityManager expire 12 lines
04-20 12:35:11.124  1035  5748 I chatty  : uid=1000(system) Binder:1035_1F expire 1 line
04-20 12:35:30.877  1035  3494 I chatty  : uid=1000(system) Binder:1035_13 expire 1 line
04-20 12:35:32.853  1285  1611 D QMI_FW  : chen-screen off: is_screen_off = 1 
04-20 12:35:32.855  1268  1440 D QMI_FW  : chen-screen off: is_screen_off = 1 
04-20 12:35:33.072  1035  1312 I chatty  : uid=1000(system) PowerManagerSer expire 2 lines
04-20 12:35:33.343  1035  1035 I chatty  : uid=1000 system_server expire 3 lines
04-20 12:35:37.295  1035  5747 I chatty  : uid=1000(system) Binder:1035_1E expire 1 line
04-20 12:35:37.327  1035  3496 I chatty  : uid=1000(system) Binder:1035_14 expire 3 lines
04-20 12:35:37.327  1035  1523 I chatty  : uid=1000(system) ConnectivitySer expire 21 lines
04-20 12:35:49.031  2282  2282 I Telephony: PstnPhoneCapabilitiesNotifier: handleVideoCapabilitesChanged. Video capability - true
04-20 12:36:57.040  1035  1256 I chatty  : uid=1000(system) ActivityManager expire 13 lines
04-20 12:37:00.630  1035  1284 I chatty  : uid=1000(system) batterystats-wo expire 13 lines
04-20 12:37:16.598  2389  4177 D TextClassifierService: No configured system TextClassifierService
04-20 12:37:16.609  2389  4177 D TextClassifierService: No configured system TextClassifierService
04-20 12:37:17.122  1035  1035 I chatty  : uid=1000 system_server expire 12 lines
04-20 12:37:17.290  1035  1312 I chatty  : uid=1000(system) PowerManagerSer expire 12 lines
04-20 12:37:17.340  1035  1196 I chatty  : uid=1000(system) android.display expire 9 lines
04-20 12:37:17.397  1285  1611 D QMI_FW  : chen-screen on: is_screen_off = 0 
04-20 12:37:17.408  1268  1440 D QMI_FW  : chen-screen on: is_screen_off = 0 
04-20 12:37:23.040  1268  1440 D QMI_FW  : chen-screen off: is_screen_off = 1 
04-20 12:37:23.046  1285  1611 D QMI_FW  : chen-screen off: is_screen_off = 1 
04-20 12:38:02.968  1035  1118 I chatty  : uid=1000(system) android.fg expire 2 lines
04-20 12:38:08.783  2389  4177 D TextClassifierService: No configured system TextClassifierService
04-20 12:38:09.423  2389  4177 D TextClassifierService: No configured system TextClassifierService
04-20 12:38:09.713  1268  1440 D QMI_FW  : chen-screen on: is_screen_off = 0 
04-20 12:38:09.713  1285  1611 D QMI_FW  : chen-screen on: is_screen_off = 0 
04-20 12:38:14.615  2389  4177 D TextClassifierService: No configured system TextClassifierService
04-20 12:38:14.638  2389  4177 D TextClassifierService: No configured system TextClassifierService
04-20 12:38:19.893  1268  1440 D QMI_FW  : chen-screen off: is_screen_off = 1 
04-20 12:38:19.901  1285  1611 D QMI_FW  : chen-screen off: is_screen_off = 1 
04-20 12:38:19.955  1035  1256 I chatty  : uid=1000(system) ActivityManager expire 26 lines
04-20 12:38:24.723  2389  4177 D TextClassifierService: No configured system TextClassifierService
04-20 12:38:29.899  2389  4177 D TextClassifierService: No configured system TextClassifierService
04-20 12:38:30.014  1035  1312 I chatty  : uid=1000(system) PowerManagerSer expire 12 lines
04-20 12:38:30.082  1285  1611 D QMI_FW  : chen-screen on: is_screen_off = 0 
04-20 12:38:30.086  1268  1440 D QMI_FW  : chen-screen on: is_screen_off = 0 
04-20 12:38:30.973  2389  4177 D TextClassifierService: No configured system TextClassifierService
04-20 12:38:30.987  2389  4177 D TextClassifierService: No configured system TextClassifierService
04-20 12:38:36.258  1268  1440 D QMI_FW  : chen-screen off: is_screen_off = 1 
04-20 12:38:36.260  1285  1611 D QMI_FW  : chen-screen off: is_screen_off = 1 
04-20 12:38:42.545  2389  4177 D TextClassifierService: No configured system TextClassifierService
04-20 12:38:42.570  2389  4177 D TextClassifierService: No configured system TextClassifierService
04-20 12:38:42.861  1268  1440 D QMI_FW  : chen-screen on: is_screen_off = 0 
04-20 12:38:42.862  1285  1611 D QMI_FW  : chen-screen on: is_screen_off = 0 
04-20 12:38:46.187  1268  1440 D QMI_FW  : chen-screen off: is_screen_off = 1 
04-20 12:38:46.192  1285  1611 D QMI_FW  : chen-screen off: is_screen_off = 1 
04-20 12:40:06.475  1035  1257 I chatty  : uid=1000(system) ActivityManager expire 3 lines
04-20 12:40:07.931  1035  5747 I chatty  : uid=1000(system) Binder:1035_1E expire 2 lines
04-20 12:40:08.221  1035  1758 I chatty  : uid=1000(system) Binder:1035_6 expire 1 line
04-20 12:40:08.278  1035  5741 I chatty  : uid=1000(system) Binder:1035_1B expire 1 line
04-20 12:40:08.318  1035  3494 I chatty  : uid=1000(system) Binder:1035_13 expire 1 line
04-20 12:40:08.318  1035  5734 I chatty  : uid=1000(system) Binder:1035_17 expire 1 line
04-20 12:40:09.025  1035  3496 I chatty  : uid=1000(system) Binder:1035_14 expire 1 line
04-20 12:40:36.056  1035  1254 I chatty  : uid=1000(system) android.bg expire 1 line
04-20 12:40:36.199  1035  1745 I chatty  : uid=1000(system) Binder:1035_5 expire 2 lines
04-20 12:42:26.547  1035  1191 I chatty  : uid=1000(system) android.io expire 2 lines
04-20 12:42:27.564  1166  1166 E TLOC    : [TLOCChannel]"Can't receive message due to timeout"
04-20 12:42:27.571  1166  1569 I TLOC    : [Modem      ]"Sending location turned off status to the daemon"
04-20 12:42:27.571  1166  1569 D TLOC    : [TLOCChannel] "TLOCChannel is already initialized"
04-20 12:42:27.571  1166  1569 D TLOC    : [TLOCChannel] "Going to send message to TLOCD"
04-20 12:42:27.571  1166  1569 D TLOC    : [TLOCChannel]" --- message(id:15, size:0) ---> TLOCD"
04-20 12:42:27.573  1166  1166 I TLOC    : [ModemComm  ]"Request succeeded for gps engine lock"
04-20 12:42:27.573  1166  1166 D TLOC    : [TLOCChannel] "Going to receive message for TLOCD"
04-20 12:42:27.573  1166  1166 D TLOC    : [TLOCChannel]" TLOCD <--- message(id:15, size:0) ---"
04-20 12:42:27.573  1166  1166 D TLOC    : [TLOCDaemon ]"Periodic location sampling is disabled"
04-20 12:42:27.573  1166  1166 D TLOC    : [TLOCDaemon ]"The command finished successfully"
04-20 12:42:27.573  1166  1166 D TLOC    : [TLOCDaemon ]"waiting for command"
04-20 12:42:27.573  1166  1166 D TLOC    : [TLOCChannel] "Going to receive message for TLOCD"
04-20 12:42:27.573  1166  1166 D TLOC    : [TLOCChannel] "wait for message for user TLOCD"
04-20 12:42:58.538  1035  1284 I chatty  : uid=1000(system) batterystats-wo expire 3 lines
04-20 12:42:58.539  1035  1256 I chatty  : uid=1000(system) ActivityManager expire 7 lines
04-20 12:43:00.093  2389  4177 D TextClassifierService: No configured system TextClassifierService
04-20 12:43:00.102  2389  4177 D TextClassifierService: No configured system TextClassifierService
04-20 12:43:01.087  1035  1035 I chatty  : uid=1000 system_server expire 2 lines
04-20 12:43:01.244  1035  1312 I chatty  : uid=1000(system) PowerManagerSer expire 4 lines
04-20 12:43:01.336  1268  1440 D QMI_FW  : chen-screen on: is_screen_off = 0 
04-20 12:43:01.339  1285  1611 D QMI_FW  : chen-screen on: is_screen_off = 0 
04-20 12:43:02.138  2389  4177 D TextClassifierService: No configured system TextClassifierService
04-20 12:43:02.148  2389  4177 D TextClassifierService: No configured system TextClassifierService
04-20 12:43:06.389  1035  1523 I chatty  : uid=1000(system) ConnectivitySer expire 16 lines
04-20 12:43:06.412 30685 30685 E ActivityThread: Service com.firebase.jobdispatcher.GooglePlayReceiver has leaked ServiceConnection bxs@eb1fb8b that was originally bound here
04-20 12:43:06.412 30685 30685 E ActivityThread: android.app.ServiceConnectionLeaked: Service com.firebase.jobdispatcher.GooglePlayReceiver has leaked ServiceConnection bxs@eb1fb8b that was originally bound here
04-20 12:43:06.412 30685 30685 E ActivityThread: 	at android.app.LoadedApk$ServiceDispatcher.<init>(LoadedApk.java:1810)
04-20 12:43:06.412 30685 30685 E ActivityThread: 	at android.app.LoadedApk.getServiceDispatcherCommon(LoadedApk.java:1682)
04-20 12:43:06.412 30685 30685 E ActivityThread: 	at android.app.LoadedApk.getServiceDispatcher(LoadedApk.java:1661)
04-20 12:43:06.412 30685 30685 E ActivityThread: 	at android.app.ContextImpl.bindServiceCommon(ContextImpl.java:1721)
04-20 12:43:06.412 30685 30685 E ActivityThread: 	at android.app.ContextImpl.bindService(ContextImpl.java:1650)
04-20 12:43:06.412 30685 30685 E ActivityThread: 	at android.content.ContextWrapper.bindService(ContextWrapper.java:705)
04-20 12:43:06.412 30685 30685 E ActivityThread: 	at bxd.a(Unknown Source:18)
04-20 12:43:06.412 30685 30685 E ActivityThread: 	at bxd.a(Unknown Source:169)
04-20 12:43:06.412 30685 30685 E ActivityThread: 	at bxj.handleMessage(Unknown Source:116)
04-20 12:43:06.412 30685 30685 E ActivityThread: 	at android.os.Handler.dispatchMessage(Handler.java:107)
04-20 12:43:06.412 30685 30685 E ActivityThread: 	at android.os.Looper.loop(Looper.java:214)
04-20 12:43:06.412 30685 30685 E ActivityThread: 	at android.app.ActivityThread.main(ActivityThread.java:7397)
04-20 12:43:06.412 30685 30685 E ActivityThread: 	at java.lang.reflect.Method.invoke(Native Method)
04-20 12:43:06.412 30685 30685 E ActivityThread: 	at com.android.internal.os.RuntimeInit$MethodAndArgsCaller.run(RuntimeInit.java:492)
04-20 12:43:06.412 30685 30685 E ActivityThread: 	at com.android.internal.os.ZygoteInit.main(ZygoteInit.java:915)
04-20 12:43:07.308  1035  1312 I chatty  : uid=1000(system) PowerManagerSer expire 9 lines
04-20 12:43:07.348  1035  1196 I chatty  : uid=1000(system) android.display expire 3 lines
04-20 12:43:07.397  1268  1440 D QMI_FW  : chen-screen off: is_screen_off = 1 
04-20 12:43:07.399  1285  1611 D QMI_FW  : chen-screen off: is_screen_off = 1 
04-20 12:43:08.527  1035  1035 I chatty  : uid=1000 system_server expire 10 lines
04-20 12:43:18.707  2002  2002 W FingerprintManager: Invalid acquired message: 6, 0
04-20 12:43:18.834  1035  1553 I chatty  : uid=1000(system) Binder:1035_4 expire 5 lines
04-20 12:43:18.922  1035  5737 I chatty  : uid=1000(system) Binder:1035_19 expire 1 line
04-20 12:43:18.928  1268  1440 D QMI_FW  : chen-screen on: is_screen_off = 0 
04-20 12:43:18.942  1285  1611 D QMI_FW  : chen-screen on: is_screen_off = 0 
04-20 12:43:19.010  1035  1118 I chatty  : uid=1000(system) android.fg expire 6 lines
04-20 12:43:19.017  1035  1256 I chatty  : uid=1000(system) ActivityManager expire 18 lines
04-20 12:43:19.023  1035  1254 I chatty  : uid=1000(system) android.bg expire 2 lines
04-20 12:43:19.027  1035  5734 I chatty  : uid=1000(system) Binder:1035_17 expire 1 line
04-20 12:43:19.035  1035  5741 I chatty  : uid=1000(system) Binder:1035_1B expire 3 lines
04-20 12:43:19.109  1035  1035 I chatty  : uid=1000 system_server expire 12 lines
04-20 12:43:19.416 15534 15534 W FingerprintManager: Invalid acquired message: 6, 0
04-20 12:43:19.910 15534 15534 W FingerprintManager: Invalid acquired message: 6, 0
04-20 12:43:22.303  1035  1257 I chatty  : uid=1000(system) ActivityManager expire 9 lines
04-20 12:43:22.594  1035  3014 I chatty  : uid=1000(system) Binder:1035_12 expire 2 lines
04-20 12:43:45.973  1035  2163 I chatty  : uid=1000(system) Binder:1035_7 expire 1 line
04-20 12:43:51.222  1035  3496 I chatty  : uid=1000(system) Binder:1035_14 expire 5 lines
04-20 12:43:51.295  1035  1284 I chatty  : uid=1000(system) batterystats-wo expire 6 lines
