04-20 11:23:19.046  1035  2288 I chatty  : uid=1000(system) CallAudioModeSt expire 4 lines
04-20 11:23:19.047  1035 24121 I chatty  : uid=1000 system_server expire 7 lines
04-20 11:23:19.109  1035  1035 I chatty  : uid=1000 system_server expire 14 lines
04-20 11:23:19.151  1035  3507 I chatty  : uid=1000(system) Binder:1035_16 expire 5 lines
04-20 11:23:19.219  1035  2283 I chatty  : uid=1000(system) uteStateMachine expire 10 lines
04-20 11:23:19.275  1035  1257 I chatty  : uid=1000(system) ActivityManager expire 4 lines
04-20 11:23:19.495  1035  1745 I chatty  : uid=1000(system) Binder:1035_5 expire 3 lines
04-20 11:23:19.495  1035  1118 I chatty  : uid=1000(system) android.fg expire 3 lines
04-20 11:23:19.511  1035  1312 I chatty  : uid=1000(system) PowerManagerSer expire 6 lines
04-20 11:23:19.521  1035  5741 I chatty  : uid=1000(system) Binder:1035_1B expire 2 lines
04-20 11:23:19.968  1035  2704 I chatty  : uid=1000(system) Binder:1035_F expire 8 lines
04-20 11:23:20.067  1035  1196 I chatty  : uid=1000(system) android.display expire 1 line
04-20 11:23:20.133  1268  1440 D QMI_FW  : chen-screen on: is_screen_off = 0 
04-20 11:23:20.172  1285  1611 D QMI_FW  : chen-screen on: is_screen_off = 0 
04-20 11:23:20.250  1035  1284 I chatty  : uid=1000(system) batterystats-wo expire 1 line
04-20 11:23:20.428  1035  1516 I chatty  : uid=1000(system) NetworkPolicy expire 1 line
04-20 11:23:20.441  2282  2282 I Telephony: : onSubscriptionsChanged - update accounts
04-20 11:23:20.442  2282  2282 I Telephony: PstnIncomingCallNotifier: Unregistering: Handler (com.qualcomm.qti.internal.telephony.QtiGsmCdmaPhone) {7faf73a}
04-20 11:23:20.443  2282  2282 I Telephony: PstnIncomingCallNotifier: Unregistering: Handler (com.qualcomm.qti.internal.telephony.QtiGsmCdmaPhone) {e0b1feb}
04-20 11:23:20.444  2282  2282 I Telephony: TelecomAccountRegistry: setupAccounts: Found 2 phones.  Attempting to register.
04-20 11:23:20.444  2282  2282 I Telephony: TelecomAccountRegistry: setupAccounts: Phone with subscription id 1
04-20 11:23:20.460  1035  2362 I chatty  : uid=1000(system) Binder:1035_9 expire 3 lines
04-20 11:23:20.462  2282  2282 I Telephony: AccountEntry: Registered phoneAccount: [[ ] PhoneAccount: ComponentInfo{com.android.phone/com.android.services.telephony.TelephonyConnectionService}, ***, UserHandle{0} Capabilities: SuppVideo Video CallProvider MultiUser PlaceEmerg SimSub  Audio Routes: BESW Schemes: tel voicemail  Extras: Bundle[{android.telecom.extra.SUPPORTS_VIDEO_CALLING_FALLBACK=true, android.telecom.extra.SORT_ORDER=0}] GroupId: ***] with handle: ComponentInfo{com.android.phone/com.android.services.telephony.TelephonyConnectionService}, ***, UserHandle{0}
04-20 11:23:20.462  2282  2282 I Telephony: PstnIncomingCallNotifier: Registering: Handler (com.qualcomm.qti.internal.telephony.QtiGsmCdmaPhone) {7faf73a}
04-20 11:23:20.465  2282  2282 I Telephony: TelecomAccountRegistry: setupAccounts: Phone with subscription id 2
04-20 11:23:20.501  2282  2282 I Telephony: AccountEntry: Registered phoneAccount: [[ ] PhoneAccount: ComponentInfo{com.android.phone/com.android.services.telephony.TelephonyConnectionService}, ***, UserHandle{0} Capabilities: SuppVideo Video CallProvider MultiUser PlaceEmerg SimSub  Audio Routes: BESW Schemes: tel voicemail  Extras: Bundle[{android.telecom.extra.SUPPORTS_VIDEO_CALLING_FALLBACK=true, android.telecom.extra.SORT_ORDER=1}] GroupId: ***] with handle: ComponentInfo{com.android.phone/com.android.services.telephony.TelephonyConnectionService}, ***, UserHandle{0}
04-20 11:23:20.501  2282  2282 I Telephony: PstnIncomingCallNotifier: Registering: Handler (com.qualcomm.qti.internal.telephony.QtiGsmCdmaPhone) {e0b1feb}
04-20 11:23:20.565  2282  2282 I Telephony: PstnPhoneCapabilitiesNotifier: handleVideoCapabilitesChanged. Video capability - true
04-20 11:23:20.579  1035  2701 I chatty  : uid=1000(system) Binder:1035_C expire 2 lines
04-20 11:23:20.584  2282  2282 I Telephony: PstnPhoneCapabilitiesNotifier: handleVideoCapabilitesChanged. Video capability - true
04-20 11:23:20.599  1035  1054 I chatty  : uid=1000(system) Binder:1035_1 expire 4 lines
04-20 11:23:21.802  1035  2291 I chatty  : uid=1000(system) ConnectionSvrFo expire 10 lines
04-20 11:23:21.841  1035  5749 I chatty  : uid=1000(system) Binder:1035_20 expire 20 lines
04-20 11:23:21.881  1035  1256 I chatty  : uid=1000(system) ActivityManager expire 17 lines
04-20 11:23:22.585  1035  2701 I chatty  : uid=1000(system) Binder:1035_C expire 11 lines
04-20 11:23:22.616  1035  2283 I chatty  : uid=1000(system) uteStateMachine expire 14 lines
04-20 11:23:22.617  1035  2288 I chatty  : uid=1000(system) CallAudioModeSt expire 5 lines
04-20 11:23:22.620  1035  1035 I chatty  : uid=1000 system_server expire 5 lines
04-20 11:23:22.621  1035  2268 I chatty  : uid=1000(system) BluetoothRouteM expire 2 lines
04-20 11:23:22.834  1035  2704 I chatty  : uid=1000(system) Binder:1035_F expire 7 lines
04-20 11:23:23.220  1035  1257 I chatty  : uid=1000(system) ActivityManager expire 5 lines
04-20 11:23:23.390  1035  1284 I chatty  : uid=1000(system) batterystats-wo expire 2 lines
04-20 11:23:23.846  1035  5741 I chatty  : uid=1000(system) Binder:1035_1B expire 4 lines
04-20 11:23:24.836  1035  1523 I chatty  : uid=1000(system) ConnectivitySer expire 8 lines
04-20 11:23:41.463  1035  2362 I chatty  : uid=1000(system) Binder:1035_9 expire 2 lines
04-20 11:23:41.748  1035  3014 I chatty  : uid=1000(system) Binder:1035_12 expire 2 lines
04-20 11:23:41.779  1035  2702 I chatty  : uid=1000(system) Binder:1035_D expire 2 lines
04-20 11:23:46.003  1035  2163 I chatty  : uid=1000(system) Binder:1035_7 expire 1 line
04-20 11:23:46.508  1035  3494 I chatty  : uid=1000(system) Binder:1035_13 expire 12 lines
04-20 11:23:58.367  1035  3507 I chatty  : uid=1000(system) Binder:1035_16 expire 4 lines
04-20 11:23:58.814  2282  2282 I Telephony: : onSubscriptionsChanged - update accounts
04-20 11:23:58.814  2282  2282 I Telephony: PstnIncomingCallNotifier: Unregistering: Handler (com.qualcomm.qti.internal.telephony.QtiGsmCdmaPhone) {7faf73a}
04-20 11:23:58.816  2282  2282 I Telephony: PstnIncomingCallNotifier: Unregistering: Handler (com.qualcomm.qti.internal.telephony.QtiGsmCdmaPhone) {e0b1feb}
04-20 11:23:58.817  2282  2282 I Telephony: TelecomAccountRegistry: setupAccounts: Found 2 phones.  Attempting to register.
04-20 11:23:58.817  2282  2282 I Telephony: TelecomAccountRegistry: setupAccounts: Phone with subscription id 1
04-20 11:23:58.823  1035  1516 I chatty  : uid=1000(system) NetworkPolicy expire 1 line
04-20 11:23:58.843  1035  3494 I chatty  : uid=1000(system) Binder:1035_13 expire 5 lines
04-20 11:23:58.846  2282  2282 I Telephony: AccountEntry: Registered phoneAccount: [[ ] PhoneAccount: ComponentInfo{com.android.phone/com.android.services.telephony.TelephonyConnectionService}, ***, UserHandle{0} Capabilities: SuppVideo Video CallProvider MultiUser PlaceEmerg SimSub  Audio Routes: BESW Schemes: tel voicemail  Extras: Bundle[{android.telecom.extra.SUPPORTS_VIDEO_CALLING_FALLBACK=true, android.telecom.extra.SORT_ORDER=0}] GroupId: ***] with handle: ComponentInfo{com.android.phone/com.android.services.telephony.TelephonyConnectionService}, ***, UserHandle{0}
04-20 11:23:58.846  2282  2282 I Telephony: PstnIncomingCallNotifier: Registering: Handler (com.qualcomm.qti.internal.telephony.QtiGsmCdmaPhone) {7faf73a}
04-20 11:23:58.849  2282  2282 I Telephony: TelecomAccountRegistry: setupAccounts: Phone with subscription id 2
04-20 11:23:58.877  1035  5749 I chatty  : uid=1000(system) Binder:1035_20 expire 4 lines
04-20 11:23:58.879  2282  2282 I Telephony: AccountEntry: Registered phoneAccount: [[ ] PhoneAccount: ComponentInfo{com.android.phone/com.android.services.telephony.TelephonyConnectionService}, ***, UserHandle{0} Capabilities: SuppVideo Video CallProvider MultiUser PlaceEmerg SimSub  Audio Routes: BESW Schemes: tel voicemail  Extras: Bundle[{android.telecom.extra.SUPPORTS_VIDEO_CALLING_FALLBACK=true, android.telecom.extra.SORT_ORDER=1}] GroupId: ***] with handle: ComponentInfo{com.android.phone/com.android.services.telephony.TelephonyConnectionService}, ***, UserHandle{0}
04-20 11:23:58.879  2282  2282 I Telephony: PstnIncomingCallNotifier: Registering: Handler (com.qualcomm.qti.internal.telephony.QtiGsmCdmaPhone) {e0b1feb}
04-20 11:23:58.902  2282  2282 I Telephony: PstnPhoneCapabilitiesNotifier: handleVideoCapabilitesChanged. Video capability - true
04-20 11:23:58.917  2282  2282 I Telephony: PstnPhoneCapabilitiesNotifier: handleVideoCapabilitesChanged. Video capability - true
04-20 11:24:06.881  1035  3500 I chatty  : uid=1000(system) Binder:1035_15 expire 2 lines
04-20 11:24:06.919  1035  2729 I chatty  : uid=1000(system) Binder:1035_11 expire 1 line
04-20 11:24:06.988  1035  5737 I chatty  : uid=1000(system) Binder:1035_19 expire 1 line
04-20 11:24:14.752  1035  1312 I chatty  : uid=1000(system) PowerManagerSer expire 2 lines
04-20 11:24:18.894  1035  1758 I chatty  : uid=1000(system) Binder:1035_6 expire 7 lines
04-20 11:24:23.174  1035  1035 I chatty  : uid=1000 system_server expire 12 lines
04-20 11:24:23.222  1035  1312 I chatty  : uid=1000(system) PowerManagerSer expire 10 lines
04-20 11:24:23.730  1035  1196 I chatty  : uid=1000(system) android.display expire 3 lines
04-20 11:24:23.758  1035  1284 I chatty  : uid=1000(system) batterystats-wo expire 6 lines
04-20 11:24:23.760  1035  1256 I chatty  : uid=1000(system) ActivityManager expire 13 lines
04-20 11:24:23.770  1268  1440 D QMI_FW  : chen-screen off: is_screen_off = 1 
04-20 11:24:23.781  1285  1611 D QMI_FW  : chen-screen off: is_screen_off = 1 
04-20 11:24:23.975  1035  1118 I chatty  : uid=1000(system) android.fg expire 5 lines
04-20 11:24:59.048  1035  1254 I chatty  : uid=1000(system) android.bg expire 1 line
04-20 11:24:59.065  1035  1523 I chatty  : uid=1000(system) ConnectivitySer expire 21 lines
04-20 11:25:36.473  1035  1509 I chatty  : uid=1000(system) InputReader expire 4 lines
04-20 11:25:36.561  1035  2729 I chatty  : uid=1000(system) Binder:1035_11 expire 1 line
04-20 11:25:36.585  1285  1611 D QMI_FW  : chen-screen on: is_screen_off = 0 
04-20 11:25:36.585  1268  1440 D QMI_FW  : chen-screen on: is_screen_off = 0 
04-20 11:25:36.630  1035  1312 I chatty  : uid=1000(system) PowerManagerSer expire 9 lines
04-20 11:25:36.648  1035  2702 I chatty  : uid=1000(system) Binder:1035_D expire 2 lines
04-20 11:25:36.787  2282  2282 I Telephony: : onSubscriptionsChanged - update accounts
04-20 11:25:36.787  2282  2282 I Telephony: PstnIncomingCallNotifier: Unregistering: Handler (com.qualcomm.qti.internal.telephony.QtiGsmCdmaPhone) {7faf73a}
04-20 11:25:36.789  2282  2282 I Telephony: PstnIncomingCallNotifier: Unregistering: Handler (com.qualcomm.qti.internal.telephony.QtiGsmCdmaPhone) {e0b1feb}
04-20 11:25:36.790  2282  2282 I Telephony: TelecomAccountRegistry: setupAccounts: Found 2 phones.  Attempting to register.
04-20 11:25:36.790  2282  2282 I Telephony: TelecomAccountRegistry: setupAccounts: Phone with subscription id 1
04-20 11:25:36.807  1035  2701 I chatty  : uid=1000(system) Binder:1035_C expire 2 lines
04-20 11:25:36.809  2282  2282 I Telephony: AccountEntry: Registered phoneAccount: [[ ] PhoneAccount: ComponentInfo{com.android.phone/com.android.services.telephony.TelephonyConnectionService}, ***, UserHandle{0} Capabilities: SuppVideo Video CallProvider MultiUser PlaceEmerg SimSub  Audio Routes: BESW Schemes: tel voicemail  Extras: Bundle[{android.telecom.extra.SUPPORTS_VIDEO_CALLING_FALLBACK=true, android.telecom.extra.SORT_ORDER=0}] GroupId: ***] with handle: ComponentInfo{com.android.phone/com.android.services.telephony.TelephonyConnectionService}, ***, UserHandle{0}
04-20 11:25:36.810  2282  2282 I Telephony: PstnIncomingCallNotifier: Registering: Handler (com.qualcomm.qti.internal.telephony.QtiGsmCdmaPhone) {7faf73a}
04-20 11:25:36.815  2282  2282 I Telephony: TelecomAccountRegistry: setupAccounts: Phone with subscription id 2
04-20 11:25:36.829  1035  3496 I chatty  : uid=1000(system) Binder:1035_14 expire 4 lines
04-20 11:25:36.831  2282  2282 I Telephony: AccountEntry: Registered phoneAccount: [[ ] PhoneAccount: ComponentInfo{com.android.phone/com.android.services.telephony.TelephonyConnectionService}, ***, UserHandle{0} Capabilities: SuppVideo Video CallProvider MultiUser PlaceEmerg SimSub  Audio Routes: BESW Schemes: tel voicemail  Extras: Bundle[{android.telecom.extra.SUPPORTS_VIDEO_CALLING_FALLBACK=true, android.telecom.extra.SORT_ORDER=1}] GroupId: ***] with handle: ComponentInfo{com.android.phone/com.android.services.telephony.TelephonyConnectionService}, ***, UserHandle{0}
04-20 11:25:36.831  2282  2282 I Telephony: PstnIncomingCallNotifier: Registering: Handler (com.qualcomm.qti.internal.telephony.QtiGsmCdmaPhone) {e0b1feb}
04-20 11:25:36.852  2282  2282 I Telephony: PstnPhoneCapabilitiesNotifier: handleVideoCapabilitesChanged. Video capability - true
04-20 11:25:36.865  2282  2282 I Telephony: PstnPhoneCapabilitiesNotifier: handleVideoCapabilitesChanged. Video capability - true
04-20 11:25:36.868  1035  1256 I chatty  : uid=1000(system) ActivityManager expire 3 lines
04-20 11:25:39.860  1035  5741 I chatty  : uid=1000(system) Binder:1035_1B expire 1 line
04-20 11:25:39.920  1035  1035 I chatty  : uid=1000 system_server expire 13 lines
04-20 11:25:40.945  1285  1611 D QMI_FW  : chen-screen off: is_screen_off = 1 
04-20 11:25:40.954  1268  1440 D QMI_FW  : chen-screen off: is_screen_off = 1 
04-20 11:25:51.328  1096  1096 W wificond: Scan aborted
04-20 11:25:52.628  2282 23905 I Telephony: : onDisconnect: callId=TC@8_1, cause=NORMAL
04-20 11:25:52.645  1035  2362 I chatty  : uid=1000(system) Binder:1035_9 expire 8 lines
04-20 11:25:52.661  2282  2282 I Telephony: PstnPhoneCapabilitiesNotifier: handleVideoCapabilitesChanged. Video capability - false
04-20 11:25:52.678  1035  2283 I chatty  : uid=1000(system) uteStateMachine expire 14 lines
04-20 11:25:52.678  1035  2288 I chatty  : uid=1000(system) CallAudioModeSt expire 5 lines
04-20 11:25:52.678  1035  1758 I chatty  : uid=1000(system) Binder:1035_6 expire 9 lines
04-20 11:25:52.681  1035  2268 I chatty  : uid=1000(system) BluetoothRouteM expire 3 lines
04-20 11:25:52.681  1035 24988 I chatty  : uid=1000 system_server expire 1 line
04-20 11:25:52.696  1035  1256 I chatty  : uid=1000(system) ActivityManager expire 18 lines
04-20 11:25:52.704  1035  3496 I chatty  : uid=1000(system) Binder:1035_14 expire 13 lines
04-20 11:25:52.711  1035  1035 I chatty  : uid=1000 system_server expire 15 lines
04-20 11:25:52.713  1035  5749 I chatty  : uid=1000(system) Binder:1035_20 expire 5 lines
04-20 11:25:52.758  1035  2362 I chatty  : uid=1000(system) Binder:1035_9 expire 2 lines
04-20 11:25:52.876  1035  1257 I chatty  : uid=1000(system) ActivityManager expire 3 lines
04-20 11:25:53.601  1035  2729 I chatty  : uid=1000(system) Binder:1035_11 expire 2 lines
04-20 11:25:53.844  1035  1312 I chatty  : uid=1000(system) PowerManagerSer expire 4 lines
04-20 11:25:53.860  1035  1196 I chatty  : uid=1000(system) android.display expire 2 lines
04-20 11:25:53.898  1268  1440 D QMI_FW  : chen-screen on: is_screen_off = 0 
04-20 11:25:53.902  1285  1611 D QMI_FW  : chen-screen on: is_screen_off = 0 
04-20 11:25:54.737  1035  1523 I chatty  : uid=1000(system) ConnectivitySer expire 16 lines
04-20 11:25:54.895  1035  2702 I chatty  : uid=1000(system) Binder:1035_D expire 1 line
04-20 11:25:55.960  2282  2282 I Telephony: PstnPhoneCapabilitiesNotifier: handleVideoCapabilitesChanged. Video capability - true
04-20 11:25:56.113  2282  2282 I Telephony: : onSubscriptionsChanged - update accounts
04-20 11:25:56.113  2282  2282 I Telephony: PstnIncomingCallNotifier: Unregistering: Handler (com.qualcomm.qti.internal.telephony.QtiGsmCdmaPhone) {7faf73a}
04-20 11:25:56.114  2282  2282 I Telephony: PstnIncomingCallNotifier: Unregistering: Handler (com.qualcomm.qti.internal.telephony.QtiGsmCdmaPhone) {e0b1feb}
04-20 11:25:56.116  2282  2282 I Telephony: TelecomAccountRegistry: setupAccounts: Found 2 phones.  Attempting to register.
04-20 11:25:56.116  2282  2282 I Telephony: TelecomAccountRegistry: setupAccounts: Phone with subscription id 1
04-20 11:25:56.126  2282  2282 I Telephony: AccountEntry: Registered phoneAccount: [[ ] PhoneAccount: ComponentInfo{com.android.phone/com.android.services.telephony.TelephonyConnectionService}, ***, UserHandle{0} Capabilities: SuppVideo Video CallProvider MultiUser PlaceEmerg SimSub  Audio Routes: BESW Schemes: tel voicemail  Extras: Bundle[{android.telecom.extra.SUPPORTS_VIDEO_CALLING_FALLBACK=true, android.telecom.extra.SORT_ORDER=0}] GroupId: ***] with handle: ComponentInfo{com.android.phone/com.android.services.telephony.TelephonyConnectionService}, ***, UserHandle{0}
04-20 11:25:56.126  2282  2282 I Telephony: PstnIncomingCallNotifier: Registering: Handler (com.qualcomm.qti.internal.telephony.QtiGsmCdmaPhone) {7faf73a}
04-20 11:25:56.127  2282  2282 I Telephony: TelecomAccountRegistry: setupAccounts: Phone with subscription id 2
04-20 11:25:56.141  2282  2282 I Telephony: AccountEntry: Registered phoneAccount: [[ ] PhoneAccount: ComponentInfo{com.android.phone/com.android.services.telephony.TelephonyConnectionService}, ***, UserHandle{0} Capabilities: SuppVideo Video CallProvider MultiUser PlaceEmerg SimSub  Audio Routes: BESW Schemes: tel voicemail  Extras: Bundle[{android.telecom.extra.SUPPORTS_VIDEO_CALLING_FALLBACK=true, android.telecom.extra.SORT_ORDER=1}] GroupId: ***] with handle: ComponentInfo{com.android.phone/com.android.services.telephony.TelephonyConnectionService}, ***, UserHandle{0}
04-20 11:25:56.141  2282  2282 I Telephony: PstnIncomingCallNotifier: Registering: Handler (com.qualcomm.qti.internal.telephony.QtiGsmCdmaPhone) {e0b1feb}
04-20 11:25:56.175  2282  2282 I Telephony: PstnPhoneCapabilitiesNotifier: handleVideoCapabilitesChanged. Video capability - true
04-20 11:25:56.191  2282  2282 I Telephony: PstnPhoneCapabilitiesNotifier: handleVideoCapabilitesChanged. Video capability - true
04-20 11:25:58.295  2282  2282 I Telephony: PstnPhoneCapabilitiesNotifier: handleVideoCapabilitesChanged. Video capability - false
04-20 11:25:58.993  1035  5747 I chatty  : uid=1000(system) Binder:1035_1E expire 1 line
04-20 11:26:03.528  2002  2002 W FingerprintManager: Invalid acquired message: 6, 0
04-20 11:26:03.593  1035  1035 I chatty  : uid=1000 system_server expire 5 lines
04-20 11:26:03.617  1035  1118 I chatty  : uid=1000(system) android.fg expire 3 lines
04-20 11:26:03.646  1035  2703 I chatty  : uid=1000(system) Binder:1035_E expire 1 line
04-20 11:26:03.824  1035  1256 I chatty  : uid=1000(system) ActivityManager expire 10 lines
04-20 11:26:03.834  1035  1254 I chatty  : uid=1000(system) android.bg expire 1 line
04-20 11:26:03.867  1035  1523 I chatty  : uid=1000(system) ConnectivitySer expire 14 lines
04-20 11:26:03.889  1035  1257 I chatty  : uid=1000(system) ActivityManager expire 3 lines
04-20 11:26:05.845  1035  1256 I chatty  : uid=1000(system) ActivityManager expire 11 lines
04-20 11:26:06.153  1035  1758 I chatty  : uid=1000(system) Binder:1035_6 expire 3 lines
04-20 11:26:06.154 25182 25182 E LoadedApk: Unable to instantiate appComponentFactory
04-20 11:26:06.154 25182 25182 E LoadedApk: java.lang.ClassNotFoundException: Didn't find class "androidx.core.app.CoreComponentFactory" on path: DexPathList[[zip file "/data/app/com.instagram.android-7bpvEUzK634KrVBInEJntQ==/base.apk", zip file "/data/app/com.instagram.android-7bpvEUzK634KrVBInEJntQ==/split_arservicesforpersonsegmentation.apk", zip file "/data/app/com.instagram.android-7bpvEUzK634KrVBInEJntQ==/split_caffe2.apk", zip file "/data/app/com.instagram.android-7bpvEUzK634KrVBInEJntQ==/split_slam.apk"],nativeLibraryDirectories=[/data/app/com.instagram.android-7bpvEUzK634KrVBInEJntQ==/lib/arm64, /data/app/com.instagram.android-7bpvEUzK634KrVBInEJntQ==/base.apk!/lib/arm64-v8a, /data/app/com.instagram.android-7bpvEUzK634KrVBInEJntQ==/split_arservicesforpersonsegmentation.apk!/lib/arm64-v8a, /data/app/com.instagram.android-7bpvEUzK634KrVBInEJntQ==/split_caffe2.apk!/lib/arm64-v8a, /data/app/com.instagram.android-7bpvEUzK634KrVBInEJntQ==/split_slam.apk!/lib/arm64-v8a, /system/lib64, /system/product/lib64]]
04-20 11:26:06.154 25182 25182 E LoadedApk: 	at dalvik.system.BaseDexClassLoader.findClass(BaseDexClassLoader.java:196)
04-20 11:26:06.154 25182 25182 E LoadedApk: 	at java.lang.ClassLoader.loadClass(ClassLoader.java:379)
04-20 11:26:06.154 25182 25182 E LoadedApk: 	at java.lang.ClassLoader.loadClass(ClassLoader.java:312)
04-20 11:26:06.154 25182 25182 E LoadedApk: 	at android.app.LoadedApk.createAppFactory(LoadedApk.java:256)
04-20 11:26:06.154 25182 25182 E LoadedApk: 	at android.app.LoadedApk.createOrUpdateClassLoaderLocked(LoadedApk.java:860)
04-20 11:26:06.154 25182 25182 E LoadedApk: 	at android.app.LoadedApk.getClassLoader(LoadedApk.java:955)
04-20 11:26:06.154 25182 25182 E LoadedApk: 	at android.app.LoadedApk.getResources(LoadedApk.java:1193)
04-20 11:26:06.154 25182 25182 E LoadedApk: 	at android.app.ContextImpl.createAppContext(ContextImpl.java:2462)
04-20 11:26:06.154 25182 25182 E LoadedApk: 	at android.app.ContextImpl.createAppContext(ContextImpl.java:2454)
04-20 11:26:06.154 25182 25182 E LoadedApk: 	at android.app.ActivityThread.handleBindApplication(ActivityThread.java:6353)
04-20 11:26:06.154 25182 25182 E LoadedApk: 	at android.app.ActivityThread.access$1300(ActivityThread.java:220)
04-20 11:26:06.154 25182 25182 E LoadedApk: 	at android.app.ActivityThread$H.handleMessage(ActivityThread.java:1860)
04-20 11:26:06.154 25182 25182 E LoadedApk: 	at android.os.Handler.dispatchMessage(Handler.java:107)
04-20 11:26:06.154 25182 25182 E LoadedApk: 	at android.os.Looper.loop(Looper.java:214)
04-20 11:26:06.154 25182 25182 E LoadedApk: 	at android.app.ActivityThread.main(ActivityThread.java:7397)
04-20 11:26:06.154 25182 25182 E LoadedApk: 	at java.lang.reflect.Method.invoke(Native Method)
04-20 11:26:06.154 25182 25182 E LoadedApk: 	at com.android.internal.os.RuntimeInit$MethodAndArgsCaller.run(RuntimeInit.java:492)
04-20 11:26:06.154 25182 25182 E LoadedApk: 	at com.android.internal.os.ZygoteInit.main(ZygoteInit.java:915)
04-20 11:26:06.154 25182 25182 E LoadedApk: 	Suppressed: java.io.IOException: No original dex files found for dex location /data/app/com.instagram.android-7bpvEUzK634KrVBInEJntQ==/split_arservicesforpersonsegmentation.apk
04-20 11:26:06.154 25182 25182 E LoadedApk: 		at dalvik.system.DexFile.openDexFileNative(Native Method)
04-20 11:26:06.154 25182 25182 E LoadedApk: 		at dalvik.system.DexFile.openDexFile(DexFile.java:365)
04-20 11:26:06.154 25182 25182 E LoadedApk: 		at dalvik.system.DexFile.<init>(DexFile.java:107)
04-20 11:26:06.154 25182 25182 E LoadedApk: 		at dalvik.system.DexFile.<init>(DexFile.java:80)
04-20 11:26:06.154 25182 25182 E LoadedApk: 		at dalvik.system.DexPathList.loadDexFile(DexPathList.java:444)
04-20 11:26:06.154 25182 25182 E LoadedApk: 		at dalvik.system.DexPathList.makeDexElements(DexPathList.java:403)
04-20 11:26:06.154 25182 25182 E LoadedApk: 		at dalvik.system.DexPathList.<init>(DexPathList.java:164)
04-20 11:26:06.154 25182 25182 E LoadedApk: 		at dalvik.system.BaseDexClassLoader.<init>(BaseDexClassLoader.java:126)
04-20 11:26:06.154 25182 25182 E LoadedApk: 		at dalvik.system.BaseDexClassLoader.<init>(BaseDexClassLoader.java:101)
04-20 11:26:06.154 25182 25182 E LoadedApk: 		at dalvik.system.PathClassLoader.<init>(PathClassLoader.java:74)
04-20 11:26:06.154 25182 25182 E LoadedApk: 		at com.android.internal.os.ClassLoaderFactory.createClassLoader(ClassLoaderFactory.java:87)
04-20 11:26:06.154 25182 25182 E LoadedApk: 		at com.android.internal.os.ClassLoaderFactory.createClassLoader(ClassLoaderFactory.java:116)
04-20 11:26:06.154 25182 25182 E LoadedApk: 		at android.app.ApplicationLoaders.getClassLoader(ApplicationLoaders.java:114)
04-20 11:26:06.154 25182 25182 E LoadedApk: 		at android.app.ApplicationLoaders.getClassLoaderWithSharedLibraries(ApplicationLoaders.java:60)
04-20 11:26:06.154 25182 25182 E LoadedApk: 		at android.app.LoadedApk.createOrUpdateClassLoaderLocked(LoadedApk.java:856)
04-20 11:26:06.154 25182 25182 E LoadedApk: 		... 13 more
04-20 11:26:06.154 25182 25182 E LoadedApk: 	Suppressed: java.io.IOException: No original dex files found for dex location /data/app/com.instagram.android-7bpvEUzK634KrVBInEJntQ==/split_caffe2.apk
04-20 11:26:06.154 25182 25182 E LoadedApk: 		at dalvik.system.DexFile.openDexFileNative(Native Method)
04-20 11:26:06.154 25182 25182 E LoadedApk: 		at dalvik.system.DexFile.openDexFile(DexFile.java:365)
04-20 11:26:06.154 25182 25182 E LoadedApk: 		at dalvik.system.DexFile.<init>(DexFile.java:107)
04-20 11:26:06.154 25182 25182 E LoadedApk: 		at dalvik.system.DexFile.<init>(DexFile.java:80)
04-20 11:26:06.154 25182 25182 E LoadedApk: 		at dalvik.system.DexPathList.loadDexFile(DexPathList.java:444)
04-20 11:26:06.154 25182 25182 E LoadedApk: 		at dalvik.system.DexPathList.makeDexElements(DexPathList.java:403)
04-20 11:26:06.154 25182 25182 E LoadedApk: 		at dalvik.system.DexPathList.<init>(DexPathList.java:164)
04-20 11:26:06.154 25182 25182 E LoadedApk: 		at dalvik.system.Base
04-20 11:26:07.195  1035  2703 I chatty  : uid=1000(system) Binder:1035_E expire 3 lines
04-20 11:26:22.234  2282  2282 I Telephony: PstnPhoneCapabilitiesNotifier: handleVideoCapabilitesChanged. Video capability - true
04-20 11:26:22.247  1035  5749 I chatty  : uid=1000(system) Binder:1035_20 expire 3 lines
04-20 11:26:24.561  1035  1509 I chatty  : uid=1000(system) InputReader expire 2 lines
04-20 11:26:24.562  1035  1035 I chatty  : uid=1000 system_server expire 12 lines
04-20 11:26:25.015  1035  1312 I chatty  : uid=1000(system) PowerManagerSer expire 10 lines
04-20 11:26:25.086  1035  1284 I chatty  : uid=1000(system) batterystats-wo expire 5 lines
04-20 11:26:25.104  1035  1196 I chatty  : uid=1000(system) android.display expire 4 lines
04-20 11:26:25.128  1268  1440 D QMI_FW  : chen-screen off: is_screen_off = 1 
04-20 11:26:25.132  1285  1611 D QMI_FW  : chen-screen off: is_screen_off = 1 
04-20 11:26:25.390  1035  1118 I chatty  : uid=1000(system) android.fg expire 1 line
04-20 11:26:37.363  1035  3496 I chatty  : uid=1000(system) Binder:1035_14 expire 7 lines
04-20 11:26:38.359  2389  4177 D TextClassifierService: No configured system TextClassifierService
04-20 11:26:38.427  2389  4177 I chatty  : uid=10144(android.ext.services) pool-2-thread-1 identical 12 lines
04-20 11:26:38.432  2389  4177 D TextClassifierService: No configured system TextClassifierService
04-20 11:26:38.791  1285  1611 D QMI_FW  : chen-screen on: is_screen_off = 0 
04-20 11:26:38.791  1268  1440 D QMI_FW  : chen-screen on: is_screen_off = 0 
04-20 11:26:38.983  2282  2282 I Telephony: : onSubscriptionsChanged - update accounts
04-20 11:26:38.983  2282  2282 I Telephony: PstnIncomingCallNotifier: Unregistering: Handler (com.qualcomm.qti.internal.telephony.QtiGsmCdmaPhone) {7faf73a}
04-20 11:26:38.986  2282  2282 I Telephony: PstnIncomingCallNotifier: Unregistering: Handler (com.qualcomm.qti.internal.telephony.QtiGsmCdmaPhone) {e0b1feb}
04-20 11:26:38.987  2282  2282 I Telephony: TelecomAccountRegistry: setupAccounts: Found 2 phones.  Attempting to register.
04-20 11:26:38.987  2282  2282 I Telephony: TelecomAccountRegistry: setupAccounts: Phone with subscription id 1
04-20 11:26:39.000  2282  2282 I Telephony: AccountEntry: Registered phoneAccount: [[ ] PhoneAccount: ComponentInfo{com.android.phone/com.android.services.telephony.TelephonyConnectionService}, ***, UserHandle{0} Capabilities: SuppVideo Video CallProvider MultiUser PlaceEmerg SimSub  Audio Routes: BESW Schemes: tel voicemail  Extras: Bundle[{android.telecom.extra.SUPPORTS_VIDEO_CALLING_FALLBACK=true, android.telecom.extra.SORT_ORDER=0}] GroupId: ***] with handle: ComponentInfo{com.android.phone/com.android.services.telephony.TelephonyConnectionService}, ***, UserHandle{0}
04-20 11:26:39.000  2282  2282 I Telephony: PstnIncomingCallNotifier: Registering: Handler (com.qualcomm.qti.internal.telephony.QtiGsmCdmaPhone) {7faf73a}
04-20 11:26:39.001  1035  1516 I chatty  : uid=1000(system) NetworkPolicy expire 1 line
04-20 11:26:39.002  2282  2282 I Telephony: TelecomAccountRegistry: setupAccounts: Phone with subscription id 2
04-20 11:26:39.023  2282  2282 I Telephony: AccountEntry: Registered phoneAccount: [[ ] PhoneAccount: ComponentInfo{com.android.phone/com.android.services.telephony.TelephonyConnectionService}, ***, UserHandle{0} Capabilities: SuppVideo Video CallProvider MultiUser PlaceEmerg SimSub  Audio Routes: BESW Schemes: tel voicemail  Extras: Bundle[{android.telecom.extra.SUPPORTS_VIDEO_CALLING_FALLBACK=true, android.telecom.extra.SORT_ORDER=1}] GroupId: ***] with handle: ComponentInfo{com.android.phone/com.android.services.telephony.TelephonyConnectionService}, ***, UserHandle{0}
04-20 11:26:39.023  2282  2282 I Telephony: PstnIncomingCallNotifier: Registering: Handler (com.qualcomm.qti.internal.telephony.QtiGsmCdmaPhone) {e0b1feb}
04-20 11:26:39.074  2282  2282 I Telephony: PstnPhoneCapabilitiesNotifier: handleVideoCapabilitesChanged. Video capability - true
04-20 11:26:39.095  1035  5747 I chatty  : uid=1000(system) Binder:1035_1E expire 4 lines
04-20 11:26:39.098  2282  2282 I Telephony: PstnPhoneCapabilitiesNotifier: handleVideoCapabilitesChanged. Video capability - true
04-20 11:26:39.128  1035  5734 I chatty  : uid=1000(system) Binder:1035_17 expire 1 line
04-20 11:26:39.128  1035  1523 I chatty  : uid=1000(system) ConnectivitySer expire 1 line
04-20 11:26:44.379  1035  1312 I chatty  : uid=1000(system) PowerManagerSer expire 3 lines
04-20 11:26:44.465  1285  1611 D QMI_FW  : chen-screen off: is_screen_off = 1 
04-20 11:26:44.473  1268  1440 D QMI_FW  : chen-screen off: is_screen_off = 1 
04-20 11:26:48.037  1035  1256 I chatty  : uid=1000(system) ActivityManager expire 8 lines
04-20 11:26:57.348  2389  4177 D TextClassifierService: No configured system TextClassifierService
04-20 11:26:57.484  2389  4177 D TextClassifierService: No configured system TextClassifierService
04-20 11:27:04.593  1035  2283 I chatty  : uid=1000(system) uteStateMachine expire 22 lines
04-20 11:27:04.593  1035  2268 I chatty  : uid=1000(system) BluetoothRouteM expire 2 lines
04-20 11:27:04.876  1035  3494 I chatty  : uid=1000(system) Binder:1035_13 expire 2 lines
04-20 11:27:05.109  1035  1054 I chatty  : uid=1000(system) Binder:1035_1 expire 3 lines
04-20 11:27:05.733  1035  1035 I chatty  : uid=1000 system_server expire 12 lines
04-20 11:27:05.735  1035  1257 I chatty  : uid=1000(system) ActivityManager expire 5 lines
04-20 11:27:07.182  1035  2729 I chatty  : uid=1000(system) Binder:1035_11 expire 4 lines
04-20 11:27:08.712  1035  2268 I chatty  : uid=1000(system) BluetoothRouteM expire 1 line
04-20 11:27:08.713  1035  2283 I chatty  : uid=1000(system) uteStateMachine expire 12 lines
04-20 11:27:08.739  1035  1256 I chatty  : uid=1000(system) ActivityManager expire 15 lines
04-20 11:27:08.782  1035  5749 I chatty  : uid=1000(system) Binder:1035_20 expire 1 line
04-20 11:27:10.156  1035  1523 I chatty  : uid=1000(system) ConnectivitySer expire 22 lines
04-20 11:27:35.451  1035  1284 I chatty  : uid=1000(system) batterystats-wo expire 10 lines
04-20 11:27:58.052  1035  5746 I chatty  : uid=1000(system) Binder:1035_1D expire 1 line
04-20 11:27:58.102  1035  5735 I chatty  : uid=1000(system) Binder:1035_18 expire 3 lines
04-20 11:28:06.462  2389  4177 D TextClassifierService: No configured system TextClassifierService
04-20 11:28:06.495  2389  4177 I chatty  : uid=10144(android.ext.services) pool-2-thread-1 identical 20 lines
04-20 11:28:06.501  2389  4177 D TextClassifierService: No configured system TextClassifierService
04-20 11:28:07.612  1035  1035 I chatty  : uid=1000 system_server expire 12 lines
04-20 11:28:07.727  2389  4177 D TextClassifierService: No configured system TextClassifierService
04-20 11:28:07.835  2389  4177 D TextClassifierService: No configured system TextClassifierService
04-20 11:28:10.576  2389  4177 D TextClassifierService: No configured system TextClassifierService
04-20 11:28:10.676  2389  4177 D TextClassifierService: No configured system TextClassifierService
04-20 11:28:16.007  2389  4177 D TextClassifierService: No configured system TextClassifierService
04-20 11:28:16.049  2389  4177 D TextClassifierService: No configured system TextClassifierService
04-20 11:29:27.119  1035  1254 I chatty  : uid=1000(system) android.bg expire 1 line
04-20 11:29:54.957  1035  1509 I chatty  : uid=1000(system) InputReader expire 2 lines
04-20 11:29:54.982  1035  1312 I chatty  : uid=1000(system) PowerManagerSer expire 4 lines
04-20 11:29:55.010  1035  1196 I chatty  : uid=1000(system) android.display expire 1 line
04-20 11:29:55.054  1268  1440 D QMI_FW  : chen-screen on: is_screen_off = 0 
04-20 11:29:55.060  1285  1611 D QMI_FW  : chen-screen on: is_screen_off = 0 
04-20 11:29:55.142  1035  1118 I chatty  : uid=1000(system) android.fg expire 3 lines
04-20 11:29:55.183  1035  1256 I chatty  : uid=1000(system) ActivityManager expire 5 lines
04-20 11:29:56.414  1035  5747 I chatty  : uid=1000(system) Binder:1035_1E expire 3 lines
04-20 11:29:58.055  1035  1035 I chatty  : uid=1000 system_server expire 10 lines
04-20 11:29:58.629  1035  1256 I chatty  : uid=1000(system) ActivityManager expire 37 lines
04-20 11:29:58.986 25854 25854 E LoadedApk: Unable to instantiate appComponentFactory
04-20 11:29:58.986 25854 25854 E LoadedApk: java.lang.ClassNotFoundException: Didn't find class "androidx.core.app.CoreComponentFactory" on path: DexPathList[[zip file "/data/app/com.facebook.katana-OkCyUTf2Cdmq6p570nRIkQ==/base.apk", zip file "/data/app/com.facebook.katana-OkCyUTf2Cdmq6p570nRIkQ==/split_arservicesoptional.apk", zip file "/data/app/com.facebook.katana-OkCyUTf2Cdmq6p570nRIkQ==/split_caffe2.apk", zip file "/data/app/com.facebook.katana-OkCyUTf2Cdmq6p570nRIkQ==/split_cgnativeplayer.apk", zip file "/data/app/com.facebook.katana-OkCyUTf2Cdmq6p570nRIkQ==/split_slam.apk"],nativeLibraryDirectories=[/data/app/com.facebook.katana-OkCyUTf2Cdmq6p570nRIkQ==/lib/arm64, /data/app/com.facebook.katana-OkCyUTf2Cdmq6p570nRIkQ==/base.apk!/lib/arm64-v8a, /data/app/com.facebook.katana-OkCyUTf2Cdmq6p570nRIkQ==/split_arservicesoptional.apk!/lib/arm64-v8a, /data/app/com.facebook.katana-OkCyUTf2Cdmq6p570nRIkQ==/split_caffe2.apk!/lib/arm64-v8a, /data/app/com.facebook.katana-OkCyUTf2Cdmq6p570nRIkQ==/split_cgnativeplayer.apk!/lib/arm64-v8a, /data/app/com.facebook.katana-OkCyUTf2Cdmq6p570nRIkQ==/split_slam.apk!/lib/arm64-v8a, /system/lib64, /system/product/lib64]]
04-20 11:29:58.986 25854 25854 E LoadedApk: 	at dalvik.system.BaseDexClassLoader.findClass(BaseDexClassLoader.java:196)
04-20 11:29:58.986 25854 25854 E LoadedApk: 	at java.lang.ClassLoader.loadClass(ClassLoader.java:379)
04-20 11:29:58.986 25854 25854 E LoadedApk: 	at java.lang.ClassLoader.loadClass(ClassLoader.java:312)
04-20 11:29:58.986 25854 25854 E LoadedApk: 	at android.app.LoadedApk.createAppFactory(LoadedApk.java:256)
04-20 11:29:58.986 25854 25854 E LoadedApk: 	at android.app.LoadedApk.createOrUpdateClassLoaderLocked(LoadedApk.java:860)
04-20 11:29:58.986 25854 25854 E LoadedApk: 	at android.app.LoadedApk.getClassLoader(LoadedApk.java:955)
04-20 11:29:58.986 25854 25854 E LoadedApk: 	at android.app.LoadedApk.getResources(LoadedApk.java:1193)
04-20 11:29:58.986 25854 25854 E LoadedApk: 	at android.app.ContextImpl.createAppContext(ContextImpl.java:2462)
04-20 11:29:58.986 25854 25854 E LoadedApk: 	at android.app.ContextImpl.createAppContext(ContextImpl.java:2454)
04-20 11:29:58.986 25854 25854 E LoadedApk: 	at android.app.ActivityThread.handleBindApplication(ActivityThread.java:6353)
04-20 11:29:58.986 25854 25854 E LoadedApk: 	at android.app.ActivityThread.access$1300(ActivityThread.java:220)
04-20 11:29:58.986 25854 25854 E LoadedApk: 	at android.app.ActivityThread$H.handleMessage(ActivityThread.java:1860)
04-20 11:29:58.986 25854 25854 E LoadedApk: 	at android.os.Handler.dispatchMessage(Handler.java:107)
04-20 11:29:58.986 25854 25854 E LoadedApk: 	at android.os.Looper.loop(Looper.java:214)
04-20 11:29:58.986 25854 25854 E LoadedApk: 	at android.app.ActivityThread.main(ActivityThread.java:7397)
04-20 11:29:58.986 25854 25854 E LoadedApk: 	at java.lang.reflect.Method.invoke(Native Method)
04-20 11:29:58.986 25854 25854 E LoadedApk: 	at com.android.internal.os.RuntimeInit$MethodAndArgsCaller.run(RuntimeInit.java:492)
04-20 11:29:58.986 25854 25854 E LoadedApk: 	at com.android.internal.os.ZygoteInit.main(ZygoteInit.java:915)
04-20 11:29:58.986 25854 25854 E LoadedApk: 	Suppressed: java.io.IOException: No original dex files found for dex location /data/app/com.facebook.katana-OkCyUTf2Cdmq6p570nRIkQ==/split_arservicesoptional.apk
04-20 11:29:58.986 25854 25854 E LoadedApk: 		at dalvik.system.DexFile.openDexFileNative(Native Method)
04-20 11:29:58.986 25854 25854 E LoadedApk: 		at dalvik.system.DexFile.openDexFile(DexFile.java:365)
04-20 11:29:58.986 25854 25854 E LoadedApk: 		at dalvik.system.DexFile.<init>(DexFile.java:107)
04-20 11:29:58.986 25854 25854 E LoadedApk: 		at dalvik.system.DexFile.<init>(DexFile.java:80)
04-20 11:29:58.986 25854 25854 E LoadedApk: 		at dalvik.system.DexPathList.loadDexFile(DexPathList.java:444)
04-20 11:29:58.986 25854 25854 E LoadedApk: 		at dalvik.system.DexPathList.makeDexElements(DexPathList.java:403)
04-20 11:29:58.986 25854 25854 E LoadedApk: 		at dalvik.system.DexPathList.<init>(DexPathList.java:164)
04-20 11:29:58.986 25854 25854 E LoadedApk: 		at dalvik.system.BaseDexClassLoader.<init>(BaseDexClassLoader.java:126)
04-20 11:29:58.986 25854 25854 E LoadedApk: 		at dalvik.system.BaseDexClassLoader.<init>(BaseDexClassLoader.java:101)
04-20 11:29:58.986 25854 25854 E LoadedApk: 		at dalvik.system.PathClassLoader.<init>(PathClassLoader.java:74)
04-20 11:29:58.986 25854 25854 E LoadedApk: 		at com.android.internal.os.ClassLoaderFactory.createClassLoader(ClassLoaderFactory.java:87)
04-20 11:29:58.986 25854 25854 E LoadedApk: 		at com.android.internal.os.ClassLoaderFactory.createClassLoader(ClassLoaderFactory.java:116)
04-20 11:29:58.986 25854 25854 E LoadedApk: 		at android.app.ApplicationLoaders.getClassLoader(ApplicationLoaders.java:114)
04-20 11:29:58.986 25854 25854 E LoadedApk: 		at android.app.ApplicationLoaders.getClassLoaderWithSharedLibraries(ApplicationLoaders.java:60)
04-20 11:29:58.986 25854 25854 E LoadedApk: 		at android.app.LoadedApk.createOrUpdateClassLoaderLocked(LoadedApk.java:856)
04-20 11:29:58.986 25854 25854 E LoadedApk: 		... 13 more
04-20 11:29:58.986 25854 25854 E LoadedApk: 	Suppressed: java.io.IOException: No original dex files found for dex location /data/app/com.facebook.katana-OkCyUTf2Cdmq6p570nRIkQ==/split_caffe2.apk
04-20 11:29:58.986 25854 25854 E LoadedApk: 		at dalvik.system.DexFile.openDexFileNative(Native Method)
04-20 11:29:58.986 25854 25854 E LoadedApk: 		at dalvik.system.DexFile.openDexFile(DexFile.java:365)
04-20 11:29:58.986 25854 25854 E LoadedApk: 		at dalvik.system.DexFile.<init>(DexFile.java:107)
04-20 11:29:58.986 25854 25854 E LoadedApk: 		at dalvik.system.DexFile.<init>(DexFile.java:80)
04-20 11:29:58.986 25854 25854 E LoadedApk: 		at dalvik.system.DexPathList.loadDexFile(DexPathList.java:444)
04-20 11:29:58.986 25854 25854 E LoadedApk: 		at dalvik.system.DexPat
04-20 11:29:59.523   819   819 E android.hardware.wifi@1.0-service: Failed to open directory: Permission denied
04-20 11:29:59.523   819   819 E android.hardware.wifi@1.0-service: Error occurred while deleting old tombstone files
04-20 11:29:59.523   819   819 E android.hardware.wifi@1.0-service: Error writing files to flash
04-20 11:29:59.532  1035  1523 I chatty  : uid=1000(system) ConnectivitySer expire 35 lines
04-20 11:29:59.575  1035  1284 I chatty  : uid=1000(system) batterystats-wo expire 5 lines
04-20 11:29:59.633  1035  5743 I chatty  : uid=1000(system) Binder:1035_1C expire 1 line
04-20 11:29:59.635  1035  5746 I chatty  : uid=1000(system) Binder:1035_1D expire 6 lines
04-20 11:29:59.635  1035  2702 I chatty  : uid=1000(system) Binder:1035_D expire 4 lines
04-20 11:29:59.644  1035  3014 I chatty  : uid=1000(system) Binder:1035_12 expire 2 lines
04-20 11:29:59.656  1035  5735 I chatty  : uid=1000(system) Binder:1035_18 expire 5 lines
04-20 11:29:59.656  1035  2663 I chatty  : uid=1000(system) Binder:1035_A expire 1 line
04-20 11:29:59.716  1035  1257 I chatty  : uid=1000(system) ActivityManager expire 3 lines
04-20 11:29:59.731  1035  1553 I chatty  : uid=1000(system) Binder:1035_4 expire 2 lines
04-20 11:30:00.028  2282  2282 I Telephony: PstnPhoneCapabilitiesNotifier: handleVideoCapabilitesChanged. Video capability - false
04-20 11:30:00.162  2282  2282 I Telephony: PstnPhoneCapabilitiesNotifier: handleVideoCapabilitesChanged. Video capability - false
04-20 11:30:00.796  1096  1096 W wificond: Scan is not started. Ignore abort request
04-20 11:30:01.307  1035  5741 I chatty  : uid=1000(system) Binder:1035_1B expire 3 lines
04-20 11:30:02.059  2282  2282 I Telephony: PstnPhoneCapabilitiesNotifier: handleVideoCapabilitesChanged. Video capability - true
04-20 11:30:02.601 26076 26076 E LoadedApk: Unable to instantiate appComponentFactory
04-20 11:30:02.601 26076 26076 E LoadedApk: java.lang.ClassNotFoundException: Didn't find class "androidx.core.app.CoreComponentFactory" on path: DexPathList[[zip file "/data/app/com.instagram.android-7bpvEUzK634KrVBInEJntQ==/base.apk", zip file "/data/app/com.instagram.android-7bpvEUzK634KrVBInEJntQ==/split_arservicesforpersonsegmentation.apk", zip file "/data/app/com.instagram.android-7bpvEUzK634KrVBInEJntQ==/split_caffe2.apk", zip file "/data/app/com.instagram.android-7bpvEUzK634KrVBInEJntQ==/split_slam.apk"],nativeLibraryDirectories=[/data/app/com.instagram.android-7bpvEUzK634KrVBInEJntQ==/lib/arm64, /data/app/com.instagram.android-7bpvEUzK634KrVBInEJntQ==/base.apk!/lib/arm64-v8a, /data/app/com.instagram.android-7bpvEUzK634KrVBInEJntQ==/split_arservicesforpersonsegmentation.apk!/lib/arm64-v8a, /data/app/com.instagram.android-7bpvEUzK634KrVBInEJntQ==/split_caffe2.apk!/lib/arm64-v8a, /data/app/com.instagram.android-7bpvEUzK634KrVBInEJntQ==/split_slam.apk!/lib/arm64-v8a, /system/lib64, /system/product/lib64]]
04-20 11:30:02.601 26076 26076 E LoadedApk: 	at dalvik.system.BaseDexClassLoader.findClass(BaseDexClassLoader.java:196)
04-20 11:30:02.601 26076 26076 E LoadedApk: 	at java.lang.ClassLoader.loadClass(ClassLoader.java:379)
04-20 11:30:02.601 26076 26076 E LoadedApk: 	at java.lang.ClassLoader.loadClass(ClassLoader.java:312)
04-20 11:30:02.601 26076 26076 E LoadedApk: 	at android.app.LoadedApk.createAppFactory(LoadedApk.java:256)
04-20 11:30:02.601 26076 26076 E LoadedApk: 	at android.app.LoadedApk.createOrUpdateClassLoaderLocked(LoadedApk.java:860)
04-20 11:30:02.601 26076 26076 E LoadedApk: 	at android.app.LoadedApk.getClassLoader(LoadedApk.java:955)
04-20 11:30:02.601 26076 26076 E LoadedApk: 	at android.app.LoadedApk.getResources(LoadedApk.java:1193)
04-20 11:30:02.601 26076 26076 E LoadedApk: 	at android.app.ContextImpl.createAppContext(ContextImpl.java:2462)
04-20 11:30:02.601 26076 26076 E LoadedApk: 	at android.app.ContextImpl.createAppContext(ContextImpl.java:2454)
04-20 11:30:02.601 26076 26076 E LoadedApk: 	at android.app.ActivityThread.handleBindApplication(ActivityThread.java:6353)
04-20 11:30:02.601 26076 26076 E LoadedApk: 	at android.app.ActivityThread.access$1300(ActivityThread.java:220)
04-20 11:30:02.601 26076 26076 E LoadedApk: 	at android.app.ActivityThread$H.handleMessage(ActivityThread.java:1860)
04-20 11:30:02.601 26076 26076 E LoadedApk: 	at android.os.Handler.dispatchMessage(Handler.java:107)
04-20 11:30:02.601 26076 26076 E LoadedApk: 	at android.os.Looper.loop(Looper.java:214)
04-20 11:30:02.601 26076 26076 E LoadedApk: 	at android.app.ActivityThread.main(ActivityThread.java:7397)
04-20 11:30:02.601 26076 26076 E LoadedApk: 	at java.lang.reflect.Method.invoke(Native Method)
04-20 11:30:02.601 26076 26076 E LoadedApk: 	at com.android.internal.os.RuntimeInit$MethodAndArgsCaller.run(RuntimeInit.java:492)
04-20 11:30:02.601 26076 26076 E LoadedApk: 	at com.android.internal.os.ZygoteInit.main(ZygoteInit.java:915)
04-20 11:30:02.601 26076 26076 E LoadedApk: 	Suppressed: java.io.IOException: No original dex files found for dex location /data/app/com.instagram.android-7bpvEUzK634KrVBInEJntQ==/split_arservicesforpersonsegmentation.apk
04-20 11:30:02.601 26076 26076 E LoadedApk: 		at dalvik.system.DexFile.openDexFileNative(Native Method)
04-20 11:30:02.601 26076 26076 E LoadedApk: 		at dalvik.system.DexFile.openDexFile(DexFile.java:365)
04-20 11:30:02.601 26076 26076 E LoadedApk: 		at dalvik.system.DexFile.<init>(DexFile.java:107)
04-20 11:30:02.601 26076 26076 E LoadedApk: 		at dalvik.system.DexFile.<init>(DexFile.java:80)
04-20 11:30:02.601 26076 26076 E LoadedApk: 		at dalvik.system.DexPathList.loadDexFile(DexPathList.java:444)
04-20 11:30:02.601 26076 26076 E LoadedApk: 		at dalvik.system.DexPathList.makeDexElements(DexPathList.java:403)
04-20 11:30:02.601 26076 26076 E LoadedApk: 		at dalvik.system.DexPathList.<init>(DexPathList.java:164)
04-20 11:30:02.601 26076 26076 E LoadedApk: 		at dalvik.system.BaseDexClassLoader.<init>(BaseDexClassLoader.java:126)
04-20 11:30:02.601 26076 26076 E LoadedApk: 		at dalvik.system.BaseDexClassLoader.<init>(BaseDexClassLoader.java:101)
04-20 11:30:02.601 26076 26076 E LoadedApk: 		at dalvik.system.PathClassLoader.<init>(PathClassLoader.java:74)
04-20 11:30:02.601 26076 26076 E LoadedApk: 		at com.android.internal.os.ClassLoaderFactory.createClassLoader(ClassLoaderFactory.java:87)
04-20 11:30:02.601 26076 26076 E LoadedApk: 		at com.android.internal.os.ClassLoaderFactory.createClassLoader(ClassLoaderFactory.java:116)
04-20 11:30:02.601 26076 26076 E LoadedApk: 		at android.app.ApplicationLoaders.getClassLoader(ApplicationLoaders.java:114)
04-20 11:30:02.601 26076 26076 E LoadedApk: 		at android.app.ApplicationLoaders.getClassLoaderWithSharedLibraries(ApplicationLoaders.java:60)
04-20 11:30:02.601 26076 26076 E LoadedApk: 		at android.app.LoadedApk.createOrUpdateClassLoaderLocked(LoadedApk.java:856)
04-20 11:30:02.601 26076 26076 E LoadedApk: 		... 13 more
04-20 11:30:02.601 26076 26076 E LoadedApk: 	Suppressed: java.io.IOException: No original dex files found for dex location /data/app/com.instagram.android-7bpvEUzK634KrVBInEJntQ==/split_caffe2.apk
04-20 11:30:02.601 26076 26076 E LoadedApk: 		at dalvik.system.DexFile.openDexFileNative(Native Method)
04-20 11:30:02.601 26076 26076 E LoadedApk: 		at dalvik.system.DexFile.openDexFile(DexFile.java:365)
04-20 11:30:02.601 26076 26076 E LoadedApk: 		at dalvik.system.DexFile.<init>(DexFile.java:107)
04-20 11:30:02.601 26076 26076 E LoadedApk: 		at dalvik.system.DexFile.<init>(DexFile.java:80)
04-20 11:30:02.601 26076 26076 E LoadedApk: 		at dalvik.system.DexPathList.loadDexFile(DexPathList.java:444)
04-20 11:30:02.601 26076 26076 E LoadedApk: 		at dalvik.system.DexPathList.makeDexElements(DexPathList.java:403)
04-20 11:30:02.601 26076 26076 E LoadedApk: 		at dalvik.system.DexPathList.<init>(DexPathList.java:164)
04-20 11:30:02.601 26076 26076 E LoadedApk: 		at dalvik.system.Base
04-20 11:30:02.611  1096  1096 I wificond: Received external scan result notification from kernel.
04-20 11:30:02.672  1035  1054 I chatty  : uid=1000(system) Binder:1035_1 expire 1 line
04-20 11:30:03.843  1035  1519 I chatty  : uid=1000(system) ClientModeImpl expire 1 line
04-20 11:30:04.845   711  1295 E NetlinkEvent: NetlinkEvent::FindParam(): Parameter 'INTERFACE' not found
04-20 11:30:04.845   711  1295 E NetlinkEvent: NetlinkEvent::FindParam(): Parameter 'STATE' not found
04-20 11:30:04.845   711  1295 E NetlinkEvent: NetlinkEvent::FindParam(): Parameter 'TIME_NS' not found
04-20 11:30:04.845   711  1295 E NetlinkEvent: NetlinkEvent::FindParam(): Parameter 'UID' not found
04-20 11:30:04.925  1035  5734 I chatty  : uid=1000(system) Binder:1035_17 expire 1 line
04-20 11:30:04.935  1035  2703 I chatty  : uid=1000(system) Binder:1035_E expire 2 lines
04-20 11:30:05.213  1035  1516 I chatty  : uid=1000(system) NetworkPolicy expire 2 lines
04-20 11:30:05.894  1035  1312 I chatty  : uid=1000(system) PowerManagerSer expire 2 lines
04-20 11:30:06.820  2389  4177 D TextClassifierService: No configured system TextClassifierService
04-20 11:30:06.844  2389  4177 I chatty  : uid=10144(android.ext.services) pool-2-thread-1 identical 4 lines
04-20 11:30:06.849  2389  4177 D TextClassifierService: No configured system TextClassifierService
04-20 11:30:06.970  2389  4177 D TextClassifierService: No configured system TextClassifierService
04-20 11:30:07.011  2389  4177 D TextClassifierService: No configured system TextClassifierService
04-20 11:30:07.560  2002  2002 W FingerprintManager: Invalid acquired message: 6, 0
04-20 11:30:07.989  1035  1196 I chatty  : uid=1000(system) android.display expire 1 line
04-20 11:30:08.020  1035  1254 I chatty  : uid=1000(system) android.bg expire 1 line
04-20 11:30:08.022  1035  5749 I chatty  : uid=1000(system) Binder:1035_20 expire 4 lines
04-20 11:30:08.035  1035  1523 I chatty  : uid=1000(system) ConnectivitySer expire 31 lines
04-20 11:30:08.094  1035  5734 I chatty  : uid=1000(system) Binder:1035_17 expire 5 lines
04-20 11:30:08.345  1035  2706 I chatty  : uid=1000(system) Binder:1035_10 expire 1 line
04-20 11:30:08.413  1035  1257 I chatty  : uid=1000(system) ActivityManager expire 7 lines
04-20 11:30:08.781  1035  5735 I chatty  : uid=1000(system) Binder:1035_18 expire 5 lines
04-20 11:30:09.061  1035  1745 I chatty  : uid=1000(system) Binder:1035_5 expire 9 lines
04-20 11:30:09.061  1035  2704 I chatty  : uid=1000(system) Binder:1035_F expire 2 lines
04-20 11:30:10.086 26410 26410 E LoadedApk: Unable to instantiate appComponentFactory
